ARM GAS  C:\Users\hasur\AppData\Local\Temp\ccPfmuIo.s 			page 1


   1              		.syntax unified
   2              		.cpu cortex-m0
   3              		.fpu softvfp
   4              		.eabi_attribute 20, 1
   5              		.eabi_attribute 21, 1
   6              		.eabi_attribute 23, 3
   7              		.eabi_attribute 24, 1
   8              		.eabi_attribute 25, 1
   9              		.eabi_attribute 26, 1
  10              		.eabi_attribute 30, 6
  11              		.eabi_attribute 34, 0
  12              		.eabi_attribute 18, 4
  13              		.thumb
  14              		.syntax unified
  15              		.file	"cyfitter_cfg.c"
  16              		.text
  17              	.Ltext0:
  18              		.cfi_sections	.debug_frame
  19              		.section	.text.CYMEMZERO,"ax",%progbits
  20              		.align	2
  21              		.code	16
  22              		.thumb_func
  23              		.type	CYMEMZERO, %function
  24              	CYMEMZERO:
  25              	.LFB2:
  26              		.file 1 "Generated_Source\\PSoC4\\cyfitter_cfg.c"
   1:Generated_Source\PSoC4/cyfitter_cfg.c **** 
   2:Generated_Source\PSoC4/cyfitter_cfg.c **** /*******************************************************************************
   3:Generated_Source\PSoC4/cyfitter_cfg.c **** * File Name: cyfitter_cfg.c
   4:Generated_Source\PSoC4/cyfitter_cfg.c **** * 
   5:Generated_Source\PSoC4/cyfitter_cfg.c **** * PSoC Creator  4.1
   6:Generated_Source\PSoC4/cyfitter_cfg.c **** *
   7:Generated_Source\PSoC4/cyfitter_cfg.c **** * Description:
   8:Generated_Source\PSoC4/cyfitter_cfg.c **** * This file contains device initialization code.
   9:Generated_Source\PSoC4/cyfitter_cfg.c **** * Except for the user defined sections in CyClockStartupError(), this file should not be modified.
  10:Generated_Source\PSoC4/cyfitter_cfg.c **** * This file is automatically generated by PSoC Creator.
  11:Generated_Source\PSoC4/cyfitter_cfg.c **** *
  12:Generated_Source\PSoC4/cyfitter_cfg.c **** ********************************************************************************
  13:Generated_Source\PSoC4/cyfitter_cfg.c **** * Copyright (c) 2007-2017 Cypress Semiconductor.  All rights reserved.
  14:Generated_Source\PSoC4/cyfitter_cfg.c **** * You may use this file only in accordance with the license, terms, conditions, 
  15:Generated_Source\PSoC4/cyfitter_cfg.c **** * disclaimers, and limitations in the end user license agreement accompanying 
  16:Generated_Source\PSoC4/cyfitter_cfg.c **** * the software package with which this file was provided.
  17:Generated_Source\PSoC4/cyfitter_cfg.c **** ********************************************************************************/
  18:Generated_Source\PSoC4/cyfitter_cfg.c **** 
  19:Generated_Source\PSoC4/cyfitter_cfg.c **** #include <string.h>
  20:Generated_Source\PSoC4/cyfitter_cfg.c **** #include "cytypes.h"
  21:Generated_Source\PSoC4/cyfitter_cfg.c **** #include "cydevice_trm.h"
  22:Generated_Source\PSoC4/cyfitter_cfg.c **** #include "cyfitter.h"
  23:Generated_Source\PSoC4/cyfitter_cfg.c **** #include "CyLib.h"
  24:Generated_Source\PSoC4/cyfitter_cfg.c **** #include "cyfitter_cfg.h"
  25:Generated_Source\PSoC4/cyfitter_cfg.c **** 
  26:Generated_Source\PSoC4/cyfitter_cfg.c **** 
  27:Generated_Source\PSoC4/cyfitter_cfg.c **** #if defined(__GNUC__) || defined(__ARMCC_VERSION)
  28:Generated_Source\PSoC4/cyfitter_cfg.c ****     #define CYPACKED 
  29:Generated_Source\PSoC4/cyfitter_cfg.c ****     #define CYPACKED_ATTR __attribute__ ((packed))
  30:Generated_Source\PSoC4/cyfitter_cfg.c ****     #define CYALIGNED __attribute__ ((aligned))
  31:Generated_Source\PSoC4/cyfitter_cfg.c ****     #define CY_CFG_UNUSED __attribute__ ((unused))
ARM GAS  C:\Users\hasur\AppData\Local\Temp\ccPfmuIo.s 			page 2


  32:Generated_Source\PSoC4/cyfitter_cfg.c ****     #ifndef CY_CFG_SECTION
  33:Generated_Source\PSoC4/cyfitter_cfg.c ****         #define CY_CFG_SECTION __attribute__ ((section(".psocinit")))
  34:Generated_Source\PSoC4/cyfitter_cfg.c ****     #endif
  35:Generated_Source\PSoC4/cyfitter_cfg.c ****     
  36:Generated_Source\PSoC4/cyfitter_cfg.c ****     #if defined(__ARMCC_VERSION)
  37:Generated_Source\PSoC4/cyfitter_cfg.c ****         #define CY_CFG_MEMORY_BARRIER() __memory_changed()
  38:Generated_Source\PSoC4/cyfitter_cfg.c ****     #else
  39:Generated_Source\PSoC4/cyfitter_cfg.c ****         #define CY_CFG_MEMORY_BARRIER() __sync_synchronize()
  40:Generated_Source\PSoC4/cyfitter_cfg.c ****     #endif
  41:Generated_Source\PSoC4/cyfitter_cfg.c ****     
  42:Generated_Source\PSoC4/cyfitter_cfg.c **** #elif defined(__ICCARM__)
  43:Generated_Source\PSoC4/cyfitter_cfg.c ****     #include <intrinsics.h>
  44:Generated_Source\PSoC4/cyfitter_cfg.c **** 
  45:Generated_Source\PSoC4/cyfitter_cfg.c ****     #define CYPACKED __packed
  46:Generated_Source\PSoC4/cyfitter_cfg.c ****     #define CYPACKED_ATTR 
  47:Generated_Source\PSoC4/cyfitter_cfg.c ****     #define CYALIGNED _Pragma("data_alignment=4")
  48:Generated_Source\PSoC4/cyfitter_cfg.c ****     #define CY_CFG_UNUSED _Pragma("diag_suppress=Pe177")
  49:Generated_Source\PSoC4/cyfitter_cfg.c ****     #define CY_CFG_SECTION _Pragma("location=\".psocinit\"")
  50:Generated_Source\PSoC4/cyfitter_cfg.c ****     
  51:Generated_Source\PSoC4/cyfitter_cfg.c ****     #define CY_CFG_MEMORY_BARRIER() __DMB()
  52:Generated_Source\PSoC4/cyfitter_cfg.c ****     
  53:Generated_Source\PSoC4/cyfitter_cfg.c **** #else
  54:Generated_Source\PSoC4/cyfitter_cfg.c ****     #error Unsupported toolchain
  55:Generated_Source\PSoC4/cyfitter_cfg.c **** #endif
  56:Generated_Source\PSoC4/cyfitter_cfg.c **** 
  57:Generated_Source\PSoC4/cyfitter_cfg.c **** #ifndef CYCODE
  58:Generated_Source\PSoC4/cyfitter_cfg.c ****     #define CYCODE
  59:Generated_Source\PSoC4/cyfitter_cfg.c **** #endif
  60:Generated_Source\PSoC4/cyfitter_cfg.c **** #ifndef CYDATA
  61:Generated_Source\PSoC4/cyfitter_cfg.c ****     #define CYDATA
  62:Generated_Source\PSoC4/cyfitter_cfg.c **** #endif
  63:Generated_Source\PSoC4/cyfitter_cfg.c **** #ifndef CYFAR
  64:Generated_Source\PSoC4/cyfitter_cfg.c ****     #define CYFAR
  65:Generated_Source\PSoC4/cyfitter_cfg.c **** #endif
  66:Generated_Source\PSoC4/cyfitter_cfg.c **** #ifndef CYXDATA
  67:Generated_Source\PSoC4/cyfitter_cfg.c ****     #define CYXDATA
  68:Generated_Source\PSoC4/cyfitter_cfg.c **** #endif
  69:Generated_Source\PSoC4/cyfitter_cfg.c **** 
  70:Generated_Source\PSoC4/cyfitter_cfg.c **** 
  71:Generated_Source\PSoC4/cyfitter_cfg.c **** CY_CFG_UNUSED
  72:Generated_Source\PSoC4/cyfitter_cfg.c **** static void CYMEMZERO(void *s, size_t n);
  73:Generated_Source\PSoC4/cyfitter_cfg.c **** CY_CFG_UNUSED
  74:Generated_Source\PSoC4/cyfitter_cfg.c **** static void CYMEMZERO(void *s, size_t n)
  75:Generated_Source\PSoC4/cyfitter_cfg.c **** {
  27              		.loc 1 75 0
  28              		.cfi_startproc
  29              		@ args = 0, pretend = 0, frame = 8
  30              		@ frame_needed = 1, uses_anonymous_args = 0
  31 0000 80B5     		push	{r7, lr}
  32              		.cfi_def_cfa_offset 8
  33              		.cfi_offset 7, -8
  34              		.cfi_offset 14, -4
  35 0002 82B0     		sub	sp, sp, #8
  36              		.cfi_def_cfa_offset 16
  37 0004 00AF     		add	r7, sp, #0
  38              		.cfi_def_cfa_register 7
  39 0006 7860     		str	r0, [r7, #4]
ARM GAS  C:\Users\hasur\AppData\Local\Temp\ccPfmuIo.s 			page 3


  40 0008 3960     		str	r1, [r7]
  76:Generated_Source\PSoC4/cyfitter_cfg.c **** 	(void)memset(s, 0, n);
  41              		.loc 1 76 0
  42 000a 3A68     		ldr	r2, [r7]
  43 000c 7B68     		ldr	r3, [r7, #4]
  44 000e 0021     		movs	r1, #0
  45 0010 1800     		movs	r0, r3
  46 0012 FFF7FEFF 		bl	memset
  77:Generated_Source\PSoC4/cyfitter_cfg.c **** }
  47              		.loc 1 77 0
  48 0016 C046     		nop
  49 0018 BD46     		mov	sp, r7
  50 001a 02B0     		add	sp, sp, #8
  51              		@ sp needed
  52 001c 80BD     		pop	{r7, pc}
  53              		.cfi_endproc
  54              	.LFE2:
  55              		.size	CYMEMZERO, .-CYMEMZERO
  56 001e C046     		.section	.text.CYCONFIGCPY,"ax",%progbits
  57              		.align	2
  58              		.code	16
  59              		.thumb_func
  60              		.type	CYCONFIGCPY, %function
  61              	CYCONFIGCPY:
  62              	.LFB3:
  78:Generated_Source\PSoC4/cyfitter_cfg.c **** CY_CFG_UNUSED
  79:Generated_Source\PSoC4/cyfitter_cfg.c **** static void CYCONFIGCPY(void *dest, const void *src, size_t n);
  80:Generated_Source\PSoC4/cyfitter_cfg.c **** CY_CFG_UNUSED
  81:Generated_Source\PSoC4/cyfitter_cfg.c **** static void CYCONFIGCPY(void *dest, const void *src, size_t n)
  82:Generated_Source\PSoC4/cyfitter_cfg.c **** {
  63              		.loc 1 82 0
  64              		.cfi_startproc
  65              		@ args = 0, pretend = 0, frame = 16
  66              		@ frame_needed = 1, uses_anonymous_args = 0
  67 0000 80B5     		push	{r7, lr}
  68              		.cfi_def_cfa_offset 8
  69              		.cfi_offset 7, -8
  70              		.cfi_offset 14, -4
  71 0002 84B0     		sub	sp, sp, #16
  72              		.cfi_def_cfa_offset 24
  73 0004 00AF     		add	r7, sp, #0
  74              		.cfi_def_cfa_register 7
  75 0006 F860     		str	r0, [r7, #12]
  76 0008 B960     		str	r1, [r7, #8]
  77 000a 7A60     		str	r2, [r7, #4]
  83:Generated_Source\PSoC4/cyfitter_cfg.c **** 	(void)memcpy(dest, src, n);
  78              		.loc 1 83 0
  79 000c 7A68     		ldr	r2, [r7, #4]
  80 000e B968     		ldr	r1, [r7, #8]
  81 0010 FB68     		ldr	r3, [r7, #12]
  82 0012 1800     		movs	r0, r3
  83 0014 FFF7FEFF 		bl	memcpy
  84:Generated_Source\PSoC4/cyfitter_cfg.c **** }
  84              		.loc 1 84 0
  85 0018 C046     		nop
  86 001a BD46     		mov	sp, r7
  87 001c 04B0     		add	sp, sp, #16
ARM GAS  C:\Users\hasur\AppData\Local\Temp\ccPfmuIo.s 			page 4


  88              		@ sp needed
  89 001e 80BD     		pop	{r7, pc}
  90              		.cfi_endproc
  91              	.LFE3:
  92              		.size	CYCONFIGCPY, .-CYCONFIGCPY
  93              		.section	.text.CYCONFIGCPYCODE,"ax",%progbits
  94              		.align	2
  95              		.code	16
  96              		.thumb_func
  97              		.type	CYCONFIGCPYCODE, %function
  98              	CYCONFIGCPYCODE:
  99              	.LFB4:
  85:Generated_Source\PSoC4/cyfitter_cfg.c **** CY_CFG_UNUSED
  86:Generated_Source\PSoC4/cyfitter_cfg.c **** static void CYCONFIGCPYCODE(void *dest, const void *src, size_t n);
  87:Generated_Source\PSoC4/cyfitter_cfg.c **** CY_CFG_UNUSED
  88:Generated_Source\PSoC4/cyfitter_cfg.c **** static void CYCONFIGCPYCODE(void *dest, const void *src, size_t n)
  89:Generated_Source\PSoC4/cyfitter_cfg.c **** {
 100              		.loc 1 89 0
 101              		.cfi_startproc
 102              		@ args = 0, pretend = 0, frame = 16
 103              		@ frame_needed = 1, uses_anonymous_args = 0
 104 0000 80B5     		push	{r7, lr}
 105              		.cfi_def_cfa_offset 8
 106              		.cfi_offset 7, -8
 107              		.cfi_offset 14, -4
 108 0002 84B0     		sub	sp, sp, #16
 109              		.cfi_def_cfa_offset 24
 110 0004 00AF     		add	r7, sp, #0
 111              		.cfi_def_cfa_register 7
 112 0006 F860     		str	r0, [r7, #12]
 113 0008 B960     		str	r1, [r7, #8]
 114 000a 7A60     		str	r2, [r7, #4]
  90:Generated_Source\PSoC4/cyfitter_cfg.c **** 	(void)memcpy(dest, src, n);
 115              		.loc 1 90 0
 116 000c 7A68     		ldr	r2, [r7, #4]
 117 000e B968     		ldr	r1, [r7, #8]
 118 0010 FB68     		ldr	r3, [r7, #12]
 119 0012 1800     		movs	r0, r3
 120 0014 FFF7FEFF 		bl	memcpy
  91:Generated_Source\PSoC4/cyfitter_cfg.c **** }
 121              		.loc 1 91 0
 122 0018 C046     		nop
 123 001a BD46     		mov	sp, r7
 124 001c 04B0     		add	sp, sp, #16
 125              		@ sp needed
 126 001e 80BD     		pop	{r7, pc}
 127              		.cfi_endproc
 128              	.LFE4:
 129              		.size	CYCONFIGCPYCODE, .-CYCONFIGCPYCODE
 130              		.section	.psocinit,"ax",%progbits
 131              		.align	2
 132              		.code	16
 133              		.thumb_func
 134              		.type	ClockSetup, %function
 135              	ClockSetup:
 136              	.LFB5:
  92:Generated_Source\PSoC4/cyfitter_cfg.c **** 
ARM GAS  C:\Users\hasur\AppData\Local\Temp\ccPfmuIo.s 			page 5


  93:Generated_Source\PSoC4/cyfitter_cfg.c **** 
  94:Generated_Source\PSoC4/cyfitter_cfg.c **** 
  95:Generated_Source\PSoC4/cyfitter_cfg.c **** 
  96:Generated_Source\PSoC4/cyfitter_cfg.c **** /* Clock startup error codes                                                   */
  97:Generated_Source\PSoC4/cyfitter_cfg.c **** #define CYCLOCKSTART_NO_ERROR    0u
  98:Generated_Source\PSoC4/cyfitter_cfg.c **** #define CYCLOCKSTART_XTAL_ERROR  1u
  99:Generated_Source\PSoC4/cyfitter_cfg.c **** #define CYCLOCKSTART_32KHZ_ERROR 2u
 100:Generated_Source\PSoC4/cyfitter_cfg.c **** #define CYCLOCKSTART_PLL_ERROR   3u
 101:Generated_Source\PSoC4/cyfitter_cfg.c **** #define CYCLOCKSTART_FLL_ERROR   4u
 102:Generated_Source\PSoC4/cyfitter_cfg.c **** 
 103:Generated_Source\PSoC4/cyfitter_cfg.c **** 
 104:Generated_Source\PSoC4/cyfitter_cfg.c **** #ifdef CY_NEED_CYCLOCKSTARTUPERROR
 105:Generated_Source\PSoC4/cyfitter_cfg.c **** /*******************************************************************************
 106:Generated_Source\PSoC4/cyfitter_cfg.c **** * Function Name: CyClockStartupError
 107:Generated_Source\PSoC4/cyfitter_cfg.c **** ********************************************************************************
 108:Generated_Source\PSoC4/cyfitter_cfg.c **** * Summary:
 109:Generated_Source\PSoC4/cyfitter_cfg.c **** *  If an error is encountered during clock configuration (crystal startup error,
 110:Generated_Source\PSoC4/cyfitter_cfg.c **** *  PLL lock error, etc.), the system will end up here.  Unless reimplemented by
 111:Generated_Source\PSoC4/cyfitter_cfg.c **** *  the customer, this function will stop in an infinite loop.
 112:Generated_Source\PSoC4/cyfitter_cfg.c **** *
 113:Generated_Source\PSoC4/cyfitter_cfg.c **** * Parameters:
 114:Generated_Source\PSoC4/cyfitter_cfg.c **** *   void
 115:Generated_Source\PSoC4/cyfitter_cfg.c **** *
 116:Generated_Source\PSoC4/cyfitter_cfg.c **** * Return:
 117:Generated_Source\PSoC4/cyfitter_cfg.c **** *   void
 118:Generated_Source\PSoC4/cyfitter_cfg.c **** *
 119:Generated_Source\PSoC4/cyfitter_cfg.c **** *******************************************************************************/
 120:Generated_Source\PSoC4/cyfitter_cfg.c **** CY_CFG_UNUSED
 121:Generated_Source\PSoC4/cyfitter_cfg.c **** static void CyClockStartupError(uint8 errorCode);
 122:Generated_Source\PSoC4/cyfitter_cfg.c **** CY_CFG_UNUSED
 123:Generated_Source\PSoC4/cyfitter_cfg.c **** static void CyClockStartupError(uint8 errorCode)
 124:Generated_Source\PSoC4/cyfitter_cfg.c **** {
 125:Generated_Source\PSoC4/cyfitter_cfg.c ****     /* To remove the compiler warning if errorCode not used. */
 126:Generated_Source\PSoC4/cyfitter_cfg.c **** #if defined(CY_PSOC3) && (CY_PSOC3)
 127:Generated_Source\PSoC4/cyfitter_cfg.c ****     errorCode = errorCode;
 128:Generated_Source\PSoC4/cyfitter_cfg.c **** #else
 129:Generated_Source\PSoC4/cyfitter_cfg.c ****     (void)errorCode;
 130:Generated_Source\PSoC4/cyfitter_cfg.c **** #endif /* CY_PSOC3 */
 131:Generated_Source\PSoC4/cyfitter_cfg.c **** 
 132:Generated_Source\PSoC4/cyfitter_cfg.c ****     /* If we have a clock startup error (bad MHz crystal, PLL lock, etc.),  */
 133:Generated_Source\PSoC4/cyfitter_cfg.c ****     /* we will end up here to allow the customer to implement something to  */
 134:Generated_Source\PSoC4/cyfitter_cfg.c ****     /* deal with the clock condition.                                       */
 135:Generated_Source\PSoC4/cyfitter_cfg.c **** 
 136:Generated_Source\PSoC4/cyfitter_cfg.c **** #ifdef CY_CFG_CLOCK_STARTUP_ERROR_CALLBACK
 137:Generated_Source\PSoC4/cyfitter_cfg.c ****     CY_CFG_Clock_Startup_ErrorCallback();
 138:Generated_Source\PSoC4/cyfitter_cfg.c **** #else
 139:Generated_Source\PSoC4/cyfitter_cfg.c ****     /*  If not using CY_CFG_CLOCK_STARTUP_ERROR_CALLBACK, place your clock startup code here. */
 140:Generated_Source\PSoC4/cyfitter_cfg.c ****     /* `#START CyClockStartupError` */
 141:Generated_Source\PSoC4/cyfitter_cfg.c **** 
 142:Generated_Source\PSoC4/cyfitter_cfg.c ****     /* If we have a clock startup error (bad MHz crystal, PLL lock, etc.),  */
 143:Generated_Source\PSoC4/cyfitter_cfg.c ****     /* we will end up here to allow the customer to implement something to  */
 144:Generated_Source\PSoC4/cyfitter_cfg.c ****     /* deal with the clock condition.                                       */
 145:Generated_Source\PSoC4/cyfitter_cfg.c **** 
 146:Generated_Source\PSoC4/cyfitter_cfg.c ****     /* `#END` */
 147:Generated_Source\PSoC4/cyfitter_cfg.c **** 
 148:Generated_Source\PSoC4/cyfitter_cfg.c ****     while(1) {}
 149:Generated_Source\PSoC4/cyfitter_cfg.c **** #endif /* CY_CFG_CLOCK_STARTUP_ERROR_CALLBACK */
ARM GAS  C:\Users\hasur\AppData\Local\Temp\ccPfmuIo.s 			page 6


 150:Generated_Source\PSoC4/cyfitter_cfg.c **** }
 151:Generated_Source\PSoC4/cyfitter_cfg.c **** #endif
 152:Generated_Source\PSoC4/cyfitter_cfg.c **** 
 153:Generated_Source\PSoC4/cyfitter_cfg.c **** 
 154:Generated_Source\PSoC4/cyfitter_cfg.c **** 
 155:Generated_Source\PSoC4/cyfitter_cfg.c **** /*******************************************************************************
 156:Generated_Source\PSoC4/cyfitter_cfg.c **** * Function Name: ClockSetup
 157:Generated_Source\PSoC4/cyfitter_cfg.c **** ********************************************************************************
 158:Generated_Source\PSoC4/cyfitter_cfg.c **** *
 159:Generated_Source\PSoC4/cyfitter_cfg.c **** * Summary:
 160:Generated_Source\PSoC4/cyfitter_cfg.c **** *   Performs the initialization of all of the clocks in the device based on the
 161:Generated_Source\PSoC4/cyfitter_cfg.c **** *   settings in the Clock tab of the DWR.  This includes enabling the requested
 162:Generated_Source\PSoC4/cyfitter_cfg.c **** *   clocks and setting the necessary dividers to produce the desired frequency. 
 163:Generated_Source\PSoC4/cyfitter_cfg.c **** *
 164:Generated_Source\PSoC4/cyfitter_cfg.c **** * Parameters:
 165:Generated_Source\PSoC4/cyfitter_cfg.c **** *   void
 166:Generated_Source\PSoC4/cyfitter_cfg.c **** *
 167:Generated_Source\PSoC4/cyfitter_cfg.c **** * Return:
 168:Generated_Source\PSoC4/cyfitter_cfg.c **** *   void
 169:Generated_Source\PSoC4/cyfitter_cfg.c **** *
 170:Generated_Source\PSoC4/cyfitter_cfg.c **** *******************************************************************************/
 171:Generated_Source\PSoC4/cyfitter_cfg.c **** static void ClockSetup(void);
 172:Generated_Source\PSoC4/cyfitter_cfg.c **** CY_CFG_SECTION
 173:Generated_Source\PSoC4/cyfitter_cfg.c **** static void ClockSetup(void)
 174:Generated_Source\PSoC4/cyfitter_cfg.c **** {
 137              		.loc 1 174 0
 138              		.cfi_startproc
 139              		@ args = 0, pretend = 0, frame = 0
 140              		@ frame_needed = 1, uses_anonymous_args = 0
 141 0000 80B5     		push	{r7, lr}
 142              		.cfi_def_cfa_offset 8
 143              		.cfi_offset 7, -8
 144              		.cfi_offset 14, -4
 145 0002 00AF     		add	r7, sp, #0
 146              		.cfi_def_cfa_register 7
 175:Generated_Source\PSoC4/cyfitter_cfg.c **** 
 176:Generated_Source\PSoC4/cyfitter_cfg.c **** 	/* Set Flash Cycles based on max possible frequency in case a glitch occurs during ClockSetup(). *
 177:Generated_Source\PSoC4/cyfitter_cfg.c **** 	CY_SET_REG32((void CYXDATA *)(CYREG_CPUSS_FLASH_CTL), (0x0012u));
 147              		.loc 1 177 0
 148 0004 254B     		ldr	r3, .L5
 149 0006 1222     		movs	r2, #18
 150 0008 1A60     		str	r2, [r3]
 178:Generated_Source\PSoC4/cyfitter_cfg.c **** 
 179:Generated_Source\PSoC4/cyfitter_cfg.c **** 	/* Start the WCO */
 180:Generated_Source\PSoC4/cyfitter_cfg.c **** 	CySysClkWcoStart();
 151              		.loc 1 180 0
 152 000a FFF7FEFF 		bl	CySysClkWcoStart
 181:Generated_Source\PSoC4/cyfitter_cfg.c **** 	CyDelayCycles(12000000u); /* WCO may take up to 500ms to start */
 153              		.loc 1 181 0
 154 000e 244B     		ldr	r3, .L5+4
 155 0010 1800     		movs	r0, r3
 156 0012 FFF7FEFF 		bl	CyDelayCycles
 182:Generated_Source\PSoC4/cyfitter_cfg.c **** 	(void)CySysClkWcoSetPowerMode(CY_SYS_CLK_WCO_LPM);    /* Switch to the low power mode */
 157              		.loc 1 182 0
 158 0016 0120     		movs	r0, #1
 159 0018 FFF7FEFF 		bl	CySysClkWcoSetPowerMode
 183:Generated_Source\PSoC4/cyfitter_cfg.c **** 
ARM GAS  C:\Users\hasur\AppData\Local\Temp\ccPfmuIo.s 			page 7


 184:Generated_Source\PSoC4/cyfitter_cfg.c **** 	/* Setup and trim IMO based on desired frequency. */
 185:Generated_Source\PSoC4/cyfitter_cfg.c **** 	CySysClkWriteImoFreq(12u);
 160              		.loc 1 185 0
 161 001c 0C20     		movs	r0, #12
 162 001e FFF7FEFF 		bl	CySysClkWriteImoFreq
 186:Generated_Source\PSoC4/cyfitter_cfg.c **** 	/* CYDEV_CLK_ILO_CONFIG Starting address: CYDEV_CLK_ILO_CONFIG */
 187:Generated_Source\PSoC4/cyfitter_cfg.c **** 	CY_SET_REG32((void *)(CYREG_CLK_ILO_CONFIG), 0x80000006u);
 163              		.loc 1 187 0
 164 0022 204B     		ldr	r3, .L5+8
 165 0024 204A     		ldr	r2, .L5+12
 166 0026 1A60     		str	r2, [r3]
 188:Generated_Source\PSoC4/cyfitter_cfg.c **** 
 189:Generated_Source\PSoC4/cyfitter_cfg.c **** 	/* CYDEV_WDT_CONFIG Starting address: CYDEV_WDT_CONFIG */
 190:Generated_Source\PSoC4/cyfitter_cfg.c **** 	CY_SET_REG32((void *)(CYREG_WDT_CONFIG), 0x40000000u);
 167              		.loc 1 190 0
 168 0028 204B     		ldr	r3, .L5+16
 169 002a 8022     		movs	r2, #128
 170 002c D205     		lsls	r2, r2, #23
 171 002e 1A60     		str	r2, [r3]
 191:Generated_Source\PSoC4/cyfitter_cfg.c **** 
 192:Generated_Source\PSoC4/cyfitter_cfg.c **** 
 193:Generated_Source\PSoC4/cyfitter_cfg.c **** 	/* Enable fast start mode for XO */
 194:Generated_Source\PSoC4/cyfitter_cfg.c **** 	CY_SET_REG32((void*)CYREG_BLE_BLERD_BB_XO, CY_GET_REG32((void*)CYREG_BLE_BLERD_BB_XO) | (uint32)0x
 172              		.loc 1 194 0
 173 0030 1F4B     		ldr	r3, .L5+20
 174 0032 1F4A     		ldr	r2, .L5+20
 175 0034 1268     		ldr	r2, [r2]
 176 0036 0221     		movs	r1, #2
 177 0038 0A43     		orrs	r2, r1
 178 003a 1A60     		str	r2, [r3]
 195:Generated_Source\PSoC4/cyfitter_cfg.c **** 	CY_SET_REG32((void *)(CYREG_BLE_BLERD_BB_XO_CAPTRIM), 0x00003E2Du);
 179              		.loc 1 195 0
 180 003c 1D4B     		ldr	r3, .L5+24
 181 003e 1E4A     		ldr	r2, .L5+28
 182 0040 1A60     		str	r2, [r3]
 196:Generated_Source\PSoC4/cyfitter_cfg.c **** 	/*Set XTAL(ECO) divider*/
 197:Generated_Source\PSoC4/cyfitter_cfg.c **** 	CY_SET_REG32((void *)(CYREG_BLE_BLESS_XTAL_CLK_DIV_CONFIG), 0x00000000u);
 183              		.loc 1 197 0
 184 0042 1E4B     		ldr	r3, .L5+32
 185 0044 0022     		movs	r2, #0
 186 0046 1A60     		str	r2, [r3]
 198:Generated_Source\PSoC4/cyfitter_cfg.c **** 	/* Disable Crystal Stable Interrupt before enabling ECO */
 199:Generated_Source\PSoC4/cyfitter_cfg.c **** 	CY_SET_REG32((void*)CYREG_BLE_BLESS_LL_DSM_CTRL, CY_GET_REG32((void*)CYREG_BLE_BLESS_LL_DSM_CTRL) 
 187              		.loc 1 199 0
 188 0048 1D4B     		ldr	r3, .L5+36
 189 004a 1D4A     		ldr	r2, .L5+36
 190 004c 1268     		ldr	r2, [r2]
 191 004e 0821     		movs	r1, #8
 192 0050 8A43     		bics	r2, r1
 193 0052 1A60     		str	r2, [r3]
 200:Generated_Source\PSoC4/cyfitter_cfg.c **** 	/* Start the ECO and do not check status since it is not needed for HFCLK */
 201:Generated_Source\PSoC4/cyfitter_cfg.c **** 	(void)CySysClkEcoStart(2000u);
 194              		.loc 1 201 0
 195 0054 FA23     		movs	r3, #250
 196 0056 DB00     		lsls	r3, r3, #3
 197 0058 1800     		movs	r0, r3
 198 005a FFF7FEFF 		bl	CySysClkEcoStart
ARM GAS  C:\Users\hasur\AppData\Local\Temp\ccPfmuIo.s 			page 8


 202:Generated_Source\PSoC4/cyfitter_cfg.c **** 	CyDelayUs(1500u); /* Wait to stabilize */
 199              		.loc 1 202 0
 200 005e 194B     		ldr	r3, .L5+40
 201 0060 1800     		movs	r0, r3
 202 0062 FFF7FEFF 		bl	CyDelayUs
 203:Generated_Source\PSoC4/cyfitter_cfg.c **** 
 204:Generated_Source\PSoC4/cyfitter_cfg.c **** 	/* Setup phase aligned clocks */
 205:Generated_Source\PSoC4/cyfitter_cfg.c **** 	CY_SET_REG32((void *)CYREG_PERI_DIV_16_CTL0, 0x00000600u);
 203              		.loc 1 205 0
 204 0066 184B     		ldr	r3, .L5+44
 205 0068 C022     		movs	r2, #192
 206 006a D200     		lsls	r2, r2, #3
 207 006c 1A60     		str	r2, [r3]
 206:Generated_Source\PSoC4/cyfitter_cfg.c **** 	CY_SET_REG32((void *)CYREG_PERI_DIV_CMD, 0x8000FF40u);
 208              		.loc 1 206 0
 209 006e 174B     		ldr	r3, .L5+48
 210 0070 174A     		ldr	r2, .L5+52
 211 0072 1A60     		str	r2, [r3]
 207:Generated_Source\PSoC4/cyfitter_cfg.c **** 
 208:Generated_Source\PSoC4/cyfitter_cfg.c **** 	/* CYDEV_CLK_IMO_CONFIG Starting address: CYDEV_CLK_IMO_CONFIG */
 209:Generated_Source\PSoC4/cyfitter_cfg.c **** 	CY_SET_REG32((void *)(CYREG_CLK_IMO_CONFIG), 0x80000000u);
 212              		.loc 1 209 0
 213 0074 174B     		ldr	r3, .L5+56
 214 0076 8022     		movs	r2, #128
 215 0078 1206     		lsls	r2, r2, #24
 216 007a 1A60     		str	r2, [r3]
 210:Generated_Source\PSoC4/cyfitter_cfg.c **** 
 211:Generated_Source\PSoC4/cyfitter_cfg.c **** 	/* CYDEV_CLK_SELECT Starting address: CYDEV_CLK_SELECT */
 212:Generated_Source\PSoC4/cyfitter_cfg.c **** 	CY_SET_REG32((void *)(CYREG_CLK_SELECT), 0x00000000u);
 217              		.loc 1 212 0
 218 007c 164B     		ldr	r3, .L5+60
 219 007e 0022     		movs	r2, #0
 220 0080 1A60     		str	r2, [r3]
 213:Generated_Source\PSoC4/cyfitter_cfg.c **** 
 214:Generated_Source\PSoC4/cyfitter_cfg.c **** 	/* CYDEV_PERI_PCLK_CTL1 Starting address: CYDEV_PERI_PCLK_CTL1 */
 215:Generated_Source\PSoC4/cyfitter_cfg.c **** 	CY_SET_REG32((void *)(CYREG_PERI_PCLK_CTL1), 0x00000040u);
 221              		.loc 1 215 0
 222 0082 164B     		ldr	r3, .L5+64
 223 0084 4022     		movs	r2, #64
 224 0086 1A60     		str	r2, [r3]
 216:Generated_Source\PSoC4/cyfitter_cfg.c **** 
 217:Generated_Source\PSoC4/cyfitter_cfg.c **** 	CY_SET_REG32((void *)(CYREG_WDT_CONFIG), 0x40000000u);
 225              		.loc 1 217 0
 226 0088 084B     		ldr	r3, .L5+16
 227 008a 8022     		movs	r2, #128
 228 008c D205     		lsls	r2, r2, #23
 229 008e 1A60     		str	r2, [r3]
 218:Generated_Source\PSoC4/cyfitter_cfg.c **** 	/* Set Flash Cycles based on newly configured 12.00MHz HFCLK. */
 219:Generated_Source\PSoC4/cyfitter_cfg.c **** 	CY_SET_REG32((void CYXDATA *)(CYREG_CPUSS_FLASH_CTL), (0x0000u));
 230              		.loc 1 219 0
 231 0090 024B     		ldr	r3, .L5
 232 0092 0022     		movs	r2, #0
 233 0094 1A60     		str	r2, [r3]
 220:Generated_Source\PSoC4/cyfitter_cfg.c **** }
 234              		.loc 1 220 0
 235 0096 C046     		nop
 236 0098 BD46     		mov	sp, r7
ARM GAS  C:\Users\hasur\AppData\Local\Temp\ccPfmuIo.s 			page 9


 237              		@ sp needed
 238 009a 80BD     		pop	{r7, pc}
 239              	.L6:
 240              		.align	2
 241              	.L5:
 242 009c 30001040 		.word	1074790448
 243 00a0 001BB700 		.word	12000000
 244 00a4 04010B40 		.word	1074462980
 245 00a8 06000080 		.word	-2147483642
 246 00ac 0C020B40 		.word	1074463244
 247 00b0 78002E40 		.word	1076756600
 248 00b4 7C002E40 		.word	1076756604
 249 00b8 2D3E0000 		.word	15917
 250 00bc 64F02E40 		.word	1076818020
 251 00c0 6CF02E40 		.word	1076818028
 252 00c4 DC050000 		.word	1500
 253 00c8 00030140 		.word	1073808128
 254 00cc 00000140 		.word	1073807360
 255 00d0 40FF0080 		.word	-2147418304
 256 00d4 08010B40 		.word	1074462984
 257 00d8 00010B40 		.word	1074462976
 258 00dc 04010140 		.word	1073807620
 259              		.cfi_endproc
 260              	.LFE5:
 261              		.size	ClockSetup, .-ClockSetup
 262              		.section	.text.AnalogSetDefault,"ax",%progbits
 263              		.align	2
 264              		.code	16
 265              		.thumb_func
 266              		.type	AnalogSetDefault, %function
 267              	AnalogSetDefault:
 268              	.LFB6:
 221:Generated_Source\PSoC4/cyfitter_cfg.c **** 
 222:Generated_Source\PSoC4/cyfitter_cfg.c **** 
 223:Generated_Source\PSoC4/cyfitter_cfg.c **** /* Analog API Functions */
 224:Generated_Source\PSoC4/cyfitter_cfg.c **** 
 225:Generated_Source\PSoC4/cyfitter_cfg.c **** 
 226:Generated_Source\PSoC4/cyfitter_cfg.c **** /*******************************************************************************
 227:Generated_Source\PSoC4/cyfitter_cfg.c **** * Function Name: AnalogSetDefault
 228:Generated_Source\PSoC4/cyfitter_cfg.c **** ********************************************************************************
 229:Generated_Source\PSoC4/cyfitter_cfg.c **** *
 230:Generated_Source\PSoC4/cyfitter_cfg.c **** * Summary:
 231:Generated_Source\PSoC4/cyfitter_cfg.c **** *  Sets up the analog portions of the chip to default values based on chip
 232:Generated_Source\PSoC4/cyfitter_cfg.c **** *  configuration options from the project.
 233:Generated_Source\PSoC4/cyfitter_cfg.c **** *
 234:Generated_Source\PSoC4/cyfitter_cfg.c **** * Parameters:
 235:Generated_Source\PSoC4/cyfitter_cfg.c **** *  void
 236:Generated_Source\PSoC4/cyfitter_cfg.c **** *
 237:Generated_Source\PSoC4/cyfitter_cfg.c **** * Return:
 238:Generated_Source\PSoC4/cyfitter_cfg.c **** *  void
 239:Generated_Source\PSoC4/cyfitter_cfg.c **** *
 240:Generated_Source\PSoC4/cyfitter_cfg.c **** *******************************************************************************/
 241:Generated_Source\PSoC4/cyfitter_cfg.c **** static void AnalogSetDefault(void);
 242:Generated_Source\PSoC4/cyfitter_cfg.c **** static void AnalogSetDefault(void)
 243:Generated_Source\PSoC4/cyfitter_cfg.c **** {
 269              		.loc 1 243 0
 270              		.cfi_startproc
ARM GAS  C:\Users\hasur\AppData\Local\Temp\ccPfmuIo.s 			page 10


 271              		@ args = 0, pretend = 0, frame = 0
 272              		@ frame_needed = 1, uses_anonymous_args = 0
 273 0000 80B5     		push	{r7, lr}
 274              		.cfi_def_cfa_offset 8
 275              		.cfi_offset 7, -8
 276              		.cfi_offset 14, -4
 277 0002 00AF     		add	r7, sp, #0
 278              		.cfi_def_cfa_register 7
 244:Generated_Source\PSoC4/cyfitter_cfg.c **** 	CY_SET_XTND_REG32((void CYFAR *)CYREG_CTBM0_DFT_CTRL, 0x00000003u);
 279              		.loc 1 244 0
 280 0004 054B     		ldr	r3, .L8
 281 0006 0322     		movs	r2, #3
 282 0008 1A60     		str	r2, [r3]
 245:Generated_Source\PSoC4/cyfitter_cfg.c **** 	CY_SET_XTND_REG32((void CYFAR *)CYREG_CTBM1_DFT_CTRL, 0x00000003u);
 283              		.loc 1 245 0
 284 000a 054B     		ldr	r3, .L8+4
 285 000c 0322     		movs	r2, #3
 286 000e 1A60     		str	r2, [r3]
 246:Generated_Source\PSoC4/cyfitter_cfg.c **** 	CY_SET_XTND_REG32((void CYFAR *)CYREG_PASS_DSAB_DSAB_CTRL, 0x00000000u);
 287              		.loc 1 246 0
 288 0010 044B     		ldr	r3, .L8+8
 289 0012 0022     		movs	r2, #0
 290 0014 1A60     		str	r2, [r3]
 247:Generated_Source\PSoC4/cyfitter_cfg.c **** }
 291              		.loc 1 247 0
 292 0016 C046     		nop
 293 0018 BD46     		mov	sp, r7
 294              		@ sp needed
 295 001a 80BD     		pop	{r7, pc}
 296              	.L9:
 297              		.align	2
 298              	.L8:
 299 001c 30003040 		.word	1076887600
 300 0020 30003140 		.word	1076953136
 301 0024 000E3F40 		.word	1077874176
 302              		.cfi_endproc
 303              	.LFE6:
 304              		.size	AnalogSetDefault, .-AnalogSetDefault
 305              		.section	.psocinit
 306              		.align	2
 307              		.global	cyfitter_cfg
 308              		.code	16
 309              		.thumb_func
 310              		.type	cyfitter_cfg, %function
 311              	cyfitter_cfg:
 312              	.LFB7:
 248:Generated_Source\PSoC4/cyfitter_cfg.c **** 
 249:Generated_Source\PSoC4/cyfitter_cfg.c **** 
 250:Generated_Source\PSoC4/cyfitter_cfg.c **** 
 251:Generated_Source\PSoC4/cyfitter_cfg.c **** 
 252:Generated_Source\PSoC4/cyfitter_cfg.c **** /*******************************************************************************
 253:Generated_Source\PSoC4/cyfitter_cfg.c **** * Function Name: cyfitter_cfg
 254:Generated_Source\PSoC4/cyfitter_cfg.c **** ********************************************************************************
 255:Generated_Source\PSoC4/cyfitter_cfg.c **** * Summary:
 256:Generated_Source\PSoC4/cyfitter_cfg.c **** *  This function is called by the start-up code for the selected device. It
 257:Generated_Source\PSoC4/cyfitter_cfg.c **** *  performs all of the necessary device configuration based on the design
 258:Generated_Source\PSoC4/cyfitter_cfg.c **** *  settings.  This includes settings from the Design Wide Resources (DWR) such
ARM GAS  C:\Users\hasur\AppData\Local\Temp\ccPfmuIo.s 			page 11


 259:Generated_Source\PSoC4/cyfitter_cfg.c **** *  as Clocks and Pins as well as any component configuration that is necessary.
 260:Generated_Source\PSoC4/cyfitter_cfg.c **** *
 261:Generated_Source\PSoC4/cyfitter_cfg.c **** * Parameters:
 262:Generated_Source\PSoC4/cyfitter_cfg.c **** *   void
 263:Generated_Source\PSoC4/cyfitter_cfg.c **** *
 264:Generated_Source\PSoC4/cyfitter_cfg.c **** * Return:
 265:Generated_Source\PSoC4/cyfitter_cfg.c **** *   void
 266:Generated_Source\PSoC4/cyfitter_cfg.c **** *
 267:Generated_Source\PSoC4/cyfitter_cfg.c **** *******************************************************************************/
 268:Generated_Source\PSoC4/cyfitter_cfg.c **** CY_CFG_SECTION
 269:Generated_Source\PSoC4/cyfitter_cfg.c **** void cyfitter_cfg(void)
 270:Generated_Source\PSoC4/cyfitter_cfg.c **** {
 313              		.loc 1 270 0
 314              		.cfi_startproc
 315              		@ args = 0, pretend = 0, frame = 8
 316              		@ frame_needed = 1, uses_anonymous_args = 0
 317 00e0 80B5     		push	{r7, lr}
 318              		.cfi_def_cfa_offset 8
 319              		.cfi_offset 7, -8
 320              		.cfi_offset 14, -4
 321 00e2 82B0     		sub	sp, sp, #8
 322              		.cfi_def_cfa_offset 16
 323 00e4 00AF     		add	r7, sp, #0
 324              		.cfi_def_cfa_register 7
 271:Generated_Source\PSoC4/cyfitter_cfg.c **** 	/* Disable interrupts by default. Let user enable if/when they want. */
 272:Generated_Source\PSoC4/cyfitter_cfg.c **** 	CyGlobalIntDisable;
 325              		.loc 1 272 0
 326              		.syntax divided
 327              	@ 272 "Generated_Source\PSoC4\cyfitter_cfg.c" 1
 328 00e6 72B6     		CPSID   i
 329              	@ 0 "" 2
 273:Generated_Source\PSoC4/cyfitter_cfg.c **** 
 274:Generated_Source\PSoC4/cyfitter_cfg.c **** 	CY_SET_REG32((void *)(CYREG_BLE_BLESS_LL_DSM_CTRL), 0x00000000u);
 330              		.loc 1 274 0
 331              		.thumb
 332              		.syntax unified
 333 00e8 324B     		ldr	r3, .L13
 334 00ea 0022     		movs	r2, #0
 335 00ec 1A60     		str	r2, [r3]
 336              	.LBB2:
 275:Generated_Source\PSoC4/cyfitter_cfg.c **** 
 276:Generated_Source\PSoC4/cyfitter_cfg.c **** 	{
 277:Generated_Source\PSoC4/cyfitter_cfg.c **** 
 278:Generated_Source\PSoC4/cyfitter_cfg.c **** 		CYPACKED typedef struct {
 279:Generated_Source\PSoC4/cyfitter_cfg.c **** 			void CYFAR *address;
 280:Generated_Source\PSoC4/cyfitter_cfg.c **** 			uint16 size;
 281:Generated_Source\PSoC4/cyfitter_cfg.c **** 		} CYPACKED_ATTR cfg_memset_t;
 282:Generated_Source\PSoC4/cyfitter_cfg.c **** 
 283:Generated_Source\PSoC4/cyfitter_cfg.c **** 		static const cfg_memset_t CYCODE cfg_memset_list[] = {
 284:Generated_Source\PSoC4/cyfitter_cfg.c **** 			/* address, size */
 285:Generated_Source\PSoC4/cyfitter_cfg.c **** 			{(void CYFAR *)(CYDEV_UDB_P0_U0_BASE), 1024u},
 286:Generated_Source\PSoC4/cyfitter_cfg.c **** 			{(void CYFAR *)(CYDEV_UDB_DSI0_BASE), 1024u},
 287:Generated_Source\PSoC4/cyfitter_cfg.c **** 		};
 288:Generated_Source\PSoC4/cyfitter_cfg.c **** 
 289:Generated_Source\PSoC4/cyfitter_cfg.c **** 		uint8 CYDATA i;
 290:Generated_Source\PSoC4/cyfitter_cfg.c **** 
 291:Generated_Source\PSoC4/cyfitter_cfg.c **** 		/* Zero out critical memory blocks before beginning configuration */
ARM GAS  C:\Users\hasur\AppData\Local\Temp\ccPfmuIo.s 			page 12


 292:Generated_Source\PSoC4/cyfitter_cfg.c **** 		for (i = 0u; i < (sizeof(cfg_memset_list)/sizeof(cfg_memset_list[0])); i++)
 337              		.loc 1 292 0
 338 00ee FB1D     		adds	r3, r7, #7
 339 00f0 0022     		movs	r2, #0
 340 00f2 1A70     		strb	r2, [r3]
 341 00f4 22E0     		b	.L11
 342              	.L12:
 343              	.LBB3:
 293:Generated_Source\PSoC4/cyfitter_cfg.c **** 		{
 294:Generated_Source\PSoC4/cyfitter_cfg.c **** 			const cfg_memset_t CYCODE * CYDATA ms = &cfg_memset_list[i];
 344              		.loc 1 294 0 discriminator 3
 345 00f6 FB1D     		adds	r3, r7, #7
 346 00f8 1A78     		ldrb	r2, [r3]
 347 00fa 1300     		movs	r3, r2
 348 00fc 5B00     		lsls	r3, r3, #1
 349 00fe 9B18     		adds	r3, r3, r2
 350 0100 5B00     		lsls	r3, r3, #1
 351 0102 2D4A     		ldr	r2, .L13+4
 352 0104 9B18     		adds	r3, r3, r2
 353 0106 3B60     		str	r3, [r7]
 295:Generated_Source\PSoC4/cyfitter_cfg.c **** 			CYMEMZERO(ms->address, (size_t)(uint32)(ms->size));
 354              		.loc 1 295 0 discriminator 3
 355 0108 3B68     		ldr	r3, [r7]
 356 010a 1A78     		ldrb	r2, [r3]
 357 010c 5978     		ldrb	r1, [r3, #1]
 358 010e 0902     		lsls	r1, r1, #8
 359 0110 0A43     		orrs	r2, r1
 360 0112 9978     		ldrb	r1, [r3, #2]
 361 0114 0904     		lsls	r1, r1, #16
 362 0116 0A43     		orrs	r2, r1
 363 0118 DB78     		ldrb	r3, [r3, #3]
 364 011a 1B06     		lsls	r3, r3, #24
 365 011c 1343     		orrs	r3, r2
 366 011e 1800     		movs	r0, r3
 367 0120 3B68     		ldr	r3, [r7]
 368 0122 1A79     		ldrb	r2, [r3, #4]
 369 0124 5B79     		ldrb	r3, [r3, #5]
 370 0126 1B02     		lsls	r3, r3, #8
 371 0128 1343     		orrs	r3, r2
 372 012a 9BB2     		uxth	r3, r3
 373 012c 1900     		movs	r1, r3
 374 012e FFF7FEFF 		bl	CYMEMZERO
 375              	.LBE3:
 292:Generated_Source\PSoC4/cyfitter_cfg.c **** 		{
 376              		.loc 1 292 0 discriminator 3
 377 0132 FB1D     		adds	r3, r7, #7
 378 0134 1A78     		ldrb	r2, [r3]
 379 0136 FB1D     		adds	r3, r7, #7
 380 0138 0132     		adds	r2, r2, #1
 381 013a 1A70     		strb	r2, [r3]
 382              	.L11:
 292:Generated_Source\PSoC4/cyfitter_cfg.c **** 		{
 383              		.loc 1 292 0 is_stmt 0 discriminator 1
 384 013c FB1D     		adds	r3, r7, #7
 385 013e 1B78     		ldrb	r3, [r3]
 386 0140 012B     		cmp	r3, #1
 387 0142 D8D9     		bls	.L12
ARM GAS  C:\Users\hasur\AppData\Local\Temp\ccPfmuIo.s 			page 13


 296:Generated_Source\PSoC4/cyfitter_cfg.c **** 		}
 297:Generated_Source\PSoC4/cyfitter_cfg.c **** 
 298:Generated_Source\PSoC4/cyfitter_cfg.c **** 		/* HSIOM Starting address: CYDEV_HSIOM_BASE */
 299:Generated_Source\PSoC4/cyfitter_cfg.c **** 		CY_SET_REG32((void *)(CYDEV_HSIOM_BASE), 0xEE000000u);
 388              		.loc 1 299 0 is_stmt 1
 389 0144 1D4B     		ldr	r3, .L13+8
 390 0146 EE22     		movs	r2, #238
 391 0148 1206     		lsls	r2, r2, #24
 392 014a 1A60     		str	r2, [r3]
 300:Generated_Source\PSoC4/cyfitter_cfg.c **** 		CY_SET_REG32((void *)(CYREG_HSIOM_PORT_SEL3), 0x000000EEu);
 393              		.loc 1 300 0
 394 014c 1C4B     		ldr	r3, .L13+12
 395 014e EE22     		movs	r2, #238
 396 0150 1A60     		str	r2, [r3]
 301:Generated_Source\PSoC4/cyfitter_cfg.c **** 
 302:Generated_Source\PSoC4/cyfitter_cfg.c **** 		/* UDB_PA_0 Starting address: CYDEV_UDB_PA0_BASE */
 303:Generated_Source\PSoC4/cyfitter_cfg.c **** 		CY_SET_REG32((void *)(CYDEV_UDB_PA0_BASE), 0x00990000u);
 397              		.loc 1 303 0
 398 0152 1C4B     		ldr	r3, .L13+16
 399 0154 9922     		movs	r2, #153
 400 0156 1204     		lsls	r2, r2, #16
 401 0158 1A60     		str	r2, [r3]
 304:Generated_Source\PSoC4/cyfitter_cfg.c **** 
 305:Generated_Source\PSoC4/cyfitter_cfg.c **** 		/* UDB_PA_2 Starting address: CYDEV_UDB_PA2_BASE */
 306:Generated_Source\PSoC4/cyfitter_cfg.c **** 		CY_SET_REG32((void *)(CYDEV_UDB_PA2_BASE), 0x00990000u);
 402              		.loc 1 306 0
 403 015a 1B4B     		ldr	r3, .L13+20
 404 015c 9922     		movs	r2, #153
 405 015e 1204     		lsls	r2, r2, #16
 406 0160 1A60     		str	r2, [r3]
 307:Generated_Source\PSoC4/cyfitter_cfg.c **** 
 308:Generated_Source\PSoC4/cyfitter_cfg.c **** 		/* UDB_PA_3 Starting address: CYDEV_UDB_PA3_BASE */
 309:Generated_Source\PSoC4/cyfitter_cfg.c **** 		CY_SET_REG32((void *)(CYDEV_UDB_PA3_BASE), 0x00990000u);
 407              		.loc 1 309 0
 408 0162 1A4B     		ldr	r3, .L13+24
 409 0164 9922     		movs	r2, #153
 410 0166 1204     		lsls	r2, r2, #16
 411 0168 1A60     		str	r2, [r3]
 310:Generated_Source\PSoC4/cyfitter_cfg.c **** 
 311:Generated_Source\PSoC4/cyfitter_cfg.c **** 		/* Enable digital routing */
 312:Generated_Source\PSoC4/cyfitter_cfg.c **** 		CY_SET_XTND_REG8((void *)CYREG_UDB_UDBIF_BANK_CTL, (uint8)(CY_GET_XTND_REG8((void *)CYREG_UDB_UDB
 412              		.loc 1 312 0
 413 016a 194A     		ldr	r2, .L13+28
 414 016c 184B     		ldr	r3, .L13+28
 415 016e 1B78     		ldrb	r3, [r3]
 416 0170 DBB2     		uxtb	r3, r3
 417 0172 0621     		movs	r1, #6
 418 0174 0B43     		orrs	r3, r1
 419 0176 DBB2     		uxtb	r3, r3
 420 0178 1370     		strb	r3, [r2]
 421              	.LBE2:
 313:Generated_Source\PSoC4/cyfitter_cfg.c **** 	}
 314:Generated_Source\PSoC4/cyfitter_cfg.c **** 
 315:Generated_Source\PSoC4/cyfitter_cfg.c **** 	/* Perform second pass device configuration. These items must be configured in specific order afte
 316:Generated_Source\PSoC4/cyfitter_cfg.c **** 	/* IOPINS0_0 Starting address: CYDEV_GPIO_PRT0_BASE */
 317:Generated_Source\PSoC4/cyfitter_cfg.c **** 	CY_SET_REG32((void *)(CYREG_GPIO_PRT0_PC), 0x00D80000u);
 422              		.loc 1 317 0
ARM GAS  C:\Users\hasur\AppData\Local\Temp\ccPfmuIo.s 			page 14


 423 017a 164B     		ldr	r3, .L13+32
 424 017c D822     		movs	r2, #216
 425 017e 1204     		lsls	r2, r2, #16
 426 0180 1A60     		str	r2, [r3]
 318:Generated_Source\PSoC4/cyfitter_cfg.c **** 
 319:Generated_Source\PSoC4/cyfitter_cfg.c **** 	/* IOPINS0_2 Starting address: CYDEV_GPIO_PRT2_BASE */
 320:Generated_Source\PSoC4/cyfitter_cfg.c **** 	CY_SET_REG32((void *)(CYDEV_GPIO_PRT2_BASE), 0x00000080u);
 427              		.loc 1 320 0
 428 0182 154B     		ldr	r3, .L13+36
 429 0184 8022     		movs	r2, #128
 430 0186 1A60     		str	r2, [r3]
 321:Generated_Source\PSoC4/cyfitter_cfg.c **** 	CY_SET_REG32((void *)(CYREG_GPIO_PRT2_PC), 0x00400000u);
 431              		.loc 1 321 0
 432 0188 144B     		ldr	r3, .L13+40
 433 018a 8022     		movs	r2, #128
 434 018c D203     		lsls	r2, r2, #15
 435 018e 1A60     		str	r2, [r3]
 322:Generated_Source\PSoC4/cyfitter_cfg.c **** 	CY_SET_REG32((void *)(CYREG_GPIO_PRT2_INTR_CFG), 0x00004000u);
 436              		.loc 1 322 0
 437 0190 134B     		ldr	r3, .L13+44
 438 0192 8022     		movs	r2, #128
 439 0194 D201     		lsls	r2, r2, #7
 440 0196 1A60     		str	r2, [r3]
 323:Generated_Source\PSoC4/cyfitter_cfg.c **** 
 324:Generated_Source\PSoC4/cyfitter_cfg.c **** 	/* IOPINS0_3 Starting address: CYDEV_GPIO_PRT3_BASE */
 325:Generated_Source\PSoC4/cyfitter_cfg.c **** 	CY_SET_REG32((void *)(CYDEV_GPIO_PRT3_BASE), 0x00000003u);
 441              		.loc 1 325 0
 442 0198 124B     		ldr	r3, .L13+48
 443 019a 0322     		movs	r2, #3
 444 019c 1A60     		str	r2, [r3]
 326:Generated_Source\PSoC4/cyfitter_cfg.c **** 	CY_SET_REG32((void *)(CYREG_GPIO_PRT3_PC), 0x02000024u);
 445              		.loc 1 326 0
 446 019e 124B     		ldr	r3, .L13+52
 447 01a0 124A     		ldr	r2, .L13+56
 448 01a2 1A60     		str	r2, [r3]
 327:Generated_Source\PSoC4/cyfitter_cfg.c **** 
 328:Generated_Source\PSoC4/cyfitter_cfg.c **** 
 329:Generated_Source\PSoC4/cyfitter_cfg.c **** 	/* Setup clocks based on selections from Clock DWR */
 330:Generated_Source\PSoC4/cyfitter_cfg.c **** 	ClockSetup();
 449              		.loc 1 330 0
 450 01a4 FFF72CFF 		bl	ClockSetup
 331:Generated_Source\PSoC4/cyfitter_cfg.c **** 
 332:Generated_Source\PSoC4/cyfitter_cfg.c **** 	/* Perform basic analog initialization to defaults */
 333:Generated_Source\PSoC4/cyfitter_cfg.c **** 	AnalogSetDefault();
 451              		.loc 1 333 0
 452 01a8 FFF7FEFF 		bl	AnalogSetDefault
 334:Generated_Source\PSoC4/cyfitter_cfg.c **** 
 335:Generated_Source\PSoC4/cyfitter_cfg.c **** }
 453              		.loc 1 335 0
 454 01ac C046     		nop
 455 01ae BD46     		mov	sp, r7
 456 01b0 02B0     		add	sp, sp, #8
 457              		@ sp needed
 458 01b2 80BD     		pop	{r7, pc}
 459              	.L14:
 460              		.align	2
 461              	.L13:
ARM GAS  C:\Users\hasur\AppData\Local\Temp\ccPfmuIo.s 			page 15


 462 01b4 6CF02E40 		.word	1076818028
 463 01b8 00000000 		.word	cfg_memset_list.4884
 464 01bc 00000240 		.word	1073872896
 465 01c0 00030240 		.word	1073873664
 466 01c4 00500F40 		.word	1074745344
 467 01c8 20500F40 		.word	1074745376
 468 01cc 30500F40 		.word	1074745392
 469 01d0 00700F40 		.word	1074753536
 470 01d4 08000440 		.word	1074003976
 471 01d8 00020440 		.word	1074004480
 472 01dc 08020440 		.word	1074004488
 473 01e0 0C020440 		.word	1074004492
 474 01e4 00030440 		.word	1074004736
 475 01e8 08030440 		.word	1074004744
 476 01ec 24000002 		.word	33554468
 477              		.cfi_endproc
 478              	.LFE7:
 479              		.size	cyfitter_cfg, .-cyfitter_cfg
 480              		.section	.rodata
 481              		.align	2
 482              		.type	cfg_memset_list.4884, %object
 483              		.size	cfg_memset_list.4884, 12
 484              	cfg_memset_list.4884:
 485 0000 00300F40 		.word	1074737152
 486 0004 0004     		.short	1024
 487 0006 00400F40 		.4byte	1074741248
 488 000a 0004     		.short	1024
 489              		.text
 490              	.Letext0:
 491              		.file 2 "c:\\program files (x86)\\cypress\\psoc creator\\4.1\\psoc creator\\import\\gnu\\arm\\5.4.
 492              		.file 3 "Generated_Source\\PSoC4\\cytypes.h"
 493              		.section	.debug_info,"",%progbits
 494              	.Ldebug_info0:
 495 0000 66020000 		.4byte	0x266
 496 0004 0300     		.2byte	0x3
 497 0006 00000000 		.4byte	.Ldebug_abbrev0
 498 000a 04       		.byte	0x4
 499 000b 01       		.uleb128 0x1
 500 000c 4C000000 		.4byte	.LASF30
 501 0010 0C       		.byte	0xc
 502 0011 20020000 		.4byte	.LASF31
 503 0015 AA010000 		.4byte	.LASF32
 504 0019 00000000 		.4byte	.Ldebug_ranges0+0
 505 001d 00000000 		.4byte	0
 506 0021 00000000 		.4byte	0
 507 0025 00000000 		.4byte	.Ldebug_line0
 508 0029 02       		.uleb128 0x2
 509 002a 04       		.byte	0x4
 510 002b 05       		.byte	0x5
 511 002c 696E7400 		.ascii	"int\000"
 512 0030 03       		.uleb128 0x3
 513 0031 06000000 		.4byte	.LASF12
 514 0035 02       		.byte	0x2
 515 0036 D8       		.byte	0xd8
 516 0037 3B000000 		.4byte	0x3b
 517 003b 04       		.uleb128 0x4
 518 003c 04       		.byte	0x4
ARM GAS  C:\Users\hasur\AppData\Local\Temp\ccPfmuIo.s 			page 16


 519 003d 07       		.byte	0x7
 520 003e 4B010000 		.4byte	.LASF0
 521 0042 04       		.uleb128 0x4
 522 0043 08       		.byte	0x8
 523 0044 05       		.byte	0x5
 524 0045 8D010000 		.4byte	.LASF1
 525 0049 04       		.uleb128 0x4
 526 004a 08       		.byte	0x8
 527 004b 04       		.byte	0x4
 528 004c 08020000 		.4byte	.LASF2
 529 0050 04       		.uleb128 0x4
 530 0051 01       		.byte	0x1
 531 0052 06       		.byte	0x6
 532 0053 14020000 		.4byte	.LASF3
 533 0057 04       		.uleb128 0x4
 534 0058 01       		.byte	0x1
 535 0059 08       		.byte	0x8
 536 005a 1B010000 		.4byte	.LASF4
 537 005e 04       		.uleb128 0x4
 538 005f 02       		.byte	0x2
 539 0060 05       		.byte	0x5
 540 0061 A0010000 		.4byte	.LASF5
 541 0065 04       		.uleb128 0x4
 542 0066 02       		.byte	0x2
 543 0067 07       		.byte	0x7
 544 0068 39000000 		.4byte	.LASF6
 545 006c 04       		.uleb128 0x4
 546 006d 04       		.byte	0x4
 547 006e 05       		.byte	0x5
 548 006f FF010000 		.4byte	.LASF7
 549 0073 04       		.uleb128 0x4
 550 0074 04       		.byte	0x4
 551 0075 07       		.byte	0x7
 552 0076 F9000000 		.4byte	.LASF8
 553 007a 04       		.uleb128 0x4
 554 007b 08       		.byte	0x8
 555 007c 07       		.byte	0x7
 556 007d 60010000 		.4byte	.LASF9
 557 0081 04       		.uleb128 0x4
 558 0082 04       		.byte	0x4
 559 0083 07       		.byte	0x7
 560 0084 84010000 		.4byte	.LASF10
 561 0088 05       		.uleb128 0x5
 562 0089 04       		.byte	0x4
 563 008a 04       		.uleb128 0x4
 564 008b 01       		.byte	0x1
 565 008c 08       		.byte	0x8
 566 008d 9B010000 		.4byte	.LASF11
 567 0091 06       		.uleb128 0x6
 568 0092 0B010000 		.4byte	.LASF13
 569 0096 03       		.byte	0x3
 570 0097 D201     		.2byte	0x1d2
 571 0099 57000000 		.4byte	0x57
 572 009d 06       		.uleb128 0x6
 573 009e 3D010000 		.4byte	.LASF14
 574 00a2 03       		.byte	0x3
 575 00a3 D301     		.2byte	0x1d3
ARM GAS  C:\Users\hasur\AppData\Local\Temp\ccPfmuIo.s 			page 17


 576 00a5 65000000 		.4byte	0x65
 577 00a9 06       		.uleb128 0x6
 578 00aa 44010000 		.4byte	.LASF15
 579 00ae 03       		.byte	0x3
 580 00af D401     		.2byte	0x1d4
 581 00b1 73000000 		.4byte	0x73
 582 00b5 04       		.uleb128 0x4
 583 00b6 04       		.byte	0x4
 584 00b7 04       		.byte	0x4
 585 00b8 E4000000 		.4byte	.LASF16
 586 00bc 04       		.uleb128 0x4
 587 00bd 08       		.byte	0x8
 588 00be 04       		.byte	0x4
 589 00bf 29010000 		.4byte	.LASF17
 590 00c3 06       		.uleb128 0x6
 591 00c4 F4000000 		.4byte	.LASF18
 592 00c8 03       		.byte	0x3
 593 00c9 7C02     		.2byte	0x27c
 594 00cb CF000000 		.4byte	0xcf
 595 00cf 07       		.uleb128 0x7
 596 00d0 91000000 		.4byte	0x91
 597 00d4 06       		.uleb128 0x6
 598 00d5 00000000 		.4byte	.LASF19
 599 00d9 03       		.byte	0x3
 600 00da 7E02     		.2byte	0x27e
 601 00dc E0000000 		.4byte	0xe0
 602 00e0 07       		.uleb128 0x7
 603 00e1 A9000000 		.4byte	0xa9
 604 00e5 08       		.uleb128 0x8
 605 00e6 11010000 		.4byte	.LASF20
 606 00ea 01       		.byte	0x1
 607 00eb 4A       		.byte	0x4a
 608 00ec 01       		.byte	0x1
 609 00ed 00000000 		.4byte	.LFB2
 610 00f1 1E000000 		.4byte	.LFE2
 611 00f5 01       		.byte	0x1
 612 00f6 9C       		.byte	0x9c
 613 00f7 01       		.byte	0x1
 614 00f8 15010000 		.4byte	0x115
 615 00fc 09       		.uleb128 0x9
 616 00fd 7300     		.ascii	"s\000"
 617 00ff 01       		.byte	0x1
 618 0100 4A       		.byte	0x4a
 619 0101 88000000 		.4byte	0x88
 620 0105 02       		.byte	0x2
 621 0106 91       		.byte	0x91
 622 0107 74       		.sleb128 -12
 623 0108 09       		.uleb128 0x9
 624 0109 6E00     		.ascii	"n\000"
 625 010b 01       		.byte	0x1
 626 010c 4A       		.byte	0x4a
 627 010d 30000000 		.4byte	0x30
 628 0111 02       		.byte	0x2
 629 0112 91       		.byte	0x91
 630 0113 70       		.sleb128 -16
 631 0114 00       		.byte	0
 632 0115 08       		.uleb128 0x8
ARM GAS  C:\Users\hasur\AppData\Local\Temp\ccPfmuIo.s 			page 18


 633 0116 56020000 		.4byte	.LASF21
 634 011a 01       		.byte	0x1
 635 011b 51       		.byte	0x51
 636 011c 01       		.byte	0x1
 637 011d 00000000 		.4byte	.LFB3
 638 0121 20000000 		.4byte	.LFE3
 639 0125 01       		.byte	0x1
 640 0126 9C       		.byte	0x9c
 641 0127 01       		.byte	0x1
 642 0128 55010000 		.4byte	0x155
 643 012c 0A       		.uleb128 0xa
 644 012d EA000000 		.4byte	.LASF22
 645 0131 01       		.byte	0x1
 646 0132 51       		.byte	0x51
 647 0133 88000000 		.4byte	0x88
 648 0137 02       		.byte	0x2
 649 0138 91       		.byte	0x91
 650 0139 74       		.sleb128 -12
 651 013a 09       		.uleb128 0x9
 652 013b 73726300 		.ascii	"src\000"
 653 013f 01       		.byte	0x1
 654 0140 51       		.byte	0x51
 655 0141 55010000 		.4byte	0x155
 656 0145 02       		.byte	0x2
 657 0146 91       		.byte	0x91
 658 0147 70       		.sleb128 -16
 659 0148 09       		.uleb128 0x9
 660 0149 6E00     		.ascii	"n\000"
 661 014b 01       		.byte	0x1
 662 014c 51       		.byte	0x51
 663 014d 30000000 		.4byte	0x30
 664 0151 02       		.byte	0x2
 665 0152 91       		.byte	0x91
 666 0153 6C       		.sleb128 -20
 667 0154 00       		.byte	0
 668 0155 0B       		.uleb128 0xb
 669 0156 04       		.byte	0x4
 670 0157 5B010000 		.4byte	0x15b
 671 015b 0C       		.uleb128 0xc
 672 015c 08       		.uleb128 0x8
 673 015d 46020000 		.4byte	.LASF23
 674 0161 01       		.byte	0x1
 675 0162 58       		.byte	0x58
 676 0163 01       		.byte	0x1
 677 0164 00000000 		.4byte	.LFB4
 678 0168 20000000 		.4byte	.LFE4
 679 016c 01       		.byte	0x1
 680 016d 9C       		.byte	0x9c
 681 016e 01       		.byte	0x1
 682 016f 9C010000 		.4byte	0x19c
 683 0173 0A       		.uleb128 0xa
 684 0174 EA000000 		.4byte	.LASF22
 685 0178 01       		.byte	0x1
 686 0179 58       		.byte	0x58
 687 017a 88000000 		.4byte	0x88
 688 017e 02       		.byte	0x2
 689 017f 91       		.byte	0x91
ARM GAS  C:\Users\hasur\AppData\Local\Temp\ccPfmuIo.s 			page 19


 690 0180 74       		.sleb128 -12
 691 0181 09       		.uleb128 0x9
 692 0182 73726300 		.ascii	"src\000"
 693 0186 01       		.byte	0x1
 694 0187 58       		.byte	0x58
 695 0188 55010000 		.4byte	0x155
 696 018c 02       		.byte	0x2
 697 018d 91       		.byte	0x91
 698 018e 70       		.sleb128 -16
 699 018f 09       		.uleb128 0x9
 700 0190 6E00     		.ascii	"n\000"
 701 0192 01       		.byte	0x1
 702 0193 58       		.byte	0x58
 703 0194 30000000 		.4byte	0x30
 704 0198 02       		.byte	0x2
 705 0199 91       		.byte	0x91
 706 019a 6C       		.sleb128 -20
 707 019b 00       		.byte	0
 708 019c 0D       		.uleb128 0xd
 709 019d 2E000000 		.4byte	.LASF24
 710 01a1 01       		.byte	0x1
 711 01a2 AD       		.byte	0xad
 712 01a3 01       		.byte	0x1
 713 01a4 00000000 		.4byte	.LFB5
 714 01a8 E0000000 		.4byte	.LFE5
 715 01ac 01       		.byte	0x1
 716 01ad 9C       		.byte	0x9c
 717 01ae 01       		.byte	0x1
 718 01af 0E       		.uleb128 0xe
 719 01b0 0D000000 		.4byte	.LASF25
 720 01b4 01       		.byte	0x1
 721 01b5 F2       		.byte	0xf2
 722 01b6 01       		.byte	0x1
 723 01b7 00000000 		.4byte	.LFB6
 724 01bb 28000000 		.4byte	.LFE6
 725 01bf 01       		.byte	0x1
 726 01c0 9C       		.byte	0x9c
 727 01c1 01       		.byte	0x1
 728 01c2 0F       		.uleb128 0xf
 729 01c3 01       		.byte	0x1
 730 01c4 30010000 		.4byte	.LASF33
 731 01c8 01       		.byte	0x1
 732 01c9 0D01     		.2byte	0x10d
 733 01cb 01       		.byte	0x1
 734 01cc E0000000 		.4byte	.LFB7
 735 01d0 F0010000 		.4byte	.LFE7
 736 01d4 01       		.byte	0x1
 737 01d5 9C       		.byte	0x9c
 738 01d6 01       		.byte	0x1
 739 01d7 10       		.uleb128 0x10
 740 01d8 EE000000 		.4byte	.LBB2
 741 01dc 7A010000 		.4byte	.LBE2
 742 01e0 11       		.uleb128 0x11
 743 01e1 06       		.byte	0x6
 744 01e2 01       		.byte	0x1
 745 01e3 1601     		.2byte	0x116
 746 01e5 04020000 		.4byte	0x204
ARM GAS  C:\Users\hasur\AppData\Local\Temp\ccPfmuIo.s 			page 20


 747 01e9 12       		.uleb128 0x12
 748 01ea 58010000 		.4byte	.LASF26
 749 01ee 01       		.byte	0x1
 750 01ef 1701     		.2byte	0x117
 751 01f1 88000000 		.4byte	0x88
 752 01f5 00       		.byte	0
 753 01f6 12       		.uleb128 0x12
 754 01f7 EF000000 		.4byte	.LASF27
 755 01fb 01       		.byte	0x1
 756 01fc 1801     		.2byte	0x118
 757 01fe 9D000000 		.4byte	0x9d
 758 0202 04       		.byte	0x4
 759 0203 00       		.byte	0
 760 0204 06       		.uleb128 0x6
 761 0205 77010000 		.4byte	.LASF28
 762 0209 01       		.byte	0x1
 763 020a 1901     		.2byte	0x119
 764 020c E0010000 		.4byte	0x1e0
 765 0210 13       		.uleb128 0x13
 766 0211 20020000 		.4byte	0x220
 767 0215 20020000 		.4byte	0x220
 768 0219 14       		.uleb128 0x14
 769 021a 81000000 		.4byte	0x81
 770 021e 01       		.byte	0x1
 771 021f 00       		.byte	0
 772 0220 15       		.uleb128 0x15
 773 0221 04020000 		.4byte	0x204
 774 0225 16       		.uleb128 0x16
 775 0226 1E000000 		.4byte	.LASF29
 776 022a 01       		.byte	0x1
 777 022b 1B01     		.2byte	0x11b
 778 022d 37020000 		.4byte	0x237
 779 0231 05       		.byte	0x5
 780 0232 03       		.byte	0x3
 781 0233 00000000 		.4byte	cfg_memset_list.4884
 782 0237 15       		.uleb128 0x15
 783 0238 10020000 		.4byte	0x210
 784 023c 17       		.uleb128 0x17
 785 023d 6900     		.ascii	"i\000"
 786 023f 01       		.byte	0x1
 787 0240 2101     		.2byte	0x121
 788 0242 91000000 		.4byte	0x91
 789 0246 02       		.byte	0x2
 790 0247 91       		.byte	0x91
 791 0248 77       		.sleb128 -9
 792 0249 10       		.uleb128 0x10
 793 024a F6000000 		.4byte	.LBB3
 794 024e 32010000 		.4byte	.LBE3
 795 0252 17       		.uleb128 0x17
 796 0253 6D7300   		.ascii	"ms\000"
 797 0256 01       		.byte	0x1
 798 0257 2601     		.2byte	0x126
 799 0259 60020000 		.4byte	0x260
 800 025d 02       		.byte	0x2
 801 025e 91       		.byte	0x91
 802 025f 70       		.sleb128 -16
 803 0260 0B       		.uleb128 0xb
ARM GAS  C:\Users\hasur\AppData\Local\Temp\ccPfmuIo.s 			page 21


 804 0261 04       		.byte	0x4
 805 0262 20020000 		.4byte	0x220
 806 0266 00       		.byte	0
 807 0267 00       		.byte	0
 808 0268 00       		.byte	0
 809 0269 00       		.byte	0
 810              		.section	.debug_abbrev,"",%progbits
 811              	.Ldebug_abbrev0:
 812 0000 01       		.uleb128 0x1
 813 0001 11       		.uleb128 0x11
 814 0002 01       		.byte	0x1
 815 0003 25       		.uleb128 0x25
 816 0004 0E       		.uleb128 0xe
 817 0005 13       		.uleb128 0x13
 818 0006 0B       		.uleb128 0xb
 819 0007 03       		.uleb128 0x3
 820 0008 0E       		.uleb128 0xe
 821 0009 1B       		.uleb128 0x1b
 822 000a 0E       		.uleb128 0xe
 823 000b 55       		.uleb128 0x55
 824 000c 06       		.uleb128 0x6
 825 000d 11       		.uleb128 0x11
 826 000e 01       		.uleb128 0x1
 827 000f 52       		.uleb128 0x52
 828 0010 01       		.uleb128 0x1
 829 0011 10       		.uleb128 0x10
 830 0012 06       		.uleb128 0x6
 831 0013 00       		.byte	0
 832 0014 00       		.byte	0
 833 0015 02       		.uleb128 0x2
 834 0016 24       		.uleb128 0x24
 835 0017 00       		.byte	0
 836 0018 0B       		.uleb128 0xb
 837 0019 0B       		.uleb128 0xb
 838 001a 3E       		.uleb128 0x3e
 839 001b 0B       		.uleb128 0xb
 840 001c 03       		.uleb128 0x3
 841 001d 08       		.uleb128 0x8
 842 001e 00       		.byte	0
 843 001f 00       		.byte	0
 844 0020 03       		.uleb128 0x3
 845 0021 16       		.uleb128 0x16
 846 0022 00       		.byte	0
 847 0023 03       		.uleb128 0x3
 848 0024 0E       		.uleb128 0xe
 849 0025 3A       		.uleb128 0x3a
 850 0026 0B       		.uleb128 0xb
 851 0027 3B       		.uleb128 0x3b
 852 0028 0B       		.uleb128 0xb
 853 0029 49       		.uleb128 0x49
 854 002a 13       		.uleb128 0x13
 855 002b 00       		.byte	0
 856 002c 00       		.byte	0
 857 002d 04       		.uleb128 0x4
 858 002e 24       		.uleb128 0x24
 859 002f 00       		.byte	0
 860 0030 0B       		.uleb128 0xb
ARM GAS  C:\Users\hasur\AppData\Local\Temp\ccPfmuIo.s 			page 22


 861 0031 0B       		.uleb128 0xb
 862 0032 3E       		.uleb128 0x3e
 863 0033 0B       		.uleb128 0xb
 864 0034 03       		.uleb128 0x3
 865 0035 0E       		.uleb128 0xe
 866 0036 00       		.byte	0
 867 0037 00       		.byte	0
 868 0038 05       		.uleb128 0x5
 869 0039 0F       		.uleb128 0xf
 870 003a 00       		.byte	0
 871 003b 0B       		.uleb128 0xb
 872 003c 0B       		.uleb128 0xb
 873 003d 00       		.byte	0
 874 003e 00       		.byte	0
 875 003f 06       		.uleb128 0x6
 876 0040 16       		.uleb128 0x16
 877 0041 00       		.byte	0
 878 0042 03       		.uleb128 0x3
 879 0043 0E       		.uleb128 0xe
 880 0044 3A       		.uleb128 0x3a
 881 0045 0B       		.uleb128 0xb
 882 0046 3B       		.uleb128 0x3b
 883 0047 05       		.uleb128 0x5
 884 0048 49       		.uleb128 0x49
 885 0049 13       		.uleb128 0x13
 886 004a 00       		.byte	0
 887 004b 00       		.byte	0
 888 004c 07       		.uleb128 0x7
 889 004d 35       		.uleb128 0x35
 890 004e 00       		.byte	0
 891 004f 49       		.uleb128 0x49
 892 0050 13       		.uleb128 0x13
 893 0051 00       		.byte	0
 894 0052 00       		.byte	0
 895 0053 08       		.uleb128 0x8
 896 0054 2E       		.uleb128 0x2e
 897 0055 01       		.byte	0x1
 898 0056 03       		.uleb128 0x3
 899 0057 0E       		.uleb128 0xe
 900 0058 3A       		.uleb128 0x3a
 901 0059 0B       		.uleb128 0xb
 902 005a 3B       		.uleb128 0x3b
 903 005b 0B       		.uleb128 0xb
 904 005c 27       		.uleb128 0x27
 905 005d 0C       		.uleb128 0xc
 906 005e 11       		.uleb128 0x11
 907 005f 01       		.uleb128 0x1
 908 0060 12       		.uleb128 0x12
 909 0061 01       		.uleb128 0x1
 910 0062 40       		.uleb128 0x40
 911 0063 0A       		.uleb128 0xa
 912 0064 9642     		.uleb128 0x2116
 913 0066 0C       		.uleb128 0xc
 914 0067 01       		.uleb128 0x1
 915 0068 13       		.uleb128 0x13
 916 0069 00       		.byte	0
 917 006a 00       		.byte	0
ARM GAS  C:\Users\hasur\AppData\Local\Temp\ccPfmuIo.s 			page 23


 918 006b 09       		.uleb128 0x9
 919 006c 05       		.uleb128 0x5
 920 006d 00       		.byte	0
 921 006e 03       		.uleb128 0x3
 922 006f 08       		.uleb128 0x8
 923 0070 3A       		.uleb128 0x3a
 924 0071 0B       		.uleb128 0xb
 925 0072 3B       		.uleb128 0x3b
 926 0073 0B       		.uleb128 0xb
 927 0074 49       		.uleb128 0x49
 928 0075 13       		.uleb128 0x13
 929 0076 02       		.uleb128 0x2
 930 0077 0A       		.uleb128 0xa
 931 0078 00       		.byte	0
 932 0079 00       		.byte	0
 933 007a 0A       		.uleb128 0xa
 934 007b 05       		.uleb128 0x5
 935 007c 00       		.byte	0
 936 007d 03       		.uleb128 0x3
 937 007e 0E       		.uleb128 0xe
 938 007f 3A       		.uleb128 0x3a
 939 0080 0B       		.uleb128 0xb
 940 0081 3B       		.uleb128 0x3b
 941 0082 0B       		.uleb128 0xb
 942 0083 49       		.uleb128 0x49
 943 0084 13       		.uleb128 0x13
 944 0085 02       		.uleb128 0x2
 945 0086 0A       		.uleb128 0xa
 946 0087 00       		.byte	0
 947 0088 00       		.byte	0
 948 0089 0B       		.uleb128 0xb
 949 008a 0F       		.uleb128 0xf
 950 008b 00       		.byte	0
 951 008c 0B       		.uleb128 0xb
 952 008d 0B       		.uleb128 0xb
 953 008e 49       		.uleb128 0x49
 954 008f 13       		.uleb128 0x13
 955 0090 00       		.byte	0
 956 0091 00       		.byte	0
 957 0092 0C       		.uleb128 0xc
 958 0093 26       		.uleb128 0x26
 959 0094 00       		.byte	0
 960 0095 00       		.byte	0
 961 0096 00       		.byte	0
 962 0097 0D       		.uleb128 0xd
 963 0098 2E       		.uleb128 0x2e
 964 0099 00       		.byte	0
 965 009a 03       		.uleb128 0x3
 966 009b 0E       		.uleb128 0xe
 967 009c 3A       		.uleb128 0x3a
 968 009d 0B       		.uleb128 0xb
 969 009e 3B       		.uleb128 0x3b
 970 009f 0B       		.uleb128 0xb
 971 00a0 27       		.uleb128 0x27
 972 00a1 0C       		.uleb128 0xc
 973 00a2 11       		.uleb128 0x11
 974 00a3 01       		.uleb128 0x1
ARM GAS  C:\Users\hasur\AppData\Local\Temp\ccPfmuIo.s 			page 24


 975 00a4 12       		.uleb128 0x12
 976 00a5 01       		.uleb128 0x1
 977 00a6 40       		.uleb128 0x40
 978 00a7 0A       		.uleb128 0xa
 979 00a8 9642     		.uleb128 0x2116
 980 00aa 0C       		.uleb128 0xc
 981 00ab 00       		.byte	0
 982 00ac 00       		.byte	0
 983 00ad 0E       		.uleb128 0xe
 984 00ae 2E       		.uleb128 0x2e
 985 00af 00       		.byte	0
 986 00b0 03       		.uleb128 0x3
 987 00b1 0E       		.uleb128 0xe
 988 00b2 3A       		.uleb128 0x3a
 989 00b3 0B       		.uleb128 0xb
 990 00b4 3B       		.uleb128 0x3b
 991 00b5 0B       		.uleb128 0xb
 992 00b6 27       		.uleb128 0x27
 993 00b7 0C       		.uleb128 0xc
 994 00b8 11       		.uleb128 0x11
 995 00b9 01       		.uleb128 0x1
 996 00ba 12       		.uleb128 0x12
 997 00bb 01       		.uleb128 0x1
 998 00bc 40       		.uleb128 0x40
 999 00bd 0A       		.uleb128 0xa
 1000 00be 9742     		.uleb128 0x2117
 1001 00c0 0C       		.uleb128 0xc
 1002 00c1 00       		.byte	0
 1003 00c2 00       		.byte	0
 1004 00c3 0F       		.uleb128 0xf
 1005 00c4 2E       		.uleb128 0x2e
 1006 00c5 01       		.byte	0x1
 1007 00c6 3F       		.uleb128 0x3f
 1008 00c7 0C       		.uleb128 0xc
 1009 00c8 03       		.uleb128 0x3
 1010 00c9 0E       		.uleb128 0xe
 1011 00ca 3A       		.uleb128 0x3a
 1012 00cb 0B       		.uleb128 0xb
 1013 00cc 3B       		.uleb128 0x3b
 1014 00cd 05       		.uleb128 0x5
 1015 00ce 27       		.uleb128 0x27
 1016 00cf 0C       		.uleb128 0xc
 1017 00d0 11       		.uleb128 0x11
 1018 00d1 01       		.uleb128 0x1
 1019 00d2 12       		.uleb128 0x12
 1020 00d3 01       		.uleb128 0x1
 1021 00d4 40       		.uleb128 0x40
 1022 00d5 0A       		.uleb128 0xa
 1023 00d6 9642     		.uleb128 0x2116
 1024 00d8 0C       		.uleb128 0xc
 1025 00d9 00       		.byte	0
 1026 00da 00       		.byte	0
 1027 00db 10       		.uleb128 0x10
 1028 00dc 0B       		.uleb128 0xb
 1029 00dd 01       		.byte	0x1
 1030 00de 11       		.uleb128 0x11
 1031 00df 01       		.uleb128 0x1
ARM GAS  C:\Users\hasur\AppData\Local\Temp\ccPfmuIo.s 			page 25


 1032 00e0 12       		.uleb128 0x12
 1033 00e1 01       		.uleb128 0x1
 1034 00e2 00       		.byte	0
 1035 00e3 00       		.byte	0
 1036 00e4 11       		.uleb128 0x11
 1037 00e5 13       		.uleb128 0x13
 1038 00e6 01       		.byte	0x1
 1039 00e7 0B       		.uleb128 0xb
 1040 00e8 0B       		.uleb128 0xb
 1041 00e9 3A       		.uleb128 0x3a
 1042 00ea 0B       		.uleb128 0xb
 1043 00eb 3B       		.uleb128 0x3b
 1044 00ec 05       		.uleb128 0x5
 1045 00ed 01       		.uleb128 0x1
 1046 00ee 13       		.uleb128 0x13
 1047 00ef 00       		.byte	0
 1048 00f0 00       		.byte	0
 1049 00f1 12       		.uleb128 0x12
 1050 00f2 0D       		.uleb128 0xd
 1051 00f3 00       		.byte	0
 1052 00f4 03       		.uleb128 0x3
 1053 00f5 0E       		.uleb128 0xe
 1054 00f6 3A       		.uleb128 0x3a
 1055 00f7 0B       		.uleb128 0xb
 1056 00f8 3B       		.uleb128 0x3b
 1057 00f9 05       		.uleb128 0x5
 1058 00fa 49       		.uleb128 0x49
 1059 00fb 13       		.uleb128 0x13
 1060 00fc 38       		.uleb128 0x38
 1061 00fd 0B       		.uleb128 0xb
 1062 00fe 00       		.byte	0
 1063 00ff 00       		.byte	0
 1064 0100 13       		.uleb128 0x13
 1065 0101 01       		.uleb128 0x1
 1066 0102 01       		.byte	0x1
 1067 0103 49       		.uleb128 0x49
 1068 0104 13       		.uleb128 0x13
 1069 0105 01       		.uleb128 0x1
 1070 0106 13       		.uleb128 0x13
 1071 0107 00       		.byte	0
 1072 0108 00       		.byte	0
 1073 0109 14       		.uleb128 0x14
 1074 010a 21       		.uleb128 0x21
 1075 010b 00       		.byte	0
 1076 010c 49       		.uleb128 0x49
 1077 010d 13       		.uleb128 0x13
 1078 010e 2F       		.uleb128 0x2f
 1079 010f 0B       		.uleb128 0xb
 1080 0110 00       		.byte	0
 1081 0111 00       		.byte	0
 1082 0112 15       		.uleb128 0x15
 1083 0113 26       		.uleb128 0x26
 1084 0114 00       		.byte	0
 1085 0115 49       		.uleb128 0x49
 1086 0116 13       		.uleb128 0x13
 1087 0117 00       		.byte	0
 1088 0118 00       		.byte	0
ARM GAS  C:\Users\hasur\AppData\Local\Temp\ccPfmuIo.s 			page 26


 1089 0119 16       		.uleb128 0x16
 1090 011a 34       		.uleb128 0x34
 1091 011b 00       		.byte	0
 1092 011c 03       		.uleb128 0x3
 1093 011d 0E       		.uleb128 0xe
 1094 011e 3A       		.uleb128 0x3a
 1095 011f 0B       		.uleb128 0xb
 1096 0120 3B       		.uleb128 0x3b
 1097 0121 05       		.uleb128 0x5
 1098 0122 49       		.uleb128 0x49
 1099 0123 13       		.uleb128 0x13
 1100 0124 02       		.uleb128 0x2
 1101 0125 0A       		.uleb128 0xa
 1102 0126 00       		.byte	0
 1103 0127 00       		.byte	0
 1104 0128 17       		.uleb128 0x17
 1105 0129 34       		.uleb128 0x34
 1106 012a 00       		.byte	0
 1107 012b 03       		.uleb128 0x3
 1108 012c 08       		.uleb128 0x8
 1109 012d 3A       		.uleb128 0x3a
 1110 012e 0B       		.uleb128 0xb
 1111 012f 3B       		.uleb128 0x3b
 1112 0130 05       		.uleb128 0x5
 1113 0131 49       		.uleb128 0x49
 1114 0132 13       		.uleb128 0x13
 1115 0133 02       		.uleb128 0x2
 1116 0134 0A       		.uleb128 0xa
 1117 0135 00       		.byte	0
 1118 0136 00       		.byte	0
 1119 0137 00       		.byte	0
 1120              		.section	.debug_aranges,"",%progbits
 1121 0000 44000000 		.4byte	0x44
 1122 0004 0200     		.2byte	0x2
 1123 0006 00000000 		.4byte	.Ldebug_info0
 1124 000a 04       		.byte	0x4
 1125 000b 00       		.byte	0
 1126 000c 0000     		.2byte	0
 1127 000e 0000     		.2byte	0
 1128 0010 00000000 		.4byte	.LFB2
 1129 0014 1E000000 		.4byte	.LFE2-.LFB2
 1130 0018 00000000 		.4byte	.LFB3
 1131 001c 20000000 		.4byte	.LFE3-.LFB3
 1132 0020 00000000 		.4byte	.LFB4
 1133 0024 20000000 		.4byte	.LFE4-.LFB4
 1134 0028 00000000 		.4byte	.LFB5
 1135 002c E0000000 		.4byte	.LFE5-.LFB5
 1136 0030 00000000 		.4byte	.LFB6
 1137 0034 28000000 		.4byte	.LFE6-.LFB6
 1138 0038 E0000000 		.4byte	.LFB7
 1139 003c 10010000 		.4byte	.LFE7-.LFB7
 1140 0040 00000000 		.4byte	0
 1141 0044 00000000 		.4byte	0
 1142              		.section	.debug_ranges,"",%progbits
 1143              	.Ldebug_ranges0:
 1144 0000 00000000 		.4byte	.LFB2
 1145 0004 1E000000 		.4byte	.LFE2
ARM GAS  C:\Users\hasur\AppData\Local\Temp\ccPfmuIo.s 			page 27


 1146 0008 00000000 		.4byte	.LFB3
 1147 000c 20000000 		.4byte	.LFE3
 1148 0010 00000000 		.4byte	.LFB4
 1149 0014 20000000 		.4byte	.LFE4
 1150 0018 00000000 		.4byte	.LFB5
 1151 001c E0000000 		.4byte	.LFE5
 1152 0020 00000000 		.4byte	.LFB6
 1153 0024 28000000 		.4byte	.LFE6
 1154 0028 E0000000 		.4byte	.LFB7
 1155 002c F0010000 		.4byte	.LFE7
 1156 0030 00000000 		.4byte	0
 1157 0034 00000000 		.4byte	0
 1158              		.section	.debug_line,"",%progbits
 1159              	.Ldebug_line0:
 1160 0000 70010000 		.section	.debug_str,"MS",%progbits,1
 1160      0200CB00 
 1160      00000201 
 1160      FB0E0D00 
 1160      01010101 
 1161              	.LASF19:
 1162 0000 72656733 		.ascii	"reg32\000"
 1162      3200
 1163              	.LASF12:
 1164 0006 73697A65 		.ascii	"size_t\000"
 1164      5F7400
 1165              	.LASF25:
 1166 000d 416E616C 		.ascii	"AnalogSetDefault\000"
 1166      6F675365 
 1166      74446566 
 1166      61756C74 
 1166      00
 1167              	.LASF29:
 1168 001e 6366675F 		.ascii	"cfg_memset_list\000"
 1168      6D656D73 
 1168      65745F6C 
 1168      69737400 
 1169              	.LASF24:
 1170 002e 436C6F63 		.ascii	"ClockSetup\000"
 1170      6B536574 
 1170      757000
 1171              	.LASF6:
 1172 0039 73686F72 		.ascii	"short unsigned int\000"
 1172      7420756E 
 1172      7369676E 
 1172      65642069 
 1172      6E7400
 1173              	.LASF30:
 1174 004c 474E5520 		.ascii	"GNU C11 5.4.1 20160609 (release) [ARM/embedded-5-br"
 1174      43313120 
 1174      352E342E 
 1174      31203230 
 1174      31363036 
 1175 007f 616E6368 		.ascii	"anch revision 237715] -mcpu=cortex-m0 -mthumb -g -g"
 1175      20726576 
 1175      6973696F 
 1175      6E203233 
 1175      37373135 
ARM GAS  C:\Users\hasur\AppData\Local\Temp\ccPfmuIo.s 			page 28


 1176 00b2 64776172 		.ascii	"dwarf-3 -O0 -ffunction-sections -ffat-lto-objects\000"
 1176      662D3320 
 1176      2D4F3020 
 1176      2D666675 
 1176      6E637469 
 1177              	.LASF16:
 1178 00e4 666C6F61 		.ascii	"float\000"
 1178      7400
 1179              	.LASF22:
 1180 00ea 64657374 		.ascii	"dest\000"
 1180      00
 1181              	.LASF27:
 1182 00ef 73697A65 		.ascii	"size\000"
 1182      00
 1183              	.LASF18:
 1184 00f4 72656738 		.ascii	"reg8\000"
 1184      00
 1185              	.LASF8:
 1186 00f9 6C6F6E67 		.ascii	"long unsigned int\000"
 1186      20756E73 
 1186      69676E65 
 1186      6420696E 
 1186      7400
 1187              	.LASF13:
 1188 010b 75696E74 		.ascii	"uint8\000"
 1188      3800
 1189              	.LASF20:
 1190 0111 43594D45 		.ascii	"CYMEMZERO\000"
 1190      4D5A4552 
 1190      4F00
 1191              	.LASF4:
 1192 011b 756E7369 		.ascii	"unsigned char\000"
 1192      676E6564 
 1192      20636861 
 1192      7200
 1193              	.LASF17:
 1194 0129 646F7562 		.ascii	"double\000"
 1194      6C6500
 1195              	.LASF33:
 1196 0130 63796669 		.ascii	"cyfitter_cfg\000"
 1196      74746572 
 1196      5F636667 
 1196      00
 1197              	.LASF14:
 1198 013d 75696E74 		.ascii	"uint16\000"
 1198      313600
 1199              	.LASF15:
 1200 0144 75696E74 		.ascii	"uint32\000"
 1200      333200
 1201              	.LASF0:
 1202 014b 756E7369 		.ascii	"unsigned int\000"
 1202      676E6564 
 1202      20696E74 
 1202      00
 1203              	.LASF26:
 1204 0158 61646472 		.ascii	"address\000"
 1204      65737300 
ARM GAS  C:\Users\hasur\AppData\Local\Temp\ccPfmuIo.s 			page 29


 1205              	.LASF9:
 1206 0160 6C6F6E67 		.ascii	"long long unsigned int\000"
 1206      206C6F6E 
 1206      6720756E 
 1206      7369676E 
 1206      65642069 
 1207              	.LASF28:
 1208 0177 6366675F 		.ascii	"cfg_memset_t\000"
 1208      6D656D73 
 1208      65745F74 
 1208      00
 1209              	.LASF10:
 1210 0184 73697A65 		.ascii	"sizetype\000"
 1210      74797065 
 1210      00
 1211              	.LASF1:
 1212 018d 6C6F6E67 		.ascii	"long long int\000"
 1212      206C6F6E 
 1212      6720696E 
 1212      7400
 1213              	.LASF11:
 1214 019b 63686172 		.ascii	"char\000"
 1214      00
 1215              	.LASF5:
 1216 01a0 73686F72 		.ascii	"short int\000"
 1216      7420696E 
 1216      7400
 1217              	.LASF32:
 1218 01aa 433A5C55 		.ascii	"C:\\Users\\hasur\\Documents\\PSoC_4_BLE_Pressure_Se"
 1218      73657273 
 1218      5C686173 
 1218      75725C44 
 1218      6F63756D 
 1219 01d9 6E736F72 		.ascii	"nsor\\PSoC_4_BLE_Pressure_Sensor.cydsn\000"
 1219      5C50536F 
 1219      435F345F 
 1219      424C455F 
 1219      50726573 
 1220              	.LASF7:
 1221 01ff 6C6F6E67 		.ascii	"long int\000"
 1221      20696E74 
 1221      00
 1222              	.LASF2:
 1223 0208 6C6F6E67 		.ascii	"long double\000"
 1223      20646F75 
 1223      626C6500 
 1224              	.LASF3:
 1225 0214 7369676E 		.ascii	"signed char\000"
 1225      65642063 
 1225      68617200 
 1226              	.LASF31:
 1227 0220 47656E65 		.ascii	"Generated_Source\\PSoC4\\cyfitter_cfg.c\000"
 1227      72617465 
 1227      645F536F 
 1227      75726365 
 1227      5C50536F 
 1228              	.LASF23:
ARM GAS  C:\Users\hasur\AppData\Local\Temp\ccPfmuIo.s 			page 30


 1229 0246 4359434F 		.ascii	"CYCONFIGCPYCODE\000"
 1229      4E464947 
 1229      43505943 
 1229      4F444500 
 1230              	.LASF21:
 1231 0256 4359434F 		.ascii	"CYCONFIGCPY\000"
 1231      4E464947 
 1231      43505900 
 1232              		.ident	"GCC: (GNU Tools for ARM Embedded Processors) 5.4.1 20160609 (release) [ARM/embedded-5-bran
