ARM GAS  C:\Users\hasur\AppData\Local\Temp\cc8Z5t6V.s 			page 1


   1              		.syntax unified
   2              		.cpu cortex-m0
   3              		.fpu softvfp
   4              		.eabi_attribute 20, 1
   5              		.eabi_attribute 21, 1
   6              		.eabi_attribute 23, 3
   7              		.eabi_attribute 24, 1
   8              		.eabi_attribute 25, 1
   9              		.eabi_attribute 26, 1
  10              		.eabi_attribute 30, 6
  11              		.eabi_attribute 34, 0
  12              		.eabi_attribute 18, 4
  13              		.thumb
  14              		.syntax unified
  15              		.file	"I2C_sda.c"
  16              		.text
  17              	.Ltext0:
  18              		.cfi_sections	.debug_frame
  19              		.section	.text.I2C_sda_SetDriveMode,"ax",%progbits
  20              		.align	2
  21              		.global	I2C_sda_SetDriveMode
  22              		.code	16
  23              		.thumb_func
  24              		.type	I2C_sda_SetDriveMode, %function
  25              	I2C_sda_SetDriveMode:
  26              	.LFB0:
  27              		.file 1 "Generated_Source\\PSoC4\\I2C_sda.c"
   1:Generated_Source\PSoC4/I2C_sda.c **** /*******************************************************************************
   2:Generated_Source\PSoC4/I2C_sda.c **** * File Name: I2C_sda.c  
   3:Generated_Source\PSoC4/I2C_sda.c **** * Version 2.20
   4:Generated_Source\PSoC4/I2C_sda.c **** *
   5:Generated_Source\PSoC4/I2C_sda.c **** * Description:
   6:Generated_Source\PSoC4/I2C_sda.c **** *  This file contains API to enable firmware control of a Pins component.
   7:Generated_Source\PSoC4/I2C_sda.c **** *
   8:Generated_Source\PSoC4/I2C_sda.c **** ********************************************************************************
   9:Generated_Source\PSoC4/I2C_sda.c **** * Copyright 2008-2015, Cypress Semiconductor Corporation.  All rights reserved.
  10:Generated_Source\PSoC4/I2C_sda.c **** * You may use this file only in accordance with the license, terms, conditions, 
  11:Generated_Source\PSoC4/I2C_sda.c **** * disclaimers, and limitations in the end user license agreement accompanying 
  12:Generated_Source\PSoC4/I2C_sda.c **** * the software package with which this file was provided.
  13:Generated_Source\PSoC4/I2C_sda.c **** *******************************************************************************/
  14:Generated_Source\PSoC4/I2C_sda.c **** 
  15:Generated_Source\PSoC4/I2C_sda.c **** #include "cytypes.h"
  16:Generated_Source\PSoC4/I2C_sda.c **** #include "I2C_sda.h"
  17:Generated_Source\PSoC4/I2C_sda.c **** 
  18:Generated_Source\PSoC4/I2C_sda.c **** 
  19:Generated_Source\PSoC4/I2C_sda.c **** #if defined(I2C_sda__PC)
  20:Generated_Source\PSoC4/I2C_sda.c ****     #define I2C_sda_SetP4PinDriveMode(shift, mode)  \
  21:Generated_Source\PSoC4/I2C_sda.c ****     do { \
  22:Generated_Source\PSoC4/I2C_sda.c ****         I2C_sda_PC =   (I2C_sda_PC & \
  23:Generated_Source\PSoC4/I2C_sda.c ****                                 (uint32)(~(uint32)(I2C_sda_DRIVE_MODE_IND_MASK << \
  24:Generated_Source\PSoC4/I2C_sda.c ****                                 (I2C_sda_DRIVE_MODE_BITS * (shift))))) | \
  25:Generated_Source\PSoC4/I2C_sda.c ****                                 (uint32)((uint32)(mode) << \
  26:Generated_Source\PSoC4/I2C_sda.c ****                                 (I2C_sda_DRIVE_MODE_BITS * (shift))); \
  27:Generated_Source\PSoC4/I2C_sda.c ****     } while (0)
  28:Generated_Source\PSoC4/I2C_sda.c **** #else
  29:Generated_Source\PSoC4/I2C_sda.c ****     #if (CY_PSOC4_4200L)
  30:Generated_Source\PSoC4/I2C_sda.c ****         #define I2C_sda_SetP4PinDriveMode(shift, mode)  \
ARM GAS  C:\Users\hasur\AppData\Local\Temp\cc8Z5t6V.s 			page 2


  31:Generated_Source\PSoC4/I2C_sda.c ****         do { \
  32:Generated_Source\PSoC4/I2C_sda.c ****             I2C_sda_USBIO_CTRL_REG = (I2C_sda_USBIO_CTRL_REG & \
  33:Generated_Source\PSoC4/I2C_sda.c ****                                     (uint32)(~(uint32)(I2C_sda_DRIVE_MODE_IND_MASK << \
  34:Generated_Source\PSoC4/I2C_sda.c ****                                     (I2C_sda_DRIVE_MODE_BITS * (shift))))) | \
  35:Generated_Source\PSoC4/I2C_sda.c ****                                     (uint32)((uint32)(mode) << \
  36:Generated_Source\PSoC4/I2C_sda.c ****                                     (I2C_sda_DRIVE_MODE_BITS * (shift))); \
  37:Generated_Source\PSoC4/I2C_sda.c ****         } while (0)
  38:Generated_Source\PSoC4/I2C_sda.c ****     #endif
  39:Generated_Source\PSoC4/I2C_sda.c **** #endif
  40:Generated_Source\PSoC4/I2C_sda.c ****   
  41:Generated_Source\PSoC4/I2C_sda.c **** 
  42:Generated_Source\PSoC4/I2C_sda.c **** #if defined(I2C_sda__PC) || (CY_PSOC4_4200L) 
  43:Generated_Source\PSoC4/I2C_sda.c ****     /*******************************************************************************
  44:Generated_Source\PSoC4/I2C_sda.c ****     * Function Name: I2C_sda_SetDriveMode
  45:Generated_Source\PSoC4/I2C_sda.c ****     ****************************************************************************//**
  46:Generated_Source\PSoC4/I2C_sda.c ****     *
  47:Generated_Source\PSoC4/I2C_sda.c ****     * \brief Sets the drive mode for each of the Pins component's pins.
  48:Generated_Source\PSoC4/I2C_sda.c ****     * 
  49:Generated_Source\PSoC4/I2C_sda.c ****     * <b>Note</b> This affects all pins in the Pins component instance. Use the
  50:Generated_Source\PSoC4/I2C_sda.c ****     * Per-Pin APIs if you wish to control individual pin's drive modes.
  51:Generated_Source\PSoC4/I2C_sda.c ****     *
  52:Generated_Source\PSoC4/I2C_sda.c ****     * <b>Note</b> USBIOs have limited drive functionality. Refer to the Drive Mode
  53:Generated_Source\PSoC4/I2C_sda.c ****     * parameter for more information.
  54:Generated_Source\PSoC4/I2C_sda.c ****     *
  55:Generated_Source\PSoC4/I2C_sda.c ****     * \param mode
  56:Generated_Source\PSoC4/I2C_sda.c ****     *  Mode for the selected signals. Valid options are documented in 
  57:Generated_Source\PSoC4/I2C_sda.c ****     *  \ref driveMode.
  58:Generated_Source\PSoC4/I2C_sda.c ****     *
  59:Generated_Source\PSoC4/I2C_sda.c ****     * \return
  60:Generated_Source\PSoC4/I2C_sda.c ****     *  None
  61:Generated_Source\PSoC4/I2C_sda.c ****     *
  62:Generated_Source\PSoC4/I2C_sda.c ****     * \sideeffect
  63:Generated_Source\PSoC4/I2C_sda.c ****     *  If you use read-modify-write operations that are not atomic, the ISR can
  64:Generated_Source\PSoC4/I2C_sda.c ****     *  cause corruption of this function. An ISR that interrupts this function 
  65:Generated_Source\PSoC4/I2C_sda.c ****     *  and performs writes to the Pins component Drive Mode registers can cause 
  66:Generated_Source\PSoC4/I2C_sda.c ****     *  corrupted port data. To avoid this issue, you should either use the Per-Pin
  67:Generated_Source\PSoC4/I2C_sda.c ****     *  APIs (primary method) or disable interrupts around this function.
  68:Generated_Source\PSoC4/I2C_sda.c ****     *
  69:Generated_Source\PSoC4/I2C_sda.c ****     * \funcusage
  70:Generated_Source\PSoC4/I2C_sda.c ****     *  \snippet I2C_sda_SUT.c usage_I2C_sda_SetDriveMode
  71:Generated_Source\PSoC4/I2C_sda.c ****     *******************************************************************************/
  72:Generated_Source\PSoC4/I2C_sda.c ****     void I2C_sda_SetDriveMode(uint8 mode)
  73:Generated_Source\PSoC4/I2C_sda.c ****     {
  28              		.loc 1 73 0
  29              		.cfi_startproc
  30              		@ args = 0, pretend = 0, frame = 8
  31              		@ frame_needed = 1, uses_anonymous_args = 0
  32 0000 80B5     		push	{r7, lr}
  33              		.cfi_def_cfa_offset 8
  34              		.cfi_offset 7, -8
  35              		.cfi_offset 14, -4
  36 0002 82B0     		sub	sp, sp, #8
  37              		.cfi_def_cfa_offset 16
  38 0004 00AF     		add	r7, sp, #0
  39              		.cfi_def_cfa_register 7
  40 0006 0200     		movs	r2, r0
  41 0008 FB1D     		adds	r3, r7, #7
ARM GAS  C:\Users\hasur\AppData\Local\Temp\cc8Z5t6V.s 			page 3


  42 000a 1A70     		strb	r2, [r3]
  74:Generated_Source\PSoC4/I2C_sda.c **** 		I2C_sda_SetP4PinDriveMode(I2C_sda__0__SHIFT, mode);
  43              		.loc 1 74 0
  44 000c 064B     		ldr	r3, .L2
  45 000e 064A     		ldr	r2, .L2
  46 0010 1268     		ldr	r2, [r2]
  47 0012 0721     		movs	r1, #7
  48 0014 8A43     		bics	r2, r1
  49 0016 1100     		movs	r1, r2
  50 0018 FA1D     		adds	r2, r7, #7
  51 001a 1278     		ldrb	r2, [r2]
  52 001c 0A43     		orrs	r2, r1
  53 001e 1A60     		str	r2, [r3]
  75:Generated_Source\PSoC4/I2C_sda.c ****     }
  54              		.loc 1 75 0
  55 0020 C046     		nop
  56 0022 BD46     		mov	sp, r7
  57 0024 02B0     		add	sp, sp, #8
  58              		@ sp needed
  59 0026 80BD     		pop	{r7, pc}
  60              	.L3:
  61              		.align	2
  62              	.L2:
  63 0028 08030440 		.word	1074004744
  64              		.cfi_endproc
  65              	.LFE0:
  66              		.size	I2C_sda_SetDriveMode, .-I2C_sda_SetDriveMode
  67              		.section	.text.I2C_sda_Write,"ax",%progbits
  68              		.align	2
  69              		.global	I2C_sda_Write
  70              		.code	16
  71              		.thumb_func
  72              		.type	I2C_sda_Write, %function
  73              	I2C_sda_Write:
  74              	.LFB1:
  76:Generated_Source\PSoC4/I2C_sda.c **** #endif
  77:Generated_Source\PSoC4/I2C_sda.c **** 
  78:Generated_Source\PSoC4/I2C_sda.c **** 
  79:Generated_Source\PSoC4/I2C_sda.c **** /*******************************************************************************
  80:Generated_Source\PSoC4/I2C_sda.c **** * Function Name: I2C_sda_Write
  81:Generated_Source\PSoC4/I2C_sda.c **** ****************************************************************************//**
  82:Generated_Source\PSoC4/I2C_sda.c **** *
  83:Generated_Source\PSoC4/I2C_sda.c **** * \brief Writes the value to the physical port (data output register), masking
  84:Generated_Source\PSoC4/I2C_sda.c **** *  and shifting the bits appropriately. 
  85:Generated_Source\PSoC4/I2C_sda.c **** *
  86:Generated_Source\PSoC4/I2C_sda.c **** * The data output register controls the signal applied to the physical pin in 
  87:Generated_Source\PSoC4/I2C_sda.c **** * conjunction with the drive mode parameter. This function avoids changing 
  88:Generated_Source\PSoC4/I2C_sda.c **** * other bits in the port by using the appropriate method (read-modify-write or
  89:Generated_Source\PSoC4/I2C_sda.c **** * bit banding).
  90:Generated_Source\PSoC4/I2C_sda.c **** *
  91:Generated_Source\PSoC4/I2C_sda.c **** * <b>Note</b> This function should not be used on a hardware digital output pin 
  92:Generated_Source\PSoC4/I2C_sda.c **** * as it is driven by the hardware signal attached to it.
  93:Generated_Source\PSoC4/I2C_sda.c **** *
  94:Generated_Source\PSoC4/I2C_sda.c **** * \param value
  95:Generated_Source\PSoC4/I2C_sda.c **** *  Value to write to the component instance.
  96:Generated_Source\PSoC4/I2C_sda.c **** *
  97:Generated_Source\PSoC4/I2C_sda.c **** * \return 
ARM GAS  C:\Users\hasur\AppData\Local\Temp\cc8Z5t6V.s 			page 4


  98:Generated_Source\PSoC4/I2C_sda.c **** *  None 
  99:Generated_Source\PSoC4/I2C_sda.c **** *
 100:Generated_Source\PSoC4/I2C_sda.c **** * \sideeffect
 101:Generated_Source\PSoC4/I2C_sda.c **** *  If you use read-modify-write operations that are not atomic; the Interrupt 
 102:Generated_Source\PSoC4/I2C_sda.c **** *  Service Routines (ISR) can cause corruption of this function. An ISR that 
 103:Generated_Source\PSoC4/I2C_sda.c **** *  interrupts this function and performs writes to the Pins component data 
 104:Generated_Source\PSoC4/I2C_sda.c **** *  register can cause corrupted port data. To avoid this issue, you should 
 105:Generated_Source\PSoC4/I2C_sda.c **** *  either use the Per-Pin APIs (primary method) or disable interrupts around 
 106:Generated_Source\PSoC4/I2C_sda.c **** *  this function.
 107:Generated_Source\PSoC4/I2C_sda.c **** *
 108:Generated_Source\PSoC4/I2C_sda.c **** * \funcusage
 109:Generated_Source\PSoC4/I2C_sda.c **** *  \snippet I2C_sda_SUT.c usage_I2C_sda_Write
 110:Generated_Source\PSoC4/I2C_sda.c **** *******************************************************************************/
 111:Generated_Source\PSoC4/I2C_sda.c **** void I2C_sda_Write(uint8 value)
 112:Generated_Source\PSoC4/I2C_sda.c **** {
  75              		.loc 1 112 0
  76              		.cfi_startproc
  77              		@ args = 0, pretend = 0, frame = 16
  78              		@ frame_needed = 1, uses_anonymous_args = 0
  79 0000 80B5     		push	{r7, lr}
  80              		.cfi_def_cfa_offset 8
  81              		.cfi_offset 7, -8
  82              		.cfi_offset 14, -4
  83 0002 84B0     		sub	sp, sp, #16
  84              		.cfi_def_cfa_offset 24
  85 0004 00AF     		add	r7, sp, #0
  86              		.cfi_def_cfa_register 7
  87 0006 0200     		movs	r2, r0
  88 0008 FB1D     		adds	r3, r7, #7
  89 000a 1A70     		strb	r2, [r3]
 113:Generated_Source\PSoC4/I2C_sda.c ****     uint8 drVal = (uint8)(I2C_sda_DR & (uint8)(~I2C_sda_MASK));
  90              		.loc 1 113 0
  91 000c 0E4B     		ldr	r3, .L5
  92 000e 1B68     		ldr	r3, [r3]
  93 0010 DAB2     		uxtb	r2, r3
  94 0012 0F23     		movs	r3, #15
  95 0014 FB18     		adds	r3, r7, r3
  96 0016 0121     		movs	r1, #1
  97 0018 8A43     		bics	r2, r1
  98 001a 1A70     		strb	r2, [r3]
 114:Generated_Source\PSoC4/I2C_sda.c ****     drVal = (drVal | ((uint8)(value << I2C_sda_SHIFT) & I2C_sda_MASK));
  99              		.loc 1 114 0
 100 001c FB1D     		adds	r3, r7, #7
 101 001e 1B78     		ldrb	r3, [r3]
 102 0020 0122     		movs	r2, #1
 103 0022 1340     		ands	r3, r2
 104 0024 D9B2     		uxtb	r1, r3
 105 0026 0F23     		movs	r3, #15
 106 0028 FB18     		adds	r3, r7, r3
 107 002a 0F22     		movs	r2, #15
 108 002c BA18     		adds	r2, r7, r2
 109 002e 1278     		ldrb	r2, [r2]
 110 0030 0A43     		orrs	r2, r1
 111 0032 1A70     		strb	r2, [r3]
 115:Generated_Source\PSoC4/I2C_sda.c ****     I2C_sda_DR = (uint32)drVal;
 112              		.loc 1 115 0
 113 0034 044B     		ldr	r3, .L5
ARM GAS  C:\Users\hasur\AppData\Local\Temp\cc8Z5t6V.s 			page 5


 114 0036 0F22     		movs	r2, #15
 115 0038 BA18     		adds	r2, r7, r2
 116 003a 1278     		ldrb	r2, [r2]
 117 003c 1A60     		str	r2, [r3]
 116:Generated_Source\PSoC4/I2C_sda.c **** }
 118              		.loc 1 116 0
 119 003e C046     		nop
 120 0040 BD46     		mov	sp, r7
 121 0042 04B0     		add	sp, sp, #16
 122              		@ sp needed
 123 0044 80BD     		pop	{r7, pc}
 124              	.L6:
 125 0046 C046     		.align	2
 126              	.L5:
 127 0048 00030440 		.word	1074004736
 128              		.cfi_endproc
 129              	.LFE1:
 130              		.size	I2C_sda_Write, .-I2C_sda_Write
 131              		.section	.text.I2C_sda_Read,"ax",%progbits
 132              		.align	2
 133              		.global	I2C_sda_Read
 134              		.code	16
 135              		.thumb_func
 136              		.type	I2C_sda_Read, %function
 137              	I2C_sda_Read:
 138              	.LFB2:
 117:Generated_Source\PSoC4/I2C_sda.c **** 
 118:Generated_Source\PSoC4/I2C_sda.c **** 
 119:Generated_Source\PSoC4/I2C_sda.c **** /*******************************************************************************
 120:Generated_Source\PSoC4/I2C_sda.c **** * Function Name: I2C_sda_Read
 121:Generated_Source\PSoC4/I2C_sda.c **** ****************************************************************************//**
 122:Generated_Source\PSoC4/I2C_sda.c **** *
 123:Generated_Source\PSoC4/I2C_sda.c **** * \brief Reads the associated physical port (pin status register) and masks 
 124:Generated_Source\PSoC4/I2C_sda.c **** *  the required bits according to the width and bit position of the component
 125:Generated_Source\PSoC4/I2C_sda.c **** *  instance. 
 126:Generated_Source\PSoC4/I2C_sda.c **** *
 127:Generated_Source\PSoC4/I2C_sda.c **** * The pin's status register returns the current logic level present on the 
 128:Generated_Source\PSoC4/I2C_sda.c **** * physical pin.
 129:Generated_Source\PSoC4/I2C_sda.c **** *
 130:Generated_Source\PSoC4/I2C_sda.c **** * \return 
 131:Generated_Source\PSoC4/I2C_sda.c **** *  The current value for the pins in the component as a right justified number.
 132:Generated_Source\PSoC4/I2C_sda.c **** *
 133:Generated_Source\PSoC4/I2C_sda.c **** * \funcusage
 134:Generated_Source\PSoC4/I2C_sda.c **** *  \snippet I2C_sda_SUT.c usage_I2C_sda_Read  
 135:Generated_Source\PSoC4/I2C_sda.c **** *******************************************************************************/
 136:Generated_Source\PSoC4/I2C_sda.c **** uint8 I2C_sda_Read(void)
 137:Generated_Source\PSoC4/I2C_sda.c **** {
 139              		.loc 1 137 0
 140              		.cfi_startproc
 141              		@ args = 0, pretend = 0, frame = 0
 142              		@ frame_needed = 1, uses_anonymous_args = 0
 143 0000 80B5     		push	{r7, lr}
 144              		.cfi_def_cfa_offset 8
 145              		.cfi_offset 7, -8
 146              		.cfi_offset 14, -4
 147 0002 00AF     		add	r7, sp, #0
 148              		.cfi_def_cfa_register 7
ARM GAS  C:\Users\hasur\AppData\Local\Temp\cc8Z5t6V.s 			page 6


 138:Generated_Source\PSoC4/I2C_sda.c ****     return (uint8)((I2C_sda_PS & I2C_sda_MASK) >> I2C_sda_SHIFT);
 149              		.loc 1 138 0
 150 0004 044B     		ldr	r3, .L9
 151 0006 1B68     		ldr	r3, [r3]
 152 0008 DBB2     		uxtb	r3, r3
 153 000a 0122     		movs	r2, #1
 154 000c 1340     		ands	r3, r2
 155 000e DBB2     		uxtb	r3, r3
 139:Generated_Source\PSoC4/I2C_sda.c **** }
 156              		.loc 1 139 0
 157 0010 1800     		movs	r0, r3
 158 0012 BD46     		mov	sp, r7
 159              		@ sp needed
 160 0014 80BD     		pop	{r7, pc}
 161              	.L10:
 162 0016 C046     		.align	2
 163              	.L9:
 164 0018 04030440 		.word	1074004740
 165              		.cfi_endproc
 166              	.LFE2:
 167              		.size	I2C_sda_Read, .-I2C_sda_Read
 168              		.section	.text.I2C_sda_ReadDataReg,"ax",%progbits
 169              		.align	2
 170              		.global	I2C_sda_ReadDataReg
 171              		.code	16
 172              		.thumb_func
 173              		.type	I2C_sda_ReadDataReg, %function
 174              	I2C_sda_ReadDataReg:
 175              	.LFB3:
 140:Generated_Source\PSoC4/I2C_sda.c **** 
 141:Generated_Source\PSoC4/I2C_sda.c **** 
 142:Generated_Source\PSoC4/I2C_sda.c **** /*******************************************************************************
 143:Generated_Source\PSoC4/I2C_sda.c **** * Function Name: I2C_sda_ReadDataReg
 144:Generated_Source\PSoC4/I2C_sda.c **** ****************************************************************************//**
 145:Generated_Source\PSoC4/I2C_sda.c **** *
 146:Generated_Source\PSoC4/I2C_sda.c **** * \brief Reads the associated physical port's data output register and masks 
 147:Generated_Source\PSoC4/I2C_sda.c **** *  the correct bits according to the width and bit position of the component 
 148:Generated_Source\PSoC4/I2C_sda.c **** *  instance. 
 149:Generated_Source\PSoC4/I2C_sda.c **** *
 150:Generated_Source\PSoC4/I2C_sda.c **** * The data output register controls the signal applied to the physical pin in 
 151:Generated_Source\PSoC4/I2C_sda.c **** * conjunction with the drive mode parameter. This is not the same as the 
 152:Generated_Source\PSoC4/I2C_sda.c **** * preferred I2C_sda_Read() API because the 
 153:Generated_Source\PSoC4/I2C_sda.c **** * I2C_sda_ReadDataReg() reads the data register instead of the status 
 154:Generated_Source\PSoC4/I2C_sda.c **** * register. For output pins this is a useful function to determine the value 
 155:Generated_Source\PSoC4/I2C_sda.c **** * just written to the pin.
 156:Generated_Source\PSoC4/I2C_sda.c **** *
 157:Generated_Source\PSoC4/I2C_sda.c **** * \return 
 158:Generated_Source\PSoC4/I2C_sda.c **** *  The current value of the data register masked and shifted into a right 
 159:Generated_Source\PSoC4/I2C_sda.c **** *  justified number for the component instance.
 160:Generated_Source\PSoC4/I2C_sda.c **** *
 161:Generated_Source\PSoC4/I2C_sda.c **** * \funcusage
 162:Generated_Source\PSoC4/I2C_sda.c **** *  \snippet I2C_sda_SUT.c usage_I2C_sda_ReadDataReg 
 163:Generated_Source\PSoC4/I2C_sda.c **** *******************************************************************************/
 164:Generated_Source\PSoC4/I2C_sda.c **** uint8 I2C_sda_ReadDataReg(void)
 165:Generated_Source\PSoC4/I2C_sda.c **** {
 176              		.loc 1 165 0
 177              		.cfi_startproc
ARM GAS  C:\Users\hasur\AppData\Local\Temp\cc8Z5t6V.s 			page 7


 178              		@ args = 0, pretend = 0, frame = 0
 179              		@ frame_needed = 1, uses_anonymous_args = 0
 180 0000 80B5     		push	{r7, lr}
 181              		.cfi_def_cfa_offset 8
 182              		.cfi_offset 7, -8
 183              		.cfi_offset 14, -4
 184 0002 00AF     		add	r7, sp, #0
 185              		.cfi_def_cfa_register 7
 166:Generated_Source\PSoC4/I2C_sda.c ****     return (uint8)((I2C_sda_DR & I2C_sda_MASK) >> I2C_sda_SHIFT);
 186              		.loc 1 166 0
 187 0004 044B     		ldr	r3, .L13
 188 0006 1B68     		ldr	r3, [r3]
 189 0008 DBB2     		uxtb	r3, r3
 190 000a 0122     		movs	r2, #1
 191 000c 1340     		ands	r3, r2
 192 000e DBB2     		uxtb	r3, r3
 167:Generated_Source\PSoC4/I2C_sda.c **** }
 193              		.loc 1 167 0
 194 0010 1800     		movs	r0, r3
 195 0012 BD46     		mov	sp, r7
 196              		@ sp needed
 197 0014 80BD     		pop	{r7, pc}
 198              	.L14:
 199 0016 C046     		.align	2
 200              	.L13:
 201 0018 00030440 		.word	1074004736
 202              		.cfi_endproc
 203              	.LFE3:
 204              		.size	I2C_sda_ReadDataReg, .-I2C_sda_ReadDataReg
 205              		.section	.text.I2C_sda_SetInterruptMode,"ax",%progbits
 206              		.align	2
 207              		.global	I2C_sda_SetInterruptMode
 208              		.code	16
 209              		.thumb_func
 210              		.type	I2C_sda_SetInterruptMode, %function
 211              	I2C_sda_SetInterruptMode:
 212              	.LFB4:
 168:Generated_Source\PSoC4/I2C_sda.c **** 
 169:Generated_Source\PSoC4/I2C_sda.c **** 
 170:Generated_Source\PSoC4/I2C_sda.c **** /*******************************************************************************
 171:Generated_Source\PSoC4/I2C_sda.c **** * Function Name: I2C_sda_SetInterruptMode
 172:Generated_Source\PSoC4/I2C_sda.c **** ****************************************************************************//**
 173:Generated_Source\PSoC4/I2C_sda.c **** *
 174:Generated_Source\PSoC4/I2C_sda.c **** * \brief Configures the interrupt mode for each of the Pins component's
 175:Generated_Source\PSoC4/I2C_sda.c **** *  pins. Alternatively you may set the interrupt mode for all the pins
 176:Generated_Source\PSoC4/I2C_sda.c **** *  specified in the Pins component.
 177:Generated_Source\PSoC4/I2C_sda.c **** *
 178:Generated_Source\PSoC4/I2C_sda.c **** *  <b>Note</b> The interrupt is port-wide and therefore any enabled pin
 179:Generated_Source\PSoC4/I2C_sda.c **** *  interrupt may trigger it.
 180:Generated_Source\PSoC4/I2C_sda.c **** *
 181:Generated_Source\PSoC4/I2C_sda.c **** * \param position
 182:Generated_Source\PSoC4/I2C_sda.c **** *  The pin position as listed in the Pins component. You may OR these to be 
 183:Generated_Source\PSoC4/I2C_sda.c **** *  able to configure the interrupt mode of multiple pins within a Pins 
 184:Generated_Source\PSoC4/I2C_sda.c **** *  component. Or you may use I2C_sda_INTR_ALL to configure the
 185:Generated_Source\PSoC4/I2C_sda.c **** *  interrupt mode of all the pins in the Pins component.       
 186:Generated_Source\PSoC4/I2C_sda.c **** *  - I2C_sda_0_INTR       (First pin in the list)
 187:Generated_Source\PSoC4/I2C_sda.c **** *  - I2C_sda_1_INTR       (Second pin in the list)
ARM GAS  C:\Users\hasur\AppData\Local\Temp\cc8Z5t6V.s 			page 8


 188:Generated_Source\PSoC4/I2C_sda.c **** *  - ...
 189:Generated_Source\PSoC4/I2C_sda.c **** *  - I2C_sda_INTR_ALL     (All pins in Pins component)
 190:Generated_Source\PSoC4/I2C_sda.c **** *
 191:Generated_Source\PSoC4/I2C_sda.c **** * \param mode
 192:Generated_Source\PSoC4/I2C_sda.c **** *  Interrupt mode for the selected pins. Valid options are documented in
 193:Generated_Source\PSoC4/I2C_sda.c **** *  \ref intrMode.
 194:Generated_Source\PSoC4/I2C_sda.c **** *
 195:Generated_Source\PSoC4/I2C_sda.c **** * \return 
 196:Generated_Source\PSoC4/I2C_sda.c **** *  None
 197:Generated_Source\PSoC4/I2C_sda.c **** *  
 198:Generated_Source\PSoC4/I2C_sda.c **** * \sideeffect
 199:Generated_Source\PSoC4/I2C_sda.c **** *  It is recommended that the interrupt be disabled before calling this 
 200:Generated_Source\PSoC4/I2C_sda.c **** *  function to avoid unintended interrupt requests. Note that the interrupt
 201:Generated_Source\PSoC4/I2C_sda.c **** *  type is port wide, and therefore will trigger for any enabled pin on the 
 202:Generated_Source\PSoC4/I2C_sda.c **** *  port.
 203:Generated_Source\PSoC4/I2C_sda.c **** *
 204:Generated_Source\PSoC4/I2C_sda.c **** * \funcusage
 205:Generated_Source\PSoC4/I2C_sda.c **** *  \snippet I2C_sda_SUT.c usage_I2C_sda_SetInterruptMode
 206:Generated_Source\PSoC4/I2C_sda.c **** *******************************************************************************/
 207:Generated_Source\PSoC4/I2C_sda.c **** void I2C_sda_SetInterruptMode(uint16 position, uint16 mode)
 208:Generated_Source\PSoC4/I2C_sda.c **** {
 213              		.loc 1 208 0
 214              		.cfi_startproc
 215              		@ args = 0, pretend = 0, frame = 16
 216              		@ frame_needed = 1, uses_anonymous_args = 0
 217 0000 80B5     		push	{r7, lr}
 218              		.cfi_def_cfa_offset 8
 219              		.cfi_offset 7, -8
 220              		.cfi_offset 14, -4
 221 0002 84B0     		sub	sp, sp, #16
 222              		.cfi_def_cfa_offset 24
 223 0004 00AF     		add	r7, sp, #0
 224              		.cfi_def_cfa_register 7
 225 0006 0200     		movs	r2, r0
 226 0008 BB1D     		adds	r3, r7, #6
 227 000a 1A80     		strh	r2, [r3]
 228 000c 3B1D     		adds	r3, r7, #4
 229 000e 0A1C     		adds	r2, r1, #0
 230 0010 1A80     		strh	r2, [r3]
 209:Generated_Source\PSoC4/I2C_sda.c ****     uint32 intrCfg;
 210:Generated_Source\PSoC4/I2C_sda.c ****     
 211:Generated_Source\PSoC4/I2C_sda.c ****     intrCfg =  I2C_sda_INTCFG & (uint32)(~(uint32)position);
 231              		.loc 1 211 0
 232 0012 0B4B     		ldr	r3, .L16
 233 0014 1B68     		ldr	r3, [r3]
 234 0016 BA1D     		adds	r2, r7, #6
 235 0018 1288     		ldrh	r2, [r2]
 236 001a D243     		mvns	r2, r2
 237 001c 1340     		ands	r3, r2
 238 001e FB60     		str	r3, [r7, #12]
 212:Generated_Source\PSoC4/I2C_sda.c ****     I2C_sda_INTCFG = intrCfg | ((uint32)position & (uint32)mode);
 239              		.loc 1 212 0
 240 0020 074B     		ldr	r3, .L16
 241 0022 BA1D     		adds	r2, r7, #6
 242 0024 391D     		adds	r1, r7, #4
 243 0026 1288     		ldrh	r2, [r2]
 244 0028 0988     		ldrh	r1, [r1]
ARM GAS  C:\Users\hasur\AppData\Local\Temp\cc8Z5t6V.s 			page 9


 245 002a 0A40     		ands	r2, r1
 246 002c 92B2     		uxth	r2, r2
 247 002e 1100     		movs	r1, r2
 248 0030 FA68     		ldr	r2, [r7, #12]
 249 0032 0A43     		orrs	r2, r1
 250 0034 1A60     		str	r2, [r3]
 213:Generated_Source\PSoC4/I2C_sda.c **** }
 251              		.loc 1 213 0
 252 0036 C046     		nop
 253 0038 BD46     		mov	sp, r7
 254 003a 04B0     		add	sp, sp, #16
 255              		@ sp needed
 256 003c 80BD     		pop	{r7, pc}
 257              	.L17:
 258 003e C046     		.align	2
 259              	.L16:
 260 0040 0C030440 		.word	1074004748
 261              		.cfi_endproc
 262              	.LFE4:
 263              		.size	I2C_sda_SetInterruptMode, .-I2C_sda_SetInterruptMode
 264              		.section	.text.I2C_sda_ClearInterrupt,"ax",%progbits
 265              		.align	2
 266              		.global	I2C_sda_ClearInterrupt
 267              		.code	16
 268              		.thumb_func
 269              		.type	I2C_sda_ClearInterrupt, %function
 270              	I2C_sda_ClearInterrupt:
 271              	.LFB5:
 214:Generated_Source\PSoC4/I2C_sda.c **** 
 215:Generated_Source\PSoC4/I2C_sda.c **** 
 216:Generated_Source\PSoC4/I2C_sda.c **** /*******************************************************************************
 217:Generated_Source\PSoC4/I2C_sda.c **** * Function Name: I2C_sda_ClearInterrupt
 218:Generated_Source\PSoC4/I2C_sda.c **** ****************************************************************************//**
 219:Generated_Source\PSoC4/I2C_sda.c **** *
 220:Generated_Source\PSoC4/I2C_sda.c **** * \brief Clears any active interrupts attached with the component and returns 
 221:Generated_Source\PSoC4/I2C_sda.c **** *  the value of the interrupt status register allowing determination of which
 222:Generated_Source\PSoC4/I2C_sda.c **** *  pins generated an interrupt event.
 223:Generated_Source\PSoC4/I2C_sda.c **** *
 224:Generated_Source\PSoC4/I2C_sda.c **** * \return 
 225:Generated_Source\PSoC4/I2C_sda.c **** *  The right-shifted current value of the interrupt status register. Each pin 
 226:Generated_Source\PSoC4/I2C_sda.c **** *  has one bit set if it generated an interrupt event. For example, bit 0 is 
 227:Generated_Source\PSoC4/I2C_sda.c **** *  for pin 0 and bit 1 is for pin 1 of the Pins component.
 228:Generated_Source\PSoC4/I2C_sda.c **** *  
 229:Generated_Source\PSoC4/I2C_sda.c **** * \sideeffect
 230:Generated_Source\PSoC4/I2C_sda.c **** *  Clears all bits of the physical port's interrupt status register, not just
 231:Generated_Source\PSoC4/I2C_sda.c **** *  those associated with the Pins component.
 232:Generated_Source\PSoC4/I2C_sda.c **** *
 233:Generated_Source\PSoC4/I2C_sda.c **** * \funcusage
 234:Generated_Source\PSoC4/I2C_sda.c **** *  \snippet I2C_sda_SUT.c usage_I2C_sda_ClearInterrupt
 235:Generated_Source\PSoC4/I2C_sda.c **** *******************************************************************************/
 236:Generated_Source\PSoC4/I2C_sda.c **** uint8 I2C_sda_ClearInterrupt(void)
 237:Generated_Source\PSoC4/I2C_sda.c **** {
 272              		.loc 1 237 0
 273              		.cfi_startproc
 274              		@ args = 0, pretend = 0, frame = 8
 275              		@ frame_needed = 1, uses_anonymous_args = 0
 276 0000 80B5     		push	{r7, lr}
ARM GAS  C:\Users\hasur\AppData\Local\Temp\cc8Z5t6V.s 			page 10


 277              		.cfi_def_cfa_offset 8
 278              		.cfi_offset 7, -8
 279              		.cfi_offset 14, -4
 280 0002 82B0     		sub	sp, sp, #8
 281              		.cfi_def_cfa_offset 16
 282 0004 00AF     		add	r7, sp, #0
 283              		.cfi_def_cfa_register 7
 238:Generated_Source\PSoC4/I2C_sda.c **** 	uint8 maskedStatus = (uint8)(I2C_sda_INTSTAT & I2C_sda_MASK);
 284              		.loc 1 238 0
 285 0006 084B     		ldr	r3, .L20
 286 0008 1B68     		ldr	r3, [r3]
 287 000a DAB2     		uxtb	r2, r3
 288 000c FB1D     		adds	r3, r7, #7
 289 000e 0121     		movs	r1, #1
 290 0010 0A40     		ands	r2, r1
 291 0012 1A70     		strb	r2, [r3]
 239:Generated_Source\PSoC4/I2C_sda.c **** 	I2C_sda_INTSTAT = maskedStatus;
 292              		.loc 1 239 0
 293 0014 044B     		ldr	r3, .L20
 294 0016 FA1D     		adds	r2, r7, #7
 295 0018 1278     		ldrb	r2, [r2]
 296 001a 1A60     		str	r2, [r3]
 240:Generated_Source\PSoC4/I2C_sda.c ****     return maskedStatus >> I2C_sda_SHIFT;
 297              		.loc 1 240 0
 298 001c FB1D     		adds	r3, r7, #7
 299 001e 1B78     		ldrb	r3, [r3]
 241:Generated_Source\PSoC4/I2C_sda.c **** }
 300              		.loc 1 241 0
 301 0020 1800     		movs	r0, r3
 302 0022 BD46     		mov	sp, r7
 303 0024 02B0     		add	sp, sp, #8
 304              		@ sp needed
 305 0026 80BD     		pop	{r7, pc}
 306              	.L21:
 307              		.align	2
 308              	.L20:
 309 0028 10030440 		.word	1074004752
 310              		.cfi_endproc
 311              	.LFE5:
 312              		.size	I2C_sda_ClearInterrupt, .-I2C_sda_ClearInterrupt
 313              		.text
 314              	.Letext0:
 315              		.file 2 "Generated_Source\\PSoC4\\cytypes.h"
 316              		.section	.debug_info,"",%progbits
 317              	.Ldebug_info0:
 318 0000 AC010000 		.4byte	0x1ac
 319 0004 0300     		.2byte	0x3
 320 0006 00000000 		.4byte	.Ldebug_abbrev0
 321 000a 04       		.byte	0x4
 322 000b 01       		.uleb128 0x1
 323 000c BC010000 		.4byte	.LASF28
 324 0010 0C       		.byte	0xc
 325 0011 32010000 		.4byte	.LASF29
 326 0015 B8000000 		.4byte	.LASF30
 327 0019 00000000 		.4byte	.Ldebug_ranges0+0
 328 001d 00000000 		.4byte	0
 329 0021 00000000 		.4byte	0
ARM GAS  C:\Users\hasur\AppData\Local\Temp\cc8Z5t6V.s 			page 11


 330 0025 00000000 		.4byte	.Ldebug_line0
 331 0029 02       		.uleb128 0x2
 332 002a 01       		.byte	0x1
 333 002b 06       		.byte	0x6
 334 002c B0010000 		.4byte	.LASF0
 335 0030 02       		.uleb128 0x2
 336 0031 01       		.byte	0x1
 337 0032 08       		.byte	0x8
 338 0033 58000000 		.4byte	.LASF1
 339 0037 02       		.uleb128 0x2
 340 0038 02       		.byte	0x2
 341 0039 05       		.byte	0x5
 342 003a 97010000 		.4byte	.LASF2
 343 003e 02       		.uleb128 0x2
 344 003f 02       		.byte	0x2
 345 0040 07       		.byte	0x7
 346 0041 7E000000 		.4byte	.LASF3
 347 0045 02       		.uleb128 0x2
 348 0046 04       		.byte	0x4
 349 0047 05       		.byte	0x5
 350 0048 A7010000 		.4byte	.LASF4
 351 004c 02       		.uleb128 0x2
 352 004d 04       		.byte	0x4
 353 004e 07       		.byte	0x7
 354 004f 6C000000 		.4byte	.LASF5
 355 0053 02       		.uleb128 0x2
 356 0054 08       		.byte	0x8
 357 0055 05       		.byte	0x5
 358 0056 6F010000 		.4byte	.LASF6
 359 005a 02       		.uleb128 0x2
 360 005b 08       		.byte	0x8
 361 005c 07       		.byte	0x7
 362 005d 53010000 		.4byte	.LASF7
 363 0061 03       		.uleb128 0x3
 364 0062 04       		.byte	0x4
 365 0063 05       		.byte	0x5
 366 0064 696E7400 		.ascii	"int\000"
 367 0068 02       		.uleb128 0x2
 368 0069 04       		.byte	0x4
 369 006a 07       		.byte	0x7
 370 006b 25010000 		.4byte	.LASF8
 371 006f 04       		.uleb128 0x4
 372 0070 A1010000 		.4byte	.LASF9
 373 0074 02       		.byte	0x2
 374 0075 D201     		.2byte	0x1d2
 375 0077 30000000 		.4byte	0x30
 376 007b 04       		.uleb128 0x4
 377 007c 98000000 		.4byte	.LASF10
 378 0080 02       		.byte	0x2
 379 0081 D301     		.2byte	0x1d3
 380 0083 3E000000 		.4byte	0x3e
 381 0087 04       		.uleb128 0x4
 382 0088 16010000 		.4byte	.LASF11
 383 008c 02       		.byte	0x2
 384 008d D401     		.2byte	0x1d4
 385 008f 4C000000 		.4byte	0x4c
 386 0093 02       		.uleb128 0x2
ARM GAS  C:\Users\hasur\AppData\Local\Temp\cc8Z5t6V.s 			page 12


 387 0094 04       		.byte	0x4
 388 0095 04       		.byte	0x4
 389 0096 52000000 		.4byte	.LASF12
 390 009a 02       		.uleb128 0x2
 391 009b 08       		.byte	0x8
 392 009c 04       		.byte	0x4
 393 009d 91000000 		.4byte	.LASF13
 394 00a1 02       		.uleb128 0x2
 395 00a2 01       		.byte	0x1
 396 00a3 08       		.byte	0x8
 397 00a4 92010000 		.4byte	.LASF14
 398 00a8 04       		.uleb128 0x4
 399 00a9 00000000 		.4byte	.LASF15
 400 00ad 02       		.byte	0x2
 401 00ae 7E02     		.2byte	0x27e
 402 00b0 B4000000 		.4byte	0xb4
 403 00b4 05       		.uleb128 0x5
 404 00b5 87000000 		.4byte	0x87
 405 00b9 06       		.uleb128 0x6
 406 00ba 01       		.byte	0x1
 407 00bb 7D010000 		.4byte	.LASF16
 408 00bf 01       		.byte	0x1
 409 00c0 48       		.byte	0x48
 410 00c1 01       		.byte	0x1
 411 00c2 00000000 		.4byte	.LFB0
 412 00c6 2C000000 		.4byte	.LFE0
 413 00ca 01       		.byte	0x1
 414 00cb 9C       		.byte	0x9c
 415 00cc 01       		.byte	0x1
 416 00cd E0000000 		.4byte	0xe0
 417 00d1 07       		.uleb128 0x7
 418 00d2 6A010000 		.4byte	.LASF18
 419 00d6 01       		.byte	0x1
 420 00d7 48       		.byte	0x48
 421 00d8 6F000000 		.4byte	0x6f
 422 00dc 02       		.byte	0x2
 423 00dd 91       		.byte	0x91
 424 00de 77       		.sleb128 -9
 425 00df 00       		.byte	0
 426 00e0 06       		.uleb128 0x6
 427 00e1 01       		.byte	0x1
 428 00e2 44000000 		.4byte	.LASF17
 429 00e6 01       		.byte	0x1
 430 00e7 6F       		.byte	0x6f
 431 00e8 01       		.byte	0x1
 432 00e9 00000000 		.4byte	.LFB1
 433 00ed 4C000000 		.4byte	.LFE1
 434 00f1 01       		.byte	0x1
 435 00f2 9C       		.byte	0x9c
 436 00f3 01       		.byte	0x1
 437 00f4 15010000 		.4byte	0x115
 438 00f8 07       		.uleb128 0x7
 439 00f9 13000000 		.4byte	.LASF19
 440 00fd 01       		.byte	0x1
 441 00fe 6F       		.byte	0x6f
 442 00ff 6F000000 		.4byte	0x6f
 443 0103 02       		.byte	0x2
ARM GAS  C:\Users\hasur\AppData\Local\Temp\cc8Z5t6V.s 			page 13


 444 0104 91       		.byte	0x91
 445 0105 6F       		.sleb128 -17
 446 0106 08       		.uleb128 0x8
 447 0107 66000000 		.4byte	.LASF24
 448 010b 01       		.byte	0x1
 449 010c 71       		.byte	0x71
 450 010d 6F000000 		.4byte	0x6f
 451 0111 02       		.byte	0x2
 452 0112 91       		.byte	0x91
 453 0113 77       		.sleb128 -9
 454 0114 00       		.byte	0
 455 0115 09       		.uleb128 0x9
 456 0116 01       		.byte	0x1
 457 0117 54020000 		.4byte	.LASF20
 458 011b 01       		.byte	0x1
 459 011c 88       		.byte	0x88
 460 011d 01       		.byte	0x1
 461 011e 6F000000 		.4byte	0x6f
 462 0122 00000000 		.4byte	.LFB2
 463 0126 1C000000 		.4byte	.LFE2
 464 012a 01       		.byte	0x1
 465 012b 9C       		.byte	0x9c
 466 012c 01       		.byte	0x1
 467 012d 09       		.uleb128 0x9
 468 012e 01       		.byte	0x1
 469 012f 19000000 		.4byte	.LASF21
 470 0133 01       		.byte	0x1
 471 0134 A4       		.byte	0xa4
 472 0135 01       		.byte	0x1
 473 0136 6F000000 		.4byte	0x6f
 474 013a 00000000 		.4byte	.LFB3
 475 013e 1C000000 		.4byte	.LFE3
 476 0142 01       		.byte	0x1
 477 0143 9C       		.byte	0x9c
 478 0144 01       		.byte	0x1
 479 0145 06       		.uleb128 0x6
 480 0146 01       		.byte	0x1
 481 0147 9F000000 		.4byte	.LASF22
 482 014b 01       		.byte	0x1
 483 014c CF       		.byte	0xcf
 484 014d 01       		.byte	0x1
 485 014e 00000000 		.4byte	.LFB4
 486 0152 44000000 		.4byte	.LFE4
 487 0156 01       		.byte	0x1
 488 0157 9C       		.byte	0x9c
 489 0158 01       		.byte	0x1
 490 0159 88010000 		.4byte	0x188
 491 015d 07       		.uleb128 0x7
 492 015e 0D010000 		.4byte	.LASF23
 493 0162 01       		.byte	0x1
 494 0163 CF       		.byte	0xcf
 495 0164 7B000000 		.4byte	0x7b
 496 0168 02       		.byte	0x2
 497 0169 91       		.byte	0x91
 498 016a 6E       		.sleb128 -18
 499 016b 07       		.uleb128 0x7
 500 016c 6A010000 		.4byte	.LASF18
ARM GAS  C:\Users\hasur\AppData\Local\Temp\cc8Z5t6V.s 			page 14


 501 0170 01       		.byte	0x1
 502 0171 CF       		.byte	0xcf
 503 0172 7B000000 		.4byte	0x7b
 504 0176 02       		.byte	0x2
 505 0177 91       		.byte	0x91
 506 0178 6C       		.sleb128 -20
 507 0179 08       		.uleb128 0x8
 508 017a 1D010000 		.4byte	.LASF25
 509 017e 01       		.byte	0x1
 510 017f D1       		.byte	0xd1
 511 0180 87000000 		.4byte	0x87
 512 0184 02       		.byte	0x2
 513 0185 91       		.byte	0x91
 514 0186 74       		.sleb128 -12
 515 0187 00       		.byte	0
 516 0188 0A       		.uleb128 0xa
 517 0189 01       		.byte	0x1
 518 018a 2D000000 		.4byte	.LASF26
 519 018e 01       		.byte	0x1
 520 018f EC       		.byte	0xec
 521 0190 01       		.byte	0x1
 522 0191 6F000000 		.4byte	0x6f
 523 0195 00000000 		.4byte	.LFB5
 524 0199 2C000000 		.4byte	.LFE5
 525 019d 01       		.byte	0x1
 526 019e 9C       		.byte	0x9c
 527 019f 01       		.byte	0x1
 528 01a0 08       		.uleb128 0x8
 529 01a1 06000000 		.4byte	.LASF27
 530 01a5 01       		.byte	0x1
 531 01a6 EE       		.byte	0xee
 532 01a7 6F000000 		.4byte	0x6f
 533 01ab 02       		.byte	0x2
 534 01ac 91       		.byte	0x91
 535 01ad 77       		.sleb128 -9
 536 01ae 00       		.byte	0
 537 01af 00       		.byte	0
 538              		.section	.debug_abbrev,"",%progbits
 539              	.Ldebug_abbrev0:
 540 0000 01       		.uleb128 0x1
 541 0001 11       		.uleb128 0x11
 542 0002 01       		.byte	0x1
 543 0003 25       		.uleb128 0x25
 544 0004 0E       		.uleb128 0xe
 545 0005 13       		.uleb128 0x13
 546 0006 0B       		.uleb128 0xb
 547 0007 03       		.uleb128 0x3
 548 0008 0E       		.uleb128 0xe
 549 0009 1B       		.uleb128 0x1b
 550 000a 0E       		.uleb128 0xe
 551 000b 55       		.uleb128 0x55
 552 000c 06       		.uleb128 0x6
 553 000d 11       		.uleb128 0x11
 554 000e 01       		.uleb128 0x1
 555 000f 52       		.uleb128 0x52
 556 0010 01       		.uleb128 0x1
 557 0011 10       		.uleb128 0x10
ARM GAS  C:\Users\hasur\AppData\Local\Temp\cc8Z5t6V.s 			page 15


 558 0012 06       		.uleb128 0x6
 559 0013 00       		.byte	0
 560 0014 00       		.byte	0
 561 0015 02       		.uleb128 0x2
 562 0016 24       		.uleb128 0x24
 563 0017 00       		.byte	0
 564 0018 0B       		.uleb128 0xb
 565 0019 0B       		.uleb128 0xb
 566 001a 3E       		.uleb128 0x3e
 567 001b 0B       		.uleb128 0xb
 568 001c 03       		.uleb128 0x3
 569 001d 0E       		.uleb128 0xe
 570 001e 00       		.byte	0
 571 001f 00       		.byte	0
 572 0020 03       		.uleb128 0x3
 573 0021 24       		.uleb128 0x24
 574 0022 00       		.byte	0
 575 0023 0B       		.uleb128 0xb
 576 0024 0B       		.uleb128 0xb
 577 0025 3E       		.uleb128 0x3e
 578 0026 0B       		.uleb128 0xb
 579 0027 03       		.uleb128 0x3
 580 0028 08       		.uleb128 0x8
 581 0029 00       		.byte	0
 582 002a 00       		.byte	0
 583 002b 04       		.uleb128 0x4
 584 002c 16       		.uleb128 0x16
 585 002d 00       		.byte	0
 586 002e 03       		.uleb128 0x3
 587 002f 0E       		.uleb128 0xe
 588 0030 3A       		.uleb128 0x3a
 589 0031 0B       		.uleb128 0xb
 590 0032 3B       		.uleb128 0x3b
 591 0033 05       		.uleb128 0x5
 592 0034 49       		.uleb128 0x49
 593 0035 13       		.uleb128 0x13
 594 0036 00       		.byte	0
 595 0037 00       		.byte	0
 596 0038 05       		.uleb128 0x5
 597 0039 35       		.uleb128 0x35
 598 003a 00       		.byte	0
 599 003b 49       		.uleb128 0x49
 600 003c 13       		.uleb128 0x13
 601 003d 00       		.byte	0
 602 003e 00       		.byte	0
 603 003f 06       		.uleb128 0x6
 604 0040 2E       		.uleb128 0x2e
 605 0041 01       		.byte	0x1
 606 0042 3F       		.uleb128 0x3f
 607 0043 0C       		.uleb128 0xc
 608 0044 03       		.uleb128 0x3
 609 0045 0E       		.uleb128 0xe
 610 0046 3A       		.uleb128 0x3a
 611 0047 0B       		.uleb128 0xb
 612 0048 3B       		.uleb128 0x3b
 613 0049 0B       		.uleb128 0xb
 614 004a 27       		.uleb128 0x27
ARM GAS  C:\Users\hasur\AppData\Local\Temp\cc8Z5t6V.s 			page 16


 615 004b 0C       		.uleb128 0xc
 616 004c 11       		.uleb128 0x11
 617 004d 01       		.uleb128 0x1
 618 004e 12       		.uleb128 0x12
 619 004f 01       		.uleb128 0x1
 620 0050 40       		.uleb128 0x40
 621 0051 0A       		.uleb128 0xa
 622 0052 9742     		.uleb128 0x2117
 623 0054 0C       		.uleb128 0xc
 624 0055 01       		.uleb128 0x1
 625 0056 13       		.uleb128 0x13
 626 0057 00       		.byte	0
 627 0058 00       		.byte	0
 628 0059 07       		.uleb128 0x7
 629 005a 05       		.uleb128 0x5
 630 005b 00       		.byte	0
 631 005c 03       		.uleb128 0x3
 632 005d 0E       		.uleb128 0xe
 633 005e 3A       		.uleb128 0x3a
 634 005f 0B       		.uleb128 0xb
 635 0060 3B       		.uleb128 0x3b
 636 0061 0B       		.uleb128 0xb
 637 0062 49       		.uleb128 0x49
 638 0063 13       		.uleb128 0x13
 639 0064 02       		.uleb128 0x2
 640 0065 0A       		.uleb128 0xa
 641 0066 00       		.byte	0
 642 0067 00       		.byte	0
 643 0068 08       		.uleb128 0x8
 644 0069 34       		.uleb128 0x34
 645 006a 00       		.byte	0
 646 006b 03       		.uleb128 0x3
 647 006c 0E       		.uleb128 0xe
 648 006d 3A       		.uleb128 0x3a
 649 006e 0B       		.uleb128 0xb
 650 006f 3B       		.uleb128 0x3b
 651 0070 0B       		.uleb128 0xb
 652 0071 49       		.uleb128 0x49
 653 0072 13       		.uleb128 0x13
 654 0073 02       		.uleb128 0x2
 655 0074 0A       		.uleb128 0xa
 656 0075 00       		.byte	0
 657 0076 00       		.byte	0
 658 0077 09       		.uleb128 0x9
 659 0078 2E       		.uleb128 0x2e
 660 0079 00       		.byte	0
 661 007a 3F       		.uleb128 0x3f
 662 007b 0C       		.uleb128 0xc
 663 007c 03       		.uleb128 0x3
 664 007d 0E       		.uleb128 0xe
 665 007e 3A       		.uleb128 0x3a
 666 007f 0B       		.uleb128 0xb
 667 0080 3B       		.uleb128 0x3b
 668 0081 0B       		.uleb128 0xb
 669 0082 27       		.uleb128 0x27
 670 0083 0C       		.uleb128 0xc
 671 0084 49       		.uleb128 0x49
ARM GAS  C:\Users\hasur\AppData\Local\Temp\cc8Z5t6V.s 			page 17


 672 0085 13       		.uleb128 0x13
 673 0086 11       		.uleb128 0x11
 674 0087 01       		.uleb128 0x1
 675 0088 12       		.uleb128 0x12
 676 0089 01       		.uleb128 0x1
 677 008a 40       		.uleb128 0x40
 678 008b 0A       		.uleb128 0xa
 679 008c 9742     		.uleb128 0x2117
 680 008e 0C       		.uleb128 0xc
 681 008f 00       		.byte	0
 682 0090 00       		.byte	0
 683 0091 0A       		.uleb128 0xa
 684 0092 2E       		.uleb128 0x2e
 685 0093 01       		.byte	0x1
 686 0094 3F       		.uleb128 0x3f
 687 0095 0C       		.uleb128 0xc
 688 0096 03       		.uleb128 0x3
 689 0097 0E       		.uleb128 0xe
 690 0098 3A       		.uleb128 0x3a
 691 0099 0B       		.uleb128 0xb
 692 009a 3B       		.uleb128 0x3b
 693 009b 0B       		.uleb128 0xb
 694 009c 27       		.uleb128 0x27
 695 009d 0C       		.uleb128 0xc
 696 009e 49       		.uleb128 0x49
 697 009f 13       		.uleb128 0x13
 698 00a0 11       		.uleb128 0x11
 699 00a1 01       		.uleb128 0x1
 700 00a2 12       		.uleb128 0x12
 701 00a3 01       		.uleb128 0x1
 702 00a4 40       		.uleb128 0x40
 703 00a5 0A       		.uleb128 0xa
 704 00a6 9742     		.uleb128 0x2117
 705 00a8 0C       		.uleb128 0xc
 706 00a9 00       		.byte	0
 707 00aa 00       		.byte	0
 708 00ab 00       		.byte	0
 709              		.section	.debug_aranges,"",%progbits
 710 0000 44000000 		.4byte	0x44
 711 0004 0200     		.2byte	0x2
 712 0006 00000000 		.4byte	.Ldebug_info0
 713 000a 04       		.byte	0x4
 714 000b 00       		.byte	0
 715 000c 0000     		.2byte	0
 716 000e 0000     		.2byte	0
 717 0010 00000000 		.4byte	.LFB0
 718 0014 2C000000 		.4byte	.LFE0-.LFB0
 719 0018 00000000 		.4byte	.LFB1
 720 001c 4C000000 		.4byte	.LFE1-.LFB1
 721 0020 00000000 		.4byte	.LFB2
 722 0024 1C000000 		.4byte	.LFE2-.LFB2
 723 0028 00000000 		.4byte	.LFB3
 724 002c 1C000000 		.4byte	.LFE3-.LFB3
 725 0030 00000000 		.4byte	.LFB4
 726 0034 44000000 		.4byte	.LFE4-.LFB4
 727 0038 00000000 		.4byte	.LFB5
 728 003c 2C000000 		.4byte	.LFE5-.LFB5
ARM GAS  C:\Users\hasur\AppData\Local\Temp\cc8Z5t6V.s 			page 18


 729 0040 00000000 		.4byte	0
 730 0044 00000000 		.4byte	0
 731              		.section	.debug_ranges,"",%progbits
 732              	.Ldebug_ranges0:
 733 0000 00000000 		.4byte	.LFB0
 734 0004 2C000000 		.4byte	.LFE0
 735 0008 00000000 		.4byte	.LFB1
 736 000c 4C000000 		.4byte	.LFE1
 737 0010 00000000 		.4byte	.LFB2
 738 0014 1C000000 		.4byte	.LFE2
 739 0018 00000000 		.4byte	.LFB3
 740 001c 1C000000 		.4byte	.LFE3
 741 0020 00000000 		.4byte	.LFB4
 742 0024 44000000 		.4byte	.LFE4
 743 0028 00000000 		.4byte	.LFB5
 744 002c 2C000000 		.4byte	.LFE5
 745 0030 00000000 		.4byte	0
 746 0034 00000000 		.4byte	0
 747              		.section	.debug_line,"",%progbits
 748              	.Ldebug_line0:
 749 0000 BB000000 		.section	.debug_str,"MS",%progbits,1
 749      02004400 
 749      00000201 
 749      FB0E0D00 
 749      01010101 
 750              	.LASF15:
 751 0000 72656733 		.ascii	"reg32\000"
 751      3200
 752              	.LASF27:
 753 0006 6D61736B 		.ascii	"maskedStatus\000"
 753      65645374 
 753      61747573 
 753      00
 754              	.LASF19:
 755 0013 76616C75 		.ascii	"value\000"
 755      6500
 756              	.LASF21:
 757 0019 4932435F 		.ascii	"I2C_sda_ReadDataReg\000"
 757      7364615F 
 757      52656164 
 757      44617461 
 757      52656700 
 758              	.LASF26:
 759 002d 4932435F 		.ascii	"I2C_sda_ClearInterrupt\000"
 759      7364615F 
 759      436C6561 
 759      72496E74 
 759      65727275 
 760              	.LASF17:
 761 0044 4932435F 		.ascii	"I2C_sda_Write\000"
 761      7364615F 
 761      57726974 
 761      6500
 762              	.LASF12:
 763 0052 666C6F61 		.ascii	"float\000"
 763      7400
 764              	.LASF1:
ARM GAS  C:\Users\hasur\AppData\Local\Temp\cc8Z5t6V.s 			page 19


 765 0058 756E7369 		.ascii	"unsigned char\000"
 765      676E6564 
 765      20636861 
 765      7200
 766              	.LASF24:
 767 0066 64725661 		.ascii	"drVal\000"
 767      6C00
 768              	.LASF5:
 769 006c 6C6F6E67 		.ascii	"long unsigned int\000"
 769      20756E73 
 769      69676E65 
 769      6420696E 
 769      7400
 770              	.LASF3:
 771 007e 73686F72 		.ascii	"short unsigned int\000"
 771      7420756E 
 771      7369676E 
 771      65642069 
 771      6E7400
 772              	.LASF13:
 773 0091 646F7562 		.ascii	"double\000"
 773      6C6500
 774              	.LASF10:
 775 0098 75696E74 		.ascii	"uint16\000"
 775      313600
 776              	.LASF22:
 777 009f 4932435F 		.ascii	"I2C_sda_SetInterruptMode\000"
 777      7364615F 
 777      53657449 
 777      6E746572 
 777      72757074 
 778              	.LASF30:
 779 00b8 433A5C55 		.ascii	"C:\\Users\\hasur\\Documents\\PSoC_4_BLE_Pressure_Se"
 779      73657273 
 779      5C686173 
 779      75725C44 
 779      6F63756D 
 780 00e7 6E736F72 		.ascii	"nsor\\PSoC_4_BLE_Pressure_Sensor.cydsn\000"
 780      5C50536F 
 780      435F345F 
 780      424C455F 
 780      50726573 
 781              	.LASF23:
 782 010d 706F7369 		.ascii	"position\000"
 782      74696F6E 
 782      00
 783              	.LASF11:
 784 0116 75696E74 		.ascii	"uint32\000"
 784      333200
 785              	.LASF25:
 786 011d 696E7472 		.ascii	"intrCfg\000"
 786      43666700 
 787              	.LASF8:
 788 0125 756E7369 		.ascii	"unsigned int\000"
 788      676E6564 
 788      20696E74 
 788      00
ARM GAS  C:\Users\hasur\AppData\Local\Temp\cc8Z5t6V.s 			page 20


 789              	.LASF29:
 790 0132 47656E65 		.ascii	"Generated_Source\\PSoC4\\I2C_sda.c\000"
 790      72617465 
 790      645F536F 
 790      75726365 
 790      5C50536F 
 791              	.LASF7:
 792 0153 6C6F6E67 		.ascii	"long long unsigned int\000"
 792      206C6F6E 
 792      6720756E 
 792      7369676E 
 792      65642069 
 793              	.LASF18:
 794 016a 6D6F6465 		.ascii	"mode\000"
 794      00
 795              	.LASF6:
 796 016f 6C6F6E67 		.ascii	"long long int\000"
 796      206C6F6E 
 796      6720696E 
 796      7400
 797              	.LASF16:
 798 017d 4932435F 		.ascii	"I2C_sda_SetDriveMode\000"
 798      7364615F 
 798      53657444 
 798      72697665 
 798      4D6F6465 
 799              	.LASF14:
 800 0192 63686172 		.ascii	"char\000"
 800      00
 801              	.LASF2:
 802 0197 73686F72 		.ascii	"short int\000"
 802      7420696E 
 802      7400
 803              	.LASF9:
 804 01a1 75696E74 		.ascii	"uint8\000"
 804      3800
 805              	.LASF4:
 806 01a7 6C6F6E67 		.ascii	"long int\000"
 806      20696E74 
 806      00
 807              	.LASF0:
 808 01b0 7369676E 		.ascii	"signed char\000"
 808      65642063 
 808      68617200 
 809              	.LASF28:
 810 01bc 474E5520 		.ascii	"GNU C11 5.4.1 20160609 (release) [ARM/embedded-5-br"
 810      43313120 
 810      352E342E 
 810      31203230 
 810      31363036 
 811 01ef 616E6368 		.ascii	"anch revision 237715] -mcpu=cortex-m0 -mthumb -g -g"
 811      20726576 
 811      6973696F 
 811      6E203233 
 811      37373135 
 812 0222 64776172 		.ascii	"dwarf-3 -O0 -ffunction-sections -ffat-lto-objects\000"
 812      662D3320 
ARM GAS  C:\Users\hasur\AppData\Local\Temp\cc8Z5t6V.s 			page 21


 812      2D4F3020 
 812      2D666675 
 812      6E637469 
 813              	.LASF20:
 814 0254 4932435F 		.ascii	"I2C_sda_Read\000"
 814      7364615F 
 814      52656164 
 814      00
 815              		.ident	"GCC: (GNU Tools for ARM Embedded Processors) 5.4.1 20160609 (release) [ARM/embedded-5-bran
