Archive member included to satisfy reference by file (symbol)

.\CortexM0\ARM_GCC_541\Debug\PSoC_4_BLE_Pressure_Sensor.a(BLE.o)
                              .\CortexM0\ARM_GCC_541\Debug\main.o (CyBle_Start)
.\CortexM0\ARM_GCC_541\Debug\PSoC_4_BLE_Pressure_Sensor.a(BLE_gatt.o)
                              .\CortexM0\ARM_GCC_541\Debug\main.o (cyBle_state)
.\CortexM0\ARM_GCC_541\Debug\PSoC_4_BLE_Pressure_Sensor.a(BLE_eventHandler.o)
                              .\CortexM0\ARM_GCC_541\Debug\PSoC_4_BLE_Pressure_Sensor.a(BLE.o) (cyBle_eventHandlerFlag)
.\CortexM0\ARM_GCC_541\Debug\PSoC_4_BLE_Pressure_Sensor.a(BLE_custom.o)
                              .\CortexM0\ARM_GCC_541\Debug\PSoC_4_BLE_Pressure_Sensor.a(BLE.o) (CyBle_CustomInit)
.\CortexM0\ARM_GCC_541\Debug\PSoC_4_BLE_Pressure_Sensor.a(I2C.o)
                              .\CortexM0\ARM_GCC_541\Debug\main.o (I2C_Start)
.\CortexM0\ARM_GCC_541\Debug\PSoC_4_BLE_Pressure_Sensor.a(I2C_I2C.o)
                              .\CortexM0\ARM_GCC_541\Debug\PSoC_4_BLE_Pressure_Sensor.a(I2C.o) (I2C_I2CInit)
.\CortexM0\ARM_GCC_541\Debug\PSoC_4_BLE_Pressure_Sensor.a(I2C_I2C_MASTER.o)
                              .\CortexM0\ARM_GCC_541\Debug\PSoC_4_BLE_Pressure_Sensor.a(I2C_I2C.o) (I2C_mstrStatus)
.\CortexM0\ARM_GCC_541\Debug\PSoC_4_BLE_Pressure_Sensor.a(I2C_PM.o)
                              .\CortexM0\ARM_GCC_541\Debug\main.o (I2C_Sleep)
.\CortexM0\ARM_GCC_541\Debug\PSoC_4_BLE_Pressure_Sensor.a(LED.o)
                              .\CortexM0\ARM_GCC_541\Debug\main.o (LED_SetDriveMode)
.\CortexM0\ARM_GCC_541\Debug\PSoC_4_BLE_Pressure_Sensor.a(Button.o)
                              .\CortexM0\ARM_GCC_541\Debug\main.o (Button_ClearInterrupt)
.\CortexM0\ARM_GCC_541\Debug\PSoC_4_BLE_Pressure_Sensor.a(Btn_Interrupt.o)
                              .\CortexM0\ARM_GCC_541\Debug\main.o (Btn_Interrupt_StartEx)
.\CortexM0\ARM_GCC_541\Debug\PSoC_4_BLE_Pressure_Sensor.a(VDD.o)
                              .\CortexM0\ARM_GCC_541\Debug\main.o (VDD_SetDriveMode)
.\CortexM0\ARM_GCC_541\Debug\PSoC_4_BLE_Pressure_Sensor.a(GND.o)
                              .\CortexM0\ARM_GCC_541\Debug\main.o (GND_SetDriveMode)
.\CortexM0\ARM_GCC_541\Debug\PSoC_4_BLE_Pressure_Sensor.a(CyLib.o)
                              .\CortexM0\ARM_GCC_541\Debug\cyfitter_cfg.o (CySysClkWriteImoFreq)
.\CortexM0\ARM_GCC_541\Debug\PSoC_4_BLE_Pressure_Sensor.a(cyPm.o)
                              .\CortexM0\ARM_GCC_541\Debug\main.o (CySysPmSleep)
.\CortexM0\ARM_GCC_541\Debug\PSoC_4_BLE_Pressure_Sensor.a(CyLFClk.o)
                              .\CortexM0\ARM_GCC_541\Debug\cyfitter_cfg.o (CySysClkWcoStart)
.\CortexM0\ARM_GCC_541\Debug\PSoC_4_BLE_Pressure_Sensor.a(CyBootAsmGnu.o)
                              .\CortexM0\ARM_GCC_541\Debug\cyfitter_cfg.o (CyDelayCycles)
.\CortexM0\ARM_GCC_541\Debug\PSoC_4_BLE_Pressure_Sensor.a(I2C_I2C_INT.o)
                              .\CortexM0\ARM_GCC_541\Debug\PSoC_4_BLE_Pressure_Sensor.a(I2C_I2C.o) (I2C_I2C_ISR)
..\..\PSoC Creator\4.1\Downloads ( 4.1).cylib\BLE_v3_40\Library\gccCyBLEStack_BLE_SOC_PERIPHERAL.a(CyBle.o)
                              .\CortexM0\ARM_GCC_541\Debug\PSoC_4_BLE_Pressure_Sensor.a(BLE_eventHandler.o) (CyBle_EnableDefaultDevicePrivacy)
..\..\PSoC Creator\4.1\Downloads ( 4.1).cylib\BLE_v3_40\Library\gccCyBLEStack_BLE_SOC_PERIPHERAL.a(CyBleStackMgrIP_Interface.o)
                              ..\..\PSoC Creator\4.1\Downloads ( 4.1).cylib\BLE_v3_40\Library\gccCyBLEStack_BLE_SOC_PERIPHERAL.a(CyBle.o) (CyBleStackMgr_Init)
..\..\PSoC Creator\4.1\Downloads ( 4.1).cylib\BLE_v3_40\Library\gccCyBLEStack_BLE_SOC_PERIPHERAL.a(BT_os.o)
                              ..\..\PSoC Creator\4.1\Downloads ( 4.1).cylib\BLE_v3_40\Library\gccCyBLEStack_BLE_SOC_PERIPHERAL.a(CyBleStackMgrIP_Interface.o) (cyBleStackMemoryConfig)
..\..\PSoC Creator\4.1\Downloads ( 4.1).cylib\BLE_v3_40\Library\gccCyBLEStack_BLE_SOC_PERIPHERAL.a(BT_timer.o)
                              ..\..\PSoC Creator\4.1\Downloads ( 4.1).cylib\BLE_v3_40\Library\gccCyBLEStack_BLE_SOC_PERIPHERAL.a(CyBleStackMgrIP_Interface.o) (timer_init)
..\..\PSoC Creator\4.1\Downloads ( 4.1).cylib\BLE_v3_40\Library\gccCyBLEStack_BLE_SOC_PERIPHERAL.a(CyBleStackMgr_StackTaskHandler.o)
                              ..\..\PSoC Creator\4.1\Downloads ( 4.1).cylib\BLE_v3_40\Library\gccCyBLEStack_BLE_SOC_PERIPHERAL.a(BT_timer.o) (BLE_STACK_TASK_EVT)
..\..\PSoC Creator\4.1\Downloads ( 4.1).cylib\BLE_v3_40\Library\gccCyBLEStack_BLE_SOC_PERIPHERAL.a(transport_sf.o)
                              ..\..\PSoC Creator\4.1\Downloads ( 4.1).cylib\BLE_v3_40\Library\gccCyBLEStack_BLE_SOC_PERIPHERAL.a(CyBleStackMgr_StackTaskHandler.o) (hci_soft_transport_notify_data_received)
..\..\PSoC Creator\4.1\Downloads ( 4.1).cylib\BLE_v3_40\Library\gccCyBLEStack_BLE_SOC_PERIPHERAL.a(CyBleStackMgr_PSoCHal.o)
[...]
Memory Configuration

Name             Origin             Length             Attributes
rom              0x00000000         0x00020000         xr
ram              0x20000000         0x00004000         xrw
*default*        0x00000000         0xffffffff

Linker script and memory map

LOAD c:/program files (x86)/cypress/psoc creator/4.1/psoc creator/import/gnu/arm/5.4.1/bin/../lib/gcc/arm-none-eabi/5.4.1/armv6-m/crti.o
LOAD c:/program files (x86)/cypress/psoc creator/4.1/psoc creator/import/gnu/arm/5.4.1/bin/../lib/gcc/arm-none-eabi/5.4.1/armv6-m/crtbegin.o
LOAD c:/program files (x86)/cypress/psoc creator/4.1/psoc creator/import/gnu/arm/5.4.1/bin/../lib/gcc/arm-none-eabi/5.4.1/../../../../arm-none-eabi/lib/armv6-m/crt0.o
START GROUP
LOAD .\CortexM0\ARM_GCC_541\Debug\main.o
LOAD .\CortexM0\ARM_GCC_541\Debug\I2CMaster.o
LOAD .\CortexM0\ARM_GCC_541\Debug\BLEApplication.o
LOAD .\CortexM0\ARM_GCC_541\Debug\cyfitter_cfg.o
LOAD .\CortexM0\ARM_GCC_541\Debug\cymetadata.o
LOAD .\CortexM0\ARM_GCC_541\Debug\Cm0Start.o
LOAD .\CortexM0\ARM_GCC_541\Debug\PSoC_4_BLE_Pressure_Sensor.a
LOAD ..\..\PSoC Creator\4.1\Downloads ( 4.1).cylib\BLE_v3_40\Library\gccCyBLEStack_BLE_SOC_PERIPHERAL.a
LOAD C:\Program Files (x86)\Cypress\PSoC Creator\4.1\PSoC Creator\psoc\content\cycomponentlibrary\CyComponentLibrary.cylib\CortexM0\ARM_GCC_541\Debug\CyComponentLibrary.a
LOAD c:/program files (x86)/cypress/psoc creator/4.1/psoc creator/import/gnu/arm/5.4.1/bin/../lib/gcc/arm-none-eabi/5.4.1/../../../../arm-none-eabi/lib/armv6-m\libm.a
END GROUP
START GROUP
LOAD c:/program files (x86)/cypress/psoc creator/4.1/psoc creator/import/gnu/arm/5.4.1/bin/../lib/gcc/arm-none-eabi/5.4.1/armv6-m\libgcc.a
LOAD c:/program files (x86)/cypress/psoc creator/4.1/psoc creator/import/gnu/arm/5.4.1/bin/../lib/gcc/arm-none-eabi/5.4.1/../../../../arm-none-eabi/lib/armv6-m\libg_nano.a
LOAD c:/program files (x86)/cypress/psoc creator/4.1/psoc creator/import/gnu/arm/5.4.1/bin/../lib/gcc/arm-none-eabi/5.4.1/../../../../arm-none-eabi/lib/armv6-m\libc_nano.a
END GROUP
START GROUP
LOAD c:/program files (x86)/cypress/psoc creator/4.1/psoc creator/import/gnu/arm/5.4.1/bin/../lib/gcc/arm-none-eabi/5.4.1/armv6-m\libgcc.a
LOAD c:/program files (x86)/cypress/psoc creator/4.1/psoc creator/import/gnu/arm/5.4.1/bin/../lib/gcc/arm-none-eabi/5.4.1/../../../../arm-none-eabi/lib/armv6-m\libc_nano.a
END GROUP
LOAD c:/program files (x86)/cypress/psoc creator/4.1/psoc creator/import/gnu/arm/5.4.1/bin/../lib/gcc/arm-none-eabi/5.4.1/armv6-m/crtend.o
LOAD c:/program files (x86)/cypress/psoc creator/4.1/psoc creator/import/gnu/arm/5.4.1/bin/../lib/gcc/arm-none-eabi/5.4.1/armv6-m/crtn.o
START GROUP
LOAD c:/program files (x86)/cypress/psoc creator/4.1/psoc creator/import/gnu/arm/5.4.1/bin/../lib/gcc/arm-none-eabi/5.4.1/armv6-m\libgcc.a
LOAD c:/program files (x86)/cypress/psoc creator/4.1/psoc creator/import/gnu/arm/5.4.1/bin/../lib/gcc/arm-none-eabi/5.4.1/../../../../arm-none-eabi/lib/armv6-m\libc.a
LOAD c:/program files (x86)/cypress/psoc creator/4.1/psoc creator/import/gnu/arm/5.4.1/bin/../lib/gcc/arm-none-eabi/5.4.1/../../../../arm-none-eabi/lib/armv6-m\libnosys.a
END GROUP
                0x00000000                CY_APPL_ORIGIN = 0x0
                0x00000080                CY_FLASH_ROW_SIZE = 0x80
                0x00000001                CY_APPL_NUM = 0x1
                0x00000001                CY_APPL_MAX = 0x1
                0x00000040                CY_METADATA_SIZE = 0x40
                0x00000000                CY_APPL_LOADABLE = 0x0
                0x00000000                CY_CHECKSUM_EXCLUDE_SIZE = ALIGN (0x0, CY_FLASH_ROW_SIZE)
                0x00000000                CY_APP_FOR_STACK_AND_COPIER = 0x0
                [!provide]                PROVIDE (__cy_heap_start, _end)
                0x00000001                PROVIDE (__cy_region_num, ((__cy_regions_end - __cy_regions) / 0x10))
                0x20004000                PROVIDE (__cy_stack, (ORIGIN (ram) + LENGTH (ram)))
                [!provide]                PROVIDE (__cy_heap_end, (__cy_stack - 0x800))

.cybootloader   0x00000000        0x0
 *(.cybootloader)
                0x00000000                appl1_start = CY_APPL_ORIGIN?CY_APPL_ORIGIN:ALIGN (CY_FLASH_ROW_SIZE)
                0x0000ff80                appl2_start = (appl1_start + ALIGN ((((LENGTH (rom) - appl1_start) - (0x2 * CY_FLASH_ROW_SIZE)) / 0x2), CY_FLASH_ROW_SIZE))
                0x00000000                appl_start = (CY_APPL_NUM == 0x1)?appl1_start:appl2_start
                0x00000001                cy_project_type_bootloader = (appl_start == 0x0)?0x1:0x0
                0x00000000                cy_project_type_app_for_stack_and_copier = (CY_APP_FOR_STACK_AND_COPIER == 0x1)?0x1:0x0

.text           0x00000000     0x6274
 CREATE_OBJECT_SYMBOLS
                0x00000000                PROVIDE (__cy_interrupt_vector, RomVectors)
 *(.romvectors)
 .romvectors    0x00000000       0x10 .\CortexM0\ARM_GCC_541\Debug\Cm0Start.o
                0x00000000                RomVectors
                0x00000001                ASSERT ((. != __cy_interrupt_vector), No interrupt vector)
                0x00000001                ASSERT (CY_APPL_ORIGIN?(SIZEOF (.cybootloader) <= CY_APPL_ORIGIN):0x1, Wrong image location)
                0x00000010                PROVIDE (__cy_reset, Reset)
 *(.text.Reset)
 .text.Reset    0x00000010        0x8 .\CortexM0\ARM_GCC_541\Debug\Cm0Start.o
                0x00000010                Reset
                0x00000001                ASSERT ((. != __cy_reset), No reset code)
 *(.psocinit)
 .psocinit      0x00000018      0x1f0 .\CortexM0\ARM_GCC_541\Debug\cyfitter_cfg.o
                0x000000f8                cyfitter_cfg
                0x00000208                . = MAX (., 0x100)
 *(.text .text.* .gnu.linkonce.t.*)
 .text          0x00000208       0x60 c:/program files (x86)/cypress/psoc creator/4.1/psoc creator/import/gnu/arm/5.4.1/bin/../lib/gcc/arm-none-eabi/5.4.1/armv6-m/crtbegin.o
 .text.main     0x00000268       0x70 .\CortexM0\ARM_GCC_541\Debug\main.o
                0x00000268                main
 .text.InitializeSystem
                0x000002d8       0x40 .\CortexM0\ARM_GCC_541\Debug\main.o
                0x000002d8                InitializeSystem
 .text.ReadSensorDataAndNotify
                0x00000318      0x140 .\CortexM0\ARM_GCC_541\Debug\main.o
                0x00000318                ReadSensorDataAndNotify
 .text.HandleStatusLED
                0x00000458       0x78 .\CortexM0\ARM_GCC_541\Debug\main.o
                0x00000458                HandleStatusLED
 .text.EnterExitLowPowerMode
                0x000004d0       0x90 .\CortexM0\ARM_GCC_541\Debug\main.o
                0x000004d0                EnterExitLowPowerMode
 .text.ButtonISR
                0x00000560       0x14 .\CortexM0\ARM_GCC_541\Debug\main.o
                0x00000560                ButtonISR
 .text.ReadSensorCalibrationData
                0x00000574      0x164 .\CortexM0\ARM_GCC_541\Debug\I2CMaster.o
                0x00000574                ReadSensorCalibrationData
 .text.ReadUncompensatedTemperature
                0x000006d8       0x8c .\CortexM0\ARM_GCC_541\Debug\I2CMaster.o
                0x000006d8                ReadUncompensatedTemperature
 .text.ReadUncompensatedPressure
                0x00000764       0x94 .\CortexM0\ARM_GCC_541\Debug\I2CMaster.o
                0x00000764                ReadUncompensatedPressure
 .text.ReadAndCalculateSensorData
                0x000007f8      0x4cc .\CortexM0\ARM_GCC_541\Debug\I2CMaster.o
                0x000007f8                ReadAndCalculateSensorData
 .text.CustomEventHandler
                0x00000cc4      0x1f4 .\CortexM0\ARM_GCC_541\Debug\BLEApplication.o
                0x00000cc4                CustomEventHandler
 .text.SendTemperatureOverNotification
                0x00000eb8       0x40 .\CortexM0\ARM_GCC_541\Debug\BLEApplication.o
                0x00000eb8                SendTemperatureOverNotification
 .text.SendPressureOverNotification
                0x00000ef8       0x40 .\CortexM0\ARM_GCC_541\Debug\BLEApplication.o
                0x00000ef8                SendPressureOverNotification
 .text.SendAltitudeOverNotification
                0x00000f38       0x40 .\CortexM0\ARM_GCC_541\Debug\BLEApplication.o
                0x00000f38                SendAltitudeOverNotification
 .text.UpdateNotificationCCCDAttribute
                0x00000f78       0xec .\CortexM0\ARM_GCC_541\Debug\BLEApplication.o
                0x00000f78                UpdateNotificationCCCDAttribute
 .text.UpdateConnectionParameters
                0x00001064       0x40 .\CortexM0\ARM_GCC_541\Debug\BLEApplication.o
                0x00001064                UpdateConnectionParameters
 .text.CYMEMZERO
                0x000010a4       0x20 .\CortexM0\ARM_GCC_541\Debug\cyfitter_cfg.o
 .text.AnalogSetDefault
                0x000010c4       0x28 .\CortexM0\ARM_GCC_541\Debug\cyfitter_cfg.o
 .text.IntDefaultHandler
                0x000010ec       0x14 .\CortexM0\ARM_GCC_541\Debug\Cm0Start.o
                0x000010ec                IntDefaultHandler
 .text.Start_c  0x00001100       0x98 .\CortexM0\ARM_GCC_541\Debug\Cm0Start.o
                0x00001100                Start_c
 .text.initialize_psoc
                0x00001198       0x70 .\CortexM0\ARM_GCC_541\Debug\Cm0Start.o
                0x00001198                initialize_psoc
 .text.CyBle_Init
                0x00001208       0x2c .\CortexM0\ARM_GCC_541\Debug\PSoC_4_BLE_Pressure_Sensor.a(BLE.o)
                0x00001208                CyBle_Init
 .text.CyBle_ServiceInit
                0x00001234       0x10 .\CortexM0\ARM_GCC_541\Debug\PSoC_4_BLE_Pressure_Sensor.a(BLE.o)
                0x00001234                CyBle_ServiceInit
 .text.CyBle_Start
                0x00001244      0x128 .\CortexM0\ARM_GCC_541\Debug\PSoC_4_BLE_Pressure_Sensor.a(BLE.o)
                0x00001244                CyBle_Start
 .text.CyBle_GappStartAdvertisement
                0x0000136c       0xd4 .\CortexM0\ARM_GCC_541\Debug\PSoC_4_BLE_Pressure_Sensor.a(BLE.o)
                0x0000136c                CyBle_GappStartAdvertisement
 .text.CyBle_ChangeAdDeviceAddress
                0x00001440       0x64 .\CortexM0\ARM_GCC_541\Debug\PSoC_4_BLE_Pressure_Sensor.a(BLE.o)
                0x00001440                CyBle_ChangeAdDeviceAddress
 .text.CyBle_Get16ByPtr
                0x000014a4       0x28 .\CortexM0\ARM_GCC_541\Debug\PSoC_4_BLE_Pressure_Sensor.a(BLE.o)
                0x000014a4                CyBle_Get16ByPtr
 .text.CyBle_GattsWriteEventHandler
                0x000014cc       0x98 .\CortexM0\ARM_GCC_541\Debug\PSoC_4_BLE_Pressure_Sensor.a(BLE_gatt.o)
                0x000014cc                CyBle_GattsWriteEventHandler
 .text.CyBle_WriteReqHandler
                0x00001564       0x74 .\CortexM0\ARM_GCC_541\Debug\PSoC_4_BLE_Pressure_Sensor.a(BLE_eventHandler.o)
 .text.CyBle_ValueConfirmation
                0x000015d8       0x10 .\CortexM0\ARM_GCC_541\Debug\PSoC_4_BLE_Pressure_Sensor.a(BLE_eventHandler.o)
 .text.CyBle_GattDisconnectEventHandler
                0x000015e8       0x1c .\CortexM0\ARM_GCC_541\Debug\PSoC_4_BLE_Pressure_Sensor.a(BLE_eventHandler.o)
 .text.CyBle_TimeOutEventHandler
                0x00001604       0x10 .\CortexM0\ARM_GCC_541\Debug\PSoC_4_BLE_Pressure_Sensor.a(BLE_eventHandler.o)
 .text.CyBle_GattConnectReqHandler
                0x00001614        0xc .\CortexM0\ARM_GCC_541\Debug\PSoC_4_BLE_Pressure_Sensor.a(BLE_eventHandler.o)
 .text.CyBle_IsDeviceAddressValid
                0x00001620       0x60 .\CortexM0\ARM_GCC_541\Debug\PSoC_4_BLE_Pressure_Sensor.a(BLE_eventHandler.o)
                0x00001620                CyBle_IsDeviceAddressValid
 .text.CyBle_L2Cap_ConnParamUpdateRspEventHandler
                0x00001680       0x14 .\CortexM0\ARM_GCC_541\Debug\PSoC_4_BLE_Pressure_Sensor.a(BLE_eventHandler.o)
 .text.CyBle_GapConnUpdateCompleteEventHandler
                0x00001694       0x10 .\CortexM0\ARM_GCC_541\Debug\PSoC_4_BLE_Pressure_Sensor.a(BLE_eventHandler.o)
 .text.CyBle_EventHandler
                0x000016a4      0x380 .\CortexM0\ARM_GCC_541\Debug\PSoC_4_BLE_Pressure_Sensor.a(BLE_eventHandler.o)
                0x000016a4                CyBle_EventHandler
 .text.CyBle_CustomInit
                0x00001a24        0xc .\CortexM0\ARM_GCC_541\Debug\PSoC_4_BLE_Pressure_Sensor.a(BLE_custom.o)
                0x00001a24                CyBle_CustomInit
 .text.I2C_Init
                0x00001a30       0x10 .\CortexM0\ARM_GCC_541\Debug\PSoC_4_BLE_Pressure_Sensor.a(I2C.o)
                0x00001a30                I2C_Init
 .text.I2C_Enable
                0x00001a40       0x24 .\CortexM0\ARM_GCC_541\Debug\PSoC_4_BLE_Pressure_Sensor.a(I2C.o)
                0x00001a40                I2C_Enable
 .text.I2C_Start
                0x00001a64       0x24 .\CortexM0\ARM_GCC_541\Debug\PSoC_4_BLE_Pressure_Sensor.a(I2C.o)
                0x00001a64                I2C_Start
 .text.I2C_Stop
                0x00001a88       0x34 .\CortexM0\ARM_GCC_541\Debug\PSoC_4_BLE_Pressure_Sensor.a(I2C.o)
                0x00001a88                I2C_Stop
 .text.I2C_ScbEnableIntr
                0x00001abc       0x10 .\CortexM0\ARM_GCC_541\Debug\PSoC_4_BLE_Pressure_Sensor.a(I2C.o)
 .text.I2C_ScbModePostEnable
                0x00001acc        0xc .\CortexM0\ARM_GCC_541\Debug\PSoC_4_BLE_Pressure_Sensor.a(I2C.o)
 .text.I2C_ScbModeStop
                0x00001ad8       0x10 .\CortexM0\ARM_GCC_541\Debug\PSoC_4_BLE_Pressure_Sensor.a(I2C.o)
 .text.I2C_I2CInit
                0x00001ae8       0xd8 .\CortexM0\ARM_GCC_541\Debug\PSoC_4_BLE_Pressure_Sensor.a(I2C_I2C.o)
                0x00001ae8                I2C_I2CInit
 .text.I2C_I2CStop
                0x00001bc0       0x28 .\CortexM0\ARM_GCC_541\Debug\PSoC_4_BLE_Pressure_Sensor.a(I2C_I2C.o)
                0x00001bc0                I2C_I2CStop
 .text.I2C_I2CFwBlockReset
                0x00001be8       0x70 .\CortexM0\ARM_GCC_541\Debug\PSoC_4_BLE_Pressure_Sensor.a(I2C_I2C.o)
                0x00001be8                I2C_I2CFwBlockReset
 .text.I2C_I2CMasterWriteBuf
                0x00001c58      0x128 .\CortexM0\ARM_GCC_541\Debug\PSoC_4_BLE_Pressure_Sensor.a(I2C_I2C_MASTER.o)
                0x00001c58                I2C_I2CMasterWriteBuf
 .text.I2C_I2CMasterReadBuf
                0x00001d80      0x138 .\CortexM0\ARM_GCC_541\Debug\PSoC_4_BLE_Pressure_Sensor.a(I2C_I2C_MASTER.o)
                0x00001d80                I2C_I2CMasterReadBuf
 .text.I2C_I2CMasterStatus
                0x00001eb8       0x44 .\CortexM0\ARM_GCC_541\Debug\PSoC_4_BLE_Pressure_Sensor.a(I2C_I2C_MASTER.o)
                0x00001eb8                I2C_I2CMasterStatus
 .text.I2C_I2CMasterClearStatus
                0x00001efc       0x30 .\CortexM0\ARM_GCC_541\Debug\PSoC_4_BLE_Pressure_Sensor.a(I2C_I2C_MASTER.o)
                0x00001efc                I2C_I2CMasterClearStatus
 .text.I2C_I2CReStartGeneration
                0x00001f2c       0x38 .\CortexM0\ARM_GCC_541\Debug\PSoC_4_BLE_Pressure_Sensor.a(I2C_I2C_MASTER.o)
                0x00001f2c                I2C_I2CReStartGeneration
 .text.I2C_Sleep
                0x00001f64       0x2c .\CortexM0\ARM_GCC_541\Debug\PSoC_4_BLE_Pressure_Sensor.a(I2C_PM.o)
                0x00001f64                I2C_Sleep
 .text.I2C_Wakeup
                0x00001f90       0x1c .\CortexM0\ARM_GCC_541\Debug\PSoC_4_BLE_Pressure_Sensor.a(I2C_PM.o)
                0x00001f90                I2C_Wakeup
 .text.LED_SetDriveMode
                0x00001fac       0x30 .\CortexM0\ARM_GCC_541\Debug\PSoC_4_BLE_Pressure_Sensor.a(LED.o)
                0x00001fac                LED_SetDriveMode
 .text.LED_Write
                0x00001fdc       0x50 .\CortexM0\ARM_GCC_541\Debug\PSoC_4_BLE_Pressure_Sensor.a(LED.o)
                0x00001fdc                LED_Write
 .text.LED_Read
                0x0000202c       0x1c .\CortexM0\ARM_GCC_541\Debug\PSoC_4_BLE_Pressure_Sensor.a(LED.o)
                0x0000202c                LED_Read
 .text.Button_ClearInterrupt
                0x00002048       0x30 .\CortexM0\ARM_GCC_541\Debug\PSoC_4_BLE_Pressure_Sensor.a(Button.o)
                0x00002048                Button_ClearInterrupt
 .text.Btn_Interrupt_StartEx
                0x00002078       0x28 .\CortexM0\ARM_GCC_541\Debug\PSoC_4_BLE_Pressure_Sensor.a(Btn_Interrupt.o)
                0x00002078                Btn_Interrupt_StartEx
 .text.Btn_Interrupt_SetVector
                0x000020a0       0x1c .\CortexM0\ARM_GCC_541\Debug\PSoC_4_BLE_Pressure_Sensor.a(Btn_Interrupt.o)
                0x000020a0                Btn_Interrupt_SetVector
 .text.Btn_Interrupt_SetPriority
                0x000020bc       0x50 .\CortexM0\ARM_GCC_541\Debug\PSoC_4_BLE_Pressure_Sensor.a(Btn_Interrupt.o)
                0x000020bc                Btn_Interrupt_SetPriority
 .text.Btn_Interrupt_Enable
                0x0000210c       0x14 .\CortexM0\ARM_GCC_541\Debug\PSoC_4_BLE_Pressure_Sensor.a(Btn_Interrupt.o)
                0x0000210c                Btn_Interrupt_Enable
 .text.Btn_Interrupt_Disable
                0x00002120       0x14 .\CortexM0\ARM_GCC_541\Debug\PSoC_4_BLE_Pressure_Sensor.a(Btn_Interrupt.o)
                0x00002120                Btn_Interrupt_Disable
 .text.Btn_Interrupt_ClearPending
                0x00002134       0x14 .\CortexM0\ARM_GCC_541\Debug\PSoC_4_BLE_Pressure_Sensor.a(Btn_Interrupt.o)
                0x00002134                Btn_Interrupt_ClearPending
 .text.VDD_SetDriveMode
                0x00002148       0x30 .\CortexM0\ARM_GCC_541\Debug\PSoC_4_BLE_Pressure_Sensor.a(VDD.o)
                0x00002148                VDD_SetDriveMode
 .text.VDD_Write
                0x00002178       0x50 .\CortexM0\ARM_GCC_541\Debug\PSoC_4_BLE_Pressure_Sensor.a(VDD.o)
                0x00002178                VDD_Write
 .text.GND_SetDriveMode
                0x000021c8       0x30 .\CortexM0\ARM_GCC_541\Debug\PSoC_4_BLE_Pressure_Sensor.a(GND.o)
                0x000021c8                GND_SetDriveMode
 .text.GND_Write
                0x000021f8       0x50 .\CortexM0\ARM_GCC_541\Debug\PSoC_4_BLE_Pressure_Sensor.a(GND.o)
                0x000021f8                GND_Write
 .text.CySysClkWriteSysclkDiv
                0x00002248       0x48 .\CortexM0\ARM_GCC_541\Debug\PSoC_4_BLE_Pressure_Sensor.a(CyLib.o)
                0x00002248                CySysClkWriteSysclkDiv
 .text.CySysClkWriteImoFreq
                0x00002290       0x9c .\CortexM0\ARM_GCC_541\Debug\PSoC_4_BLE_Pressure_Sensor.a(CyLib.o)
                0x00002290                CySysClkWriteImoFreq
 .text.CySysClkEcoStart
                0x0000232c       0x74 .\CortexM0\ARM_GCC_541\Debug\PSoC_4_BLE_Pressure_Sensor.a(CyLib.o)
                0x0000232c                CySysClkEcoStart
 .text.CySysClkEcoReadStatus
                0x000023a0       0x20 .\CortexM0\ARM_GCC_541\Debug\PSoC_4_BLE_Pressure_Sensor.a(CyLib.o)
                0x000023a0                CySysClkEcoReadStatus
 .text.CyIntSetVector
                0x000023c0       0x4c .\CortexM0\ARM_GCC_541\Debug\PSoC_4_BLE_Pressure_Sensor.a(CyLib.o)
                0x000023c0                CyIntSetVector
 .text.CyIntSetPriority
                0x0000240c       0xa8 .\CortexM0\ARM_GCC_541\Debug\PSoC_4_BLE_Pressure_Sensor.a(CyLib.o)
                0x0000240c                CyIntSetPriority
 .text.CyIntEnable
                0x000024b4       0x2c .\CortexM0\ARM_GCC_541\Debug\PSoC_4_BLE_Pressure_Sensor.a(CyLib.o)
                0x000024b4                CyIntEnable
 .text.CyIntDisable
                0x000024e0       0x2c .\CortexM0\ARM_GCC_541\Debug\PSoC_4_BLE_Pressure_Sensor.a(CyLib.o)
                0x000024e0                CyIntDisable
 .text.CyIntClearPending
                0x0000250c       0x2c .\CortexM0\ARM_GCC_541\Debug\PSoC_4_BLE_Pressure_Sensor.a(CyLib.o)
                0x0000250c                CyIntClearPending
 .text.CyHalt   0x00002538       0x18 .\CortexM0\ARM_GCC_541\Debug\PSoC_4_BLE_Pressure_Sensor.a(CyLib.o)
                0x00002538                CyHalt
 .text.CyDelay  0x00002550       0x4c .\CortexM0\ARM_GCC_541\Debug\PSoC_4_BLE_Pressure_Sensor.a(CyLib.o)
                0x00002550                CyDelay
 .text.CyDelayUs
                0x0000259c       0x28 .\CortexM0\ARM_GCC_541\Debug\PSoC_4_BLE_Pressure_Sensor.a(CyLib.o)
                0x0000259c                CyDelayUs
 .text.CySysPmSleep
                0x000025c4       0x34 .\CortexM0\ARM_GCC_541\Debug\PSoC_4_BLE_Pressure_Sensor.a(cyPm.o)
                0x000025c4                CySysPmSleep
 .text.CySysPmDeepSleep
                0x000025f8       0x6c .\CortexM0\ARM_GCC_541\Debug\PSoC_4_BLE_Pressure_Sensor.a(cyPm.o)
                0x000025f8                CySysPmDeepSleep
 .text.CySysClkWcoSetHighPowerMode
                0x00002664       0x4c .\CortexM0\ARM_GCC_541\Debug\PSoC_4_BLE_Pressure_Sensor.a(CyLFClk.o)
 .text.CySysClkWcoSetLowPowerMode
                0x000026b0       0x4c .\CortexM0\ARM_GCC_541\Debug\PSoC_4_BLE_Pressure_Sensor.a(CyLFClk.o)
 .text.CySysClkWcoStart
                0x000026fc       0x20 .\CortexM0\ARM_GCC_541\Debug\PSoC_4_BLE_Pressure_Sensor.a(CyLFClk.o)
                0x000026fc                CySysClkWcoStart
 .text.CySysClkWcoSetPowerMode
                0x0000271c       0x40 .\CortexM0\ARM_GCC_541\Debug\PSoC_4_BLE_Pressure_Sensor.a(CyLFClk.o)
                0x0000271c                CySysClkWcoSetPowerMode
 *fill*         0x0000275c        0x4 
 .text          0x00002760       0x20 .\CortexM0\ARM_GCC_541\Debug\PSoC_4_BLE_Pressure_Sensor.a(CyBootAsmGnu.o)
                0x00002760                CyDelayCycles
                0x00002772                CyEnterCriticalSection
                0x0000277a                CyExitCriticalSection
 .text.I2C_I2C_ISR
                0x00002780      0x454 .\CortexM0\ARM_GCC_541\Debug\PSoC_4_BLE_Pressure_Sensor.a(I2C_I2C_INT.o)
                0x00002780                I2C_I2C_ISR
 .text.pow      0x00002bd4      0x378 c:/program files (x86)/cypress/psoc creator/4.1/psoc creator/import/gnu/arm/5.4.1/bin/../lib/gcc/arm-none-eabi/5.4.1/../../../../arm-none-eabi/lib/armv6-m\libm.a(lib_a-w_pow.o)
                0x00002bd4                pow
 .text.__ieee754_pow
                0x00002f4c      0xa6c c:/program files (x86)/cypress/psoc creator/4.1/psoc creator/import/gnu/arm/5.4.1/bin/../lib/gcc/arm-none-eabi/5.4.1/../../../../arm-none-eabi/lib/armv6-m\libm.a(lib_a-e_pow.o)
                0x00002f4c                __ieee754_pow
 .text.__ieee754_sqrt
                0x000039b8      0x1ec c:/program files (x86)/cypress/psoc creator/4.1/psoc creator/import/gnu/arm/5.4.1/bin/../lib/gcc/arm-none-eabi/5.4.1/../../../../arm-none-eabi/lib/armv6-m\libm.a(lib_a-e_sqrt.o)
                0x000039b8                __ieee754_sqrt
 .text.fabs     0x00003ba4        0x8 c:/program files (x86)/cypress/psoc creator/4.1/psoc creator/import/gnu/arm/5.4.1/bin/../lib/gcc/arm-none-eabi/5.4.1/../../../../arm-none-eabi/lib/armv6-m\libm.a(lib_a-s_fabs.o)
                0x00003ba4                fabs
 .text.finite   0x00003bac       0x14 c:/program files (x86)/cypress/psoc creator/4.1/psoc creator/import/gnu/arm/5.4.1/bin/../lib/gcc/arm-none-eabi/5.4.1/../../../../arm-none-eabi/lib/armv6-m\libm.a(lib_a-s_finite.o)
                0x00003bac                finite
 .text.matherr  0x00003bc0        0x4 c:/program files (x86)/cypress/psoc creator/4.1/psoc creator/import/gnu/arm/5.4.1/bin/../lib/gcc/arm-none-eabi/5.4.1/../../../../arm-none-eabi/lib/armv6-m\libm.a(lib_a-s_matherr.o)
                0x00003bc0                matherr
 .text.nan      0x00003bc4        0xc c:/program files (x86)/cypress/psoc creator/4.1/psoc creator/import/gnu/arm/5.4.1/bin/../lib/gcc/arm-none-eabi/5.4.1/../../../../arm-none-eabi/lib/armv6-m\libm.a(lib_a-s_nan.o)
                0x00003bc4                nan
 .text.rint     0x00003bd0      0x144 c:/program files (x86)/cypress/psoc creator/4.1/psoc creator/import/gnu/arm/5.4.1/bin/../lib/gcc/arm-none-eabi/5.4.1/../../../../arm-none-eabi/lib/armv6-m\libm.a(lib_a-s_rint.o)
                0x00003bd0                rint
 .text.scalbn   0x00003d14       0xd0 c:/program files (x86)/cypress/psoc creator/4.1/psoc creator/import/gnu/arm/5.4.1/bin/../lib/gcc/arm-none-eabi/5.4.1/../../../../arm-none-eabi/lib/armv6-m\libm.a(lib_a-s_scalbn.o)
                0x00003d14                scalbn
 .text.copysign
                0x00003de4       0x10 c:/program files (x86)/cypress/psoc creator/4.1/psoc creator/import/gnu/arm/5.4.1/bin/../lib/gcc/arm-none-eabi/5.4.1/../../../../arm-none-eabi/lib/armv6-m\libm.a(lib_a-s_copysign.o)
                0x00003de4                copysign
 .text.CyBLE_Bless_LlRegWrite
                0x00003df4       0x20 .\CortexM0\ARM_GCC_541\Debug\PSoC_4_BLE_Pressure_Sensor.a(BLE_HAL_PVT.o)
                0x00003df4                CyBLE_Bless_LlRegWrite
 .text.CyBLE_Bless_RfRegWrite
                0x00003e14       0x20 .\CortexM0\ARM_GCC_541\Debug\PSoC_4_BLE_Pressure_Sensor.a(BLE_HAL_PVT.o)
                0x00003e14                CyBLE_Bless_RfRegWrite
 .text.CyBLE_BlessDeviceConfig
                0x00003e34      0x194 .\CortexM0\ARM_GCC_541\Debug\PSoC_4_BLE_Pressure_Sensor.a(BLE_HAL_PVT.o)
                0x00003e34                CyBLE_BlessDeviceConfig
 .text.CyBleHal_DelayUs
                0x00003fc8       0x20 .\CortexM0\ARM_GCC_541\Debug\PSoC_4_BLE_Pressure_Sensor.a(BLE_HAL_PVT.o)
                0x00003fc8                CyBleHal_DelayUs
 .text.CyBleHal_DelayMs
                0x00003fe8       0x18 .\CortexM0\ARM_GCC_541\Debug\PSoC_4_BLE_Pressure_Sensor.a(BLE_HAL_PVT.o)
                0x00003fe8                CyBleHal_DelayMs
 .text.CyBleHal_EnableGlobalInterrupts
                0x00004000       0x10 .\CortexM0\ARM_GCC_541\Debug\PSoC_4_BLE_Pressure_Sensor.a(BLE_HAL_PVT.o)
                0x00004000                CyBleHal_EnableGlobalInterrupts
 .text.CyBleHal_DisableGlobalInterrupts
                0x00004010       0x10 .\CortexM0\ARM_GCC_541\Debug\PSoC_4_BLE_Pressure_Sensor.a(BLE_HAL_PVT.o)
                0x00004010                CyBleHal_DisableGlobalInterrupts
 .text.CyBle_HalInit
                0x00004020       0x20 .\CortexM0\ARM_GCC_541\Debug\PSoC_4_BLE_Pressure_Sensor.a(BLE_HAL_PVT.o)
                0x00004020                CyBle_HalInit
 .text.CYBLE_BlessStart
                0x00004040       0x18 .\CortexM0\ARM_GCC_541\Debug\PSoC_4_BLE_Pressure_Sensor.a(BLE_HAL_PVT.o)
                0x00004040                CYBLE_BlessStart
 .text.CyBLE_GetIpBlockVersion
                0x00004058       0x10 .\CortexM0\ARM_GCC_541\Debug\PSoC_4_BLE_Pressure_Sensor.a(BLE_HAL_PVT.o)
                0x00004058                CyBLE_GetIpBlockVersion
 .text.CyBle_Hal_pairing_local_public_key_handler
                0x00004068       0x14 .\CortexM0\ARM_GCC_541\Debug\PSoC_4_BLE_Pressure_Sensor.a(BLE_HAL_PVT.o)
                0x00004068                CyBle_Hal_pairing_local_public_key_handler
 .text.CyBle_Hal_pairing_remote_key_handler
                0x0000407c       0x14 .\CortexM0\ARM_GCC_541\Debug\PSoC_4_BLE_Pressure_Sensor.a(BLE_HAL_PVT.o)
                0x0000407c                CyBle_Hal_pairing_remote_key_handler
 .text.CyBle_Hal_pairing_dhkey_handler
                0x00004090       0x14 .\CortexM0\ARM_GCC_541\Debug\PSoC_4_BLE_Pressure_Sensor.a(BLE_HAL_PVT.o)
                0x00004090                CyBle_Hal_pairing_dhkey_handler
 .text.CyBle_Hal_pairing_dhkey_check_handler
                0x000040a4       0x14 .\CortexM0\ARM_GCC_541\Debug\PSoC_4_BLE_Pressure_Sensor.a(BLE_HAL_PVT.o)
                0x000040a4                CyBle_Hal_pairing_dhkey_check_handler
 .text.CyBle_Hal_pairing_keypress_notification_handler
                0x000040b8       0x14 .\CortexM0\ARM_GCC_541\Debug\PSoC_4_BLE_Pressure_Sensor.a(BLE_HAL_PVT.o)
                0x000040b8                CyBle_Hal_pairing_keypress_notification_handler
 .text.CyBle_Hal_pairing_rand_handler
                0x000040cc       0x14 .\CortexM0\ARM_GCC_541\Debug\PSoC_4_BLE_Pressure_Sensor.a(BLE_HAL_PVT.o)
                0x000040cc                CyBle_Hal_pairing_rand_handler
 .text.CyBle_Hal_pairing_confirm_handler
                0x000040e0       0x14 .\CortexM0\ARM_GCC_541\Debug\PSoC_4_BLE_Pressure_Sensor.a(BLE_HAL_PVT.o)
                0x000040e0                CyBle_Hal_pairing_confirm_handler
 .text.CyBle_Hal_pairing_lr_confirming_handler
                0x000040f4       0x14 .\CortexM0\ARM_GCC_541\Debug\PSoC_4_BLE_Pressure_Sensor.a(BLE_HAL_PVT.o)
                0x000040f4                CyBle_Hal_pairing_lr_confirming_handler
 .text.CyBle_Hal_pairing_sc_tbx_local_pubkey_generate_complete
                0x00004108        0xc .\CortexM0\ARM_GCC_541\Debug\PSoC_4_BLE_Pressure_Sensor.a(BLE_HAL_PVT.o)
                0x00004108                CyBle_Hal_pairing_sc_tbx_local_pubkey_generate_complete
 .text.CyBle_Hal_pairing_sc_tbx_generate_local_P256_public_key
                0x00004114       0x18 .\CortexM0\ARM_GCC_541\Debug\PSoC_4_BLE_Pressure_Sensor.a(BLE_HAL_PVT.o)
                0x00004114                CyBle_Hal_pairing_sc_tbx_generate_local_P256_public_key
 .text.CyBle_Hal_se_smp_sc_user_passkey_handler
                0x0000412c       0x14 .\CortexM0\ARM_GCC_541\Debug\PSoC_4_BLE_Pressure_Sensor.a(BLE_HAL_PVT.o)
                0x0000412c                CyBle_Hal_se_smp_sc_user_passkey_handler
 .text.CyBle_Hal_EccPointMult
                0x00004140        0xc .\CortexM0\ARM_GCC_541\Debug\PSoC_4_BLE_Pressure_Sensor.a(BLE_HAL_PVT.o)
                0x00004140                CyBle_Hal_EccPointMult
 .text.BLE_bless_isr_StartEx
                0x0000414c       0x28 .\CortexM0\ARM_GCC_541\Debug\PSoC_4_BLE_Pressure_Sensor.a(BLE_bless_isr.o)
                0x0000414c                BLE_bless_isr_StartEx
 .text.BLE_bless_isr_SetVector
                0x00004174       0x1c .\CortexM0\ARM_GCC_541\Debug\PSoC_4_BLE_Pressure_Sensor.a(BLE_bless_isr.o)
                0x00004174                BLE_bless_isr_SetVector
 .text.BLE_bless_isr_SetPriority
                0x00004190       0x50 .\CortexM0\ARM_GCC_541\Debug\PSoC_4_BLE_Pressure_Sensor.a(BLE_bless_isr.o)
                0x00004190                BLE_bless_isr_SetPriority
 .text.BLE_bless_isr_Enable
                0x000041e0       0x18 .\CortexM0\ARM_GCC_541\Debug\PSoC_4_BLE_Pressure_Sensor.a(BLE_bless_isr.o)
                0x000041e0                BLE_bless_isr_Enable
 .text.BLE_bless_isr_Disable
                0x000041f8       0x18 .\CortexM0\ARM_GCC_541\Debug\PSoC_4_BLE_Pressure_Sensor.a(BLE_bless_isr.o)
                0x000041f8                BLE_bless_isr_Disable
 .text.CyBLE_Bless_Interrupt
                0x00004210       0x10 .\CortexM0\ARM_GCC_541\Debug\PSoC_4_BLE_Pressure_Sensor.a(BLE_HAL_INT.o)
                0x00004210                CyBLE_Bless_Interrupt
 .text          0x00004220      0x114 c:/program files (x86)/cypress/psoc creator/4.1/psoc creator/import/gnu/arm/5.4.1/bin/../lib/gcc/arm-none-eabi/5.4.1/armv6-m\libgcc.a(_udivsi3.o)
                0x00004220                __aeabi_uidiv
                0x00004220                __udivsi3
                0x0000432c                __aeabi_uidivmod
 .text          0x00004334      0x1d4 c:/program files (x86)/cypress/psoc creator/4.1/psoc creator/import/gnu/arm/5.4.1/bin/../lib/gcc/arm-none-eabi/5.4.1/armv6-m\libgcc.a(_divsi3.o)
                0x00004334                __divsi3
                0x00004334                __aeabi_idiv
                0x00004500                __aeabi_idivmod
 .text          0x00004508        0x4 c:/program files (x86)/cypress/psoc creator/4.1/psoc creator/import/gnu/arm/5.4.1/bin/../lib/gcc/arm-none-eabi/5.4.1/armv6-m\libgcc.a(_dvmd_tls.o)
                0x00004508                __aeabi_idiv0
                0x00004508                __aeabi_ldiv0
 .text          0x0000450c       0x7c c:/program files (x86)/cypress/psoc creator/4.1/psoc creator/import/gnu/arm/5.4.1/bin/../lib/gcc/arm-none-eabi/5.4.1/armv6-m\libgcc.a(_arm_cmpdf2.o)
                0x0000450c                __aeabi_cdrcmple
                0x0000451c                __aeabi_cdcmple
                0x0000451c                __aeabi_cdcmpeq
                0x0000452c                __aeabi_dcmpeq
                0x00004538                __aeabi_dcmplt
                0x0000454c                __aeabi_dcmple
                0x00004560                __aeabi_dcmpgt
                0x00004574                __aeabi_dcmpge
 .text          0x00004588       0x3c c:/program files (x86)/cypress/psoc creator/4.1/psoc creator/import/gnu/arm/5.4.1/bin/../lib/gcc/arm-none-eabi/5.4.1/armv6-m\libgcc.a(_fixunsdfsi.o)
                0x00004588                __aeabi_d2uiz
                0x00004588                __fixunsdfsi
 .text          0x000045c4      0x658 c:/program files (x86)/cypress/psoc creator/4.1/psoc creator/import/gnu/arm/5.4.1/bin/../lib/gcc/arm-none-eabi/5.4.1/armv6-m\libgcc.a(adddf3.o)
                0x000045c4                __aeabi_dadd
 .text          0x00004c1c      0x62c c:/program files (x86)/cypress/psoc creator/4.1/psoc creator/import/gnu/arm/5.4.1/bin/../lib/gcc/arm-none-eabi/5.4.1/armv6-m\libgcc.a(divdf3.o)
                0x00004c1c                __aeabi_ddiv
 .text          0x00005248       0x80 c:/program files (x86)/cypress/psoc creator/4.1/psoc creator/import/gnu/arm/5.4.1/bin/../lib/gcc/arm-none-eabi/5.4.1/armv6-m\libgcc.a(eqdf2.o)
                0x00005248                __nedf2
                0x00005248                __eqdf2
 .text          0x000052c8       0xc8 c:/program files (x86)/cypress/psoc creator/4.1/psoc creator/import/gnu/arm/5.4.1/bin/../lib/gcc/arm-none-eabi/5.4.1/armv6-m\libgcc.a(gedf2.o)
                0x000052c8                __gedf2
                0x000052c8                __gtdf2
 .text          0x00005390       0xd4 c:/program files (x86)/cypress/psoc creator/4.1/psoc creator/import/gnu/arm/5.4.1/bin/../lib/gcc/arm-none-eabi/5.4.1/armv6-m\libgcc.a(ledf2.o)
                0x00005390                __ledf2
                0x00005390                __ltdf2
 .text          0x00005464      0x4f4 c:/program files (x86)/cypress/psoc creator/4.1/psoc creator/import/gnu/arm/5.4.1/bin/../lib/gcc/arm-none-eabi/5.4.1/armv6-m\libgcc.a(muldf3.o)
                0x00005464                __aeabi_dmul
 .text          0x00005958      0x6a8 c:/program files (x86)/cypress/psoc creator/4.1/psoc creator/import/gnu/arm/5.4.1/bin/../lib/gcc/arm-none-eabi/5.4.1/armv6-m\libgcc.a(subdf3.o)
                0x00005958                __aeabi_dsub
 .text          0x00006000       0x40 c:/program files (x86)/cypress/psoc creator/4.1/psoc creator/import/gnu/arm/5.4.1/bin/../lib/gcc/arm-none-eabi/5.4.1/armv6-m\libgcc.a(unorddf2.o)
                0x00006000                __aeabi_dcmpun
 .text          0x00006040       0x6c c:/program files (x86)/cypress/psoc creator/4.1/psoc creator/import/gnu/arm/5.4.1/bin/../lib/gcc/arm-none-eabi/5.4.1/armv6-m\libgcc.a(fixdfsi.o)
                0x00006040                __aeabi_d2iz
 .text          0x000060ac       0x84 c:/program files (x86)/cypress/psoc creator/4.1/psoc creator/import/gnu/arm/5.4.1/bin/../lib/gcc/arm-none-eabi/5.4.1/armv6-m\libgcc.a(floatsidf.o)
                0x000060ac                __aeabi_i2d
 .text          0x00006130       0x70 c:/program files (x86)/cypress/psoc creator/4.1/psoc creator/import/gnu/arm/5.4.1/bin/../lib/gcc/arm-none-eabi/5.4.1/armv6-m\libgcc.a(floatunsidf.o)
                0x00006130                __aeabi_ui2d
 .text          0x000061a0       0x3c c:/program files (x86)/cypress/psoc creator/4.1/psoc creator/import/gnu/arm/5.4.1/bin/../lib/gcc/arm-none-eabi/5.4.1/armv6-m\libgcc.a(_clzsi2.o)
                0x000061a0                __clzsi2
 .text.__errno  0x000061dc        0xc c:/program files (x86)/cypress/psoc creator/4.1/psoc creator/import/gnu/arm/5.4.1/bin/../lib/gcc/arm-none-eabi/5.4.1/../../../../arm-none-eabi/lib/armv6-m\libg_nano.a(lib_a-errno.o)
                0x000061dc                __errno
 .text.__libc_init_array
                0x000061e8       0x4c c:/program files (x86)/cypress/psoc creator/4.1/psoc creator/import/gnu/arm/5.4.1/bin/../lib/gcc/arm-none-eabi/5.4.1/../../../../arm-none-eabi/lib/armv6-m\libg_nano.a(lib_a-init.o)
                0x000061e8                __libc_init_array
 .text.memcmp   0x00006234       0x1e c:/program files (x86)/cypress/psoc creator/4.1/psoc creator/import/gnu/arm/5.4.1/bin/../lib/gcc/arm-none-eabi/5.4.1/../../../../arm-none-eabi/lib/armv6-m\libg_nano.a(lib_a-memcmp.o)
                0x00006234                memcmp
 .text.memcpy   0x00006252       0x12 c:/program files (x86)/cypress/psoc creator/4.1/psoc creator/import/gnu/arm/5.4.1/bin/../lib/gcc/arm-none-eabi/5.4.1/../../../../arm-none-eabi/lib/armv6-m\libg_nano.a(lib_a-memcpy-stub.o)
                0x00006252                memcpy
 .text.memset   0x00006264       0x10 c:/program files (x86)/cypress/psoc creator/4.1/psoc creator/import/gnu/arm/5.4.1/bin/../lib/gcc/arm-none-eabi/5.4.1/../../../../arm-none-eabi/lib/armv6-m\libg_nano.a(lib_a-memset.o)
                0x00006264                memset
 *(.plt)
 *(.gnu.warning)
 *(.glue_7t)
 .glue_7t       0x00006274        0x0 linker stubs
 *(.glue_7)
 .glue_7        0x00006274        0x0 linker stubs
 *(.vfp11_veneer)
 .vfp11_veneer  0x00006274        0x0 linker stubs
 *(.bootloader)
 *(.ARM.extab* .gnu.linkonce.armextab.*)
 *(.gcc_except_table)

.v4_bx          0x00006274        0x0
 .v4_bx         0x00006274        0x0 linker stubs

.iplt           0x00006274        0x0
 .iplt          0x00006274        0x0 c:/program files (x86)/cypress/psoc creator/4.1/psoc creator/import/gnu/arm/5.4.1/bin/../lib/gcc/arm-none-eabi/5.4.1/armv6-m/crtbegin.o

i.CyBle_ControllerGetFeatureHeapReq
                0x00006274       0x58
 i.CyBle_ControllerGetFeatureHeapReq
                0x00006274       0x58 ..\..\PSoC Creator\4.1\Downloads ( 4.1).cylib\BLE_v3_40\Library\gccCyBLEStack_BLE_SOC_PERIPHERAL.a(CyBle.o)
                0x00006274                CyBle_ControllerGetFeatureHeapReq

i.CyBle_EnableDefaultDevicePrivacy
                0x000062cc        0x8
 i.CyBle_EnableDefaultDevicePrivacy
                0x000062cc        0x8 ..\..\PSoC Creator\4.1\Downloads ( 4.1).cylib\BLE_v3_40\Library\gccCyBLEStack_BLE_SOC_PERIPHERAL.a(CyBle.o)
                0x000062cc                CyBle_EnableDefaultDevicePrivacy

i.CyBle_EnterLPM
                0x000062d4        0x8
 i.CyBle_EnterLPM
                0x000062d4        0x8 ..\..\PSoC Creator\4.1\Downloads ( 4.1).cylib\BLE_v3_40\Library\gccCyBLEStack_BLE_SOC_PERIPHERAL.a(CyBle.o)
                0x000062d4                CyBle_EnterLPM

i.CyBle_ExitLPM
                0x000062dc        0x8
 i.CyBle_ExitLPM
                0x000062dc        0x8 ..\..\PSoC Creator\4.1\Downloads ( 4.1).cylib\BLE_v3_40\Library\gccCyBLEStack_BLE_SOC_PERIPHERAL.a(CyBle.o)
                0x000062dc                CyBle_ExitLPM

i.CyBle_ProcessEvents
                0x000062e4        0x8
 i.CyBle_ProcessEvents
                0x000062e4        0x8 ..\..\PSoC Creator\4.1\Downloads ( 4.1).cylib\BLE_v3_40\Library\gccCyBLEStack_BLE_SOC_PERIPHERAL.a(CyBle.o)
                0x000062e4                CyBle_ProcessEvents

i.CyBle_SetDeviceAddress
                0x000062ec       0x24
 i.CyBle_SetDeviceAddress
                0x000062ec       0x24 ..\..\PSoC Creator\4.1\Downloads ( 4.1).cylib\BLE_v3_40\Library\gccCyBLEStack_BLE_SOC_PERIPHERAL.a(CyBle.o)
                0x000062ec                CyBle_SetDeviceAddress

i.CyBle_StackGetFeatureConfig
                0x00006310       0x38
 i.CyBle_StackGetFeatureConfig
                0x00006310       0x38 ..\..\PSoC Creator\4.1\Downloads ( 4.1).cylib\BLE_v3_40\Library\gccCyBLEStack_BLE_SOC_PERIPHERAL.a(CyBle.o)
                0x00006310                CyBle_StackGetFeatureConfig

i.CyBle_StackInit
                0x00006348      0x154
 i.CyBle_StackInit
                0x00006348      0x154 ..\..\PSoC Creator\4.1\Downloads ( 4.1).cylib\BLE_v3_40\Library\gccCyBLEStack_BLE_SOC_PERIPHERAL.a(CyBle.o)
                0x00006348                CyBle_StackInit

i.CyBle_StackSetFeatureConfig
                0x0000649c       0xe8
 i.CyBle_StackSetFeatureConfig
                0x0000649c       0xe8 ..\..\PSoC Creator\4.1\Downloads ( 4.1).cylib\BLE_v3_40\Library\gccCyBLEStack_BLE_SOC_PERIPHERAL.a(CyBle.o)
                0x0000649c                CyBle_StackSetFeatureConfig

i.CyBle_StackValidateInputParams
                0x00006584       0xf4
 i.CyBle_StackValidateInputParams
                0x00006584       0xf4 ..\..\PSoC Creator\4.1\Downloads ( 4.1).cylib\BLE_v3_40\Library\gccCyBLEStack_BLE_SOC_PERIPHERAL.a(CyBle.o)

i.__ARM_common_switch8
                0x00006678       0x1a
 i.__ARM_common_switch8
                0x00006678       0x1a ..\..\PSoC Creator\4.1\Downloads ( 4.1).cylib\BLE_v3_40\Library\gccCyBLEStack_BLE_SOC_PERIPHERAL.a(CyBle.o)
                0x00006678                __ARM_common_switch8

i.CyBleStackMgr_Init
                0x00006694      0x10c
 i.CyBleStackMgr_Init
                0x00006694      0x10c ..\..\PSoC Creator\4.1\Downloads ( 4.1).cylib\BLE_v3_40\Library\gccCyBLEStack_BLE_SOC_PERIPHERAL.a(CyBleStackMgrIP_Interface.o)
                0x00006694                CyBleStackMgr_Init

i.CyBleStackMgr_ProcessBleEvents
                0x000067a0       0x14
 i.CyBleStackMgr_ProcessBleEvents
                0x000067a0       0x14 ..\..\PSoC Creator\4.1\Downloads ( 4.1).cylib\BLE_v3_40\Library\gccCyBLEStack_BLE_SOC_PERIPHERAL.a(CyBleStackMgrIP_Interface.o)
                0x000067a0                CyBleStackMgr_ProcessBleEvents

i.CyBle_GetHeapMemory
                0x000067b4       0x28
 i.CyBle_GetHeapMemory
                0x000067b4       0x28 ..\..\PSoC Creator\4.1\Downloads ( 4.1).cylib\BLE_v3_40\Library\gccCyBLEStack_BLE_SOC_PERIPHERAL.a(CyBleStackMgrIP_Interface.o)
                0x000067b4                CyBle_GetHeapMemory

i.CyBle_GetNumAppBufferPools
                0x000067dc        0xc
 i.CyBle_GetNumAppBufferPools
                0x000067dc        0xc ..\..\PSoC Creator\4.1\Downloads ( 4.1).cylib\BLE_v3_40\Library\gccCyBLEStack_BLE_SOC_PERIPHERAL.a(CyBleStackMgrIP_Interface.o)
                0x000067dc                CyBle_GetNumAppBufferPools

i.CyBle_HostStackBufferPoolInit
                0x000067e8       0xec
 i.CyBle_HostStackBufferPoolInit
                0x000067e8       0xec ..\..\PSoC Creator\4.1\Downloads ( 4.1).cylib\BLE_v3_40\Library\gccCyBLEStack_BLE_SOC_PERIPHERAL.a(CyBleStackMgrIP_Interface.o)

i.ble_stack_idle_task_callback
                0x000068d4        0x2
 i.ble_stack_idle_task_callback
                0x000068d4        0x2 ..\..\PSoC Creator\4.1\Downloads ( 4.1).cylib\BLE_v3_40\Library\gccCyBLEStack_BLE_SOC_PERIPHERAL.a(CyBleStackMgrIP_Interface.o)
                0x000068d4                ble_stack_idle_task_callback

i.BT_OSFreeBuf  0x000068d8       0x20
 i.BT_OSFreeBuf
                0x000068d8       0x20 ..\..\PSoC Creator\4.1\Downloads ( 4.1).cylib\BLE_v3_40\Library\gccCyBLEStack_BLE_SOC_PERIPHERAL.a(BT_os.o)
                0x000068d8                BT_OSFreeBuf

i.BT_OSGetBuF   0x000068f8       0x34
 i.BT_OSGetBuF  0x000068f8       0x34 ..\..\PSoC Creator\4.1\Downloads ( 4.1).cylib\BLE_v3_40\Library\gccCyBLEStack_BLE_SOC_PERIPHERAL.a(BT_os.o)
                0x000068f8                BT_OSGetBuF

i.BT_OSMemCreate
                0x0000692c       0x3c
 i.BT_OSMemCreate
                0x0000692c       0x3c ..\..\PSoC Creator\4.1\Downloads ( 4.1).cylib\BLE_v3_40\Library\gccCyBLEStack_BLE_SOC_PERIPHERAL.a(BT_os.o)
                0x0000692c                BT_OSMemCreate

i.BT_alloc_mem_ext
                0x00006968       0x3c
 i.BT_alloc_mem_ext
                0x00006968       0x3c ..\..\PSoC Creator\4.1\Downloads ( 4.1).cylib\BLE_v3_40\Library\gccCyBLEStack_BLE_SOC_PERIPHERAL.a(BT_os.o)
                0x00006968                BT_alloc_mem_ext

i.BT_free_mem   0x000069a4        0xc
 i.BT_free_mem  0x000069a4        0xc ..\..\PSoC Creator\4.1\Downloads ( 4.1).cylib\BLE_v3_40\Library\gccCyBLEStack_BLE_SOC_PERIPHERAL.a(BT_os.o)
                0x000069a4                BT_free_mem

i.bt_stack_create_buffer_pool
                0x000069b0       0x30
 i.bt_stack_create_buffer_pool
                0x000069b0       0x30 ..\..\PSoC Creator\4.1\Downloads ( 4.1).cylib\BLE_v3_40\Library\gccCyBLEStack_BLE_SOC_PERIPHERAL.a(BT_os.o)
                0x000069b0                bt_stack_create_buffer_pool

i.BT_start_timer
                0x000069e0       0xa8
 i.BT_start_timer
                0x000069e0       0xa8 ..\..\PSoC Creator\4.1\Downloads ( 4.1).cylib\BLE_v3_40\Library\gccCyBLEStack_BLE_SOC_PERIPHERAL.a(BT_timer.o)
                0x000069e0                BT_start_timer

i.BT_stop_timer
                0x00006a88       0x64
 i.BT_stop_timer
                0x00006a88       0x64 ..\..\PSoC Creator\4.1\Downloads ( 4.1).cylib\BLE_v3_40\Library\gccCyBLEStack_BLE_SOC_PERIPHERAL.a(BT_timer.o)
                0x00006a88                BT_stop_timer

i.BT_timer_process_signals
                0x00006aec       0xa4
 i.BT_timer_process_signals
                0x00006aec       0xa4 ..\..\PSoC Creator\4.1\Downloads ( 4.1).cylib\BLE_v3_40\Library\gccCyBLEStack_BLE_SOC_PERIPHERAL.a(BT_timer.o)
                0x00006aec                BT_timer_process_signals

i.pf_timer_handle_callback
                0x00006b90       0x20
 i.pf_timer_handle_callback
                0x00006b90       0x20 ..\..\PSoC Creator\4.1\Downloads ( 4.1).cylib\BLE_v3_40\Library\gccCyBLEStack_BLE_SOC_PERIPHERAL.a(BT_timer.o)
                0x00006b90                pf_timer_handle_callback

i.timer_active_entity
                0x00006bb0       0x24
 i.timer_active_entity
                0x00006bb0       0x24 ..\..\PSoC Creator\4.1\Downloads ( 4.1).cylib\BLE_v3_40\Library\gccCyBLEStack_BLE_SOC_PERIPHERAL.a(BT_timer.o)
                0x00006bb0                timer_active_entity

i.timer_alloc_entity
                0x00006bd4       0x1c
 i.timer_alloc_entity
                0x00006bd4       0x1c ..\..\PSoC Creator\4.1\Downloads ( 4.1).cylib\BLE_v3_40\Library\gccCyBLEStack_BLE_SOC_PERIPHERAL.a(BT_timer.o)
                0x00006bd4                timer_alloc_entity

i.timer_allocated_entity
                0x00006bf0       0x34
 i.timer_allocated_entity
                0x00006bf0       0x34 ..\..\PSoC Creator\4.1\Downloads ( 4.1).cylib\BLE_v3_40\Library\gccCyBLEStack_BLE_SOC_PERIPHERAL.a(BT_timer.o)
                0x00006bf0                timer_allocated_entity

i.timer_bt_init
                0x00006c24        0x2
 i.timer_bt_init
                0x00006c24        0x2 ..\..\PSoC Creator\4.1\Downloads ( 4.1).cylib\BLE_v3_40\Library\gccCyBLEStack_BLE_SOC_PERIPHERAL.a(BT_timer.o)
                0x00006c24                timer_bt_init

i.timer_init    0x00006c28       0x28
 i.timer_init   0x00006c28       0x28 ..\..\PSoC Creator\4.1\Downloads ( 4.1).cylib\BLE_v3_40\Library\gccCyBLEStack_BLE_SOC_PERIPHERAL.a(BT_timer.o)
                0x00006c28                timer_init

i.timer_update_offsets
                0x00006c50       0x2c
 i.timer_update_offsets
                0x00006c50       0x2c ..\..\PSoC Creator\4.1\Downloads ( 4.1).cylib\BLE_v3_40\Library\gccCyBLEStack_BLE_SOC_PERIPHERAL.a(BT_timer.o)

i.CyBle_CheckBleStackTaskStatus
                0x00006c7c        0x4
 i.CyBle_CheckBleStackTaskStatus
                0x00006c7c        0x4 ..\..\PSoC Creator\4.1\Downloads ( 4.1).cylib\BLE_v3_40\Library\gccCyBLEStack_BLE_SOC_PERIPHERAL.a(CyBleStackMgr_StackTaskHandler.o)
                0x00006c7c                CyBle_CheckBleStackTaskStatus

i.CyBle_CreateBleStackTask
                0x00006c80       0x2c
 i.CyBle_CreateBleStackTask
                0x00006c80       0x2c ..\..\PSoC Creator\4.1\Downloads ( 4.1).cylib\BLE_v3_40\Library\gccCyBLEStack_BLE_SOC_PERIPHERAL.a(CyBleStackMgr_StackTaskHandler.o)
                0x00006c80                CyBle_CreateBleStackTask

i.CyBle_SignalBleStackTask
                0x00006cac       0x50
 i.CyBle_SignalBleStackTask
                0x00006cac       0x50 ..\..\PSoC Creator\4.1\Downloads ( 4.1).cylib\BLE_v3_40\Library\gccCyBLEStack_BLE_SOC_PERIPHERAL.a(CyBleStackMgr_StackTaskHandler.o)
                0x00006cac                CyBle_SignalBleStackTask

i.CyBle_StackTaskHandler
                0x00006cfc       0x64
 i.CyBle_StackTaskHandler
                0x00006cfc       0x64 ..\..\PSoC Creator\4.1\Downloads ( 4.1).cylib\BLE_v3_40\Library\gccCyBLEStack_BLE_SOC_PERIPHERAL.a(CyBleStackMgr_StackTaskHandler.o)
                0x00006cfc                CyBle_StackTaskHandler

i.hci_soft_transport_notify_data_received
                0x00006d60        0xc
 i.hci_soft_transport_notify_data_received
                0x00006d60        0xc ..\..\PSoC Creator\4.1\Downloads ( 4.1).cylib\BLE_v3_40\Library\gccCyBLEStack_BLE_SOC_PERIPHERAL.a(transport_sf.o)
                0x00006d60                hci_soft_transport_notify_data_received

i.hci_soft_transport_rx_data
                0x00006d6c       0x40
 i.hci_soft_transport_rx_data
                0x00006d6c       0x40 ..\..\PSoC Creator\4.1\Downloads ( 4.1).cylib\BLE_v3_40\Library\gccCyBLEStack_BLE_SOC_PERIPHERAL.a(transport_sf.o)
                0x00006d6c                hci_soft_transport_rx_data

i.hci_transport_bt_init
                0x00006dac        0x2
 i.hci_transport_bt_init
                0x00006dac        0x2 ..\..\PSoC Creator\4.1\Downloads ( 4.1).cylib\BLE_v3_40\Library\gccCyBLEStack_BLE_SOC_PERIPHERAL.a(transport_sf.o)
                0x00006dac                hci_transport_bt_init

i.hci_transport_init
                0x00006db0       0x10
 i.hci_transport_init
                0x00006db0       0x10 ..\..\PSoC Creator\4.1\Downloads ( 4.1).cylib\BLE_v3_40\Library\gccCyBLEStack_BLE_SOC_PERIPHERAL.a(transport_sf.o)
                0x00006db0                hci_transport_init

i.hci_transport_write_data
                0x00006dc0       0xd4
 i.hci_transport_write_data
                0x00006dc0       0xd4 ..\..\PSoC Creator\4.1\Downloads ( 4.1).cylib\BLE_v3_40\Library\gccCyBLEStack_BLE_SOC_PERIPHERAL.a(transport_sf.o)
                0x00006dc0                hci_transport_write_data

i.pf_hci_soft_transport_write
                0x00006e94       0x44
 i.pf_hci_soft_transport_write
                0x00006e94       0x44 ..\..\PSoC Creator\4.1\Downloads ( 4.1).cylib\BLE_v3_40\Library\gccCyBLEStack_BLE_SOC_PERIPHERAL.a(transport_sf.o)
                0x00006e94                pf_hci_soft_transport_write

i.pf_soft_hci_transport_init
                0x00006ed8        0xc
 i.pf_soft_hci_transport_init
                0x00006ed8        0xc ..\..\PSoC Creator\4.1\Downloads ( 4.1).cylib\BLE_v3_40\Library\gccCyBLEStack_BLE_SOC_PERIPHERAL.a(transport_sf.o)
                0x00006ed8                pf_soft_hci_transport_init

i.CyBleStackMgr_GetTime
                0x00006ee4       0x14
 i.CyBleStackMgr_GetTime
                0x00006ee4       0x14 ..\..\PSoC Creator\4.1\Downloads ( 4.1).cylib\BLE_v3_40\Library\gccCyBLEStack_BLE_SOC_PERIPHERAL.a(CyBleStackMgr_PSoCHal.o)
                0x00006ee4                CyBleStackMgr_GetTime

i.CyBleStackMgr_HalInit
                0x00006ef8       0x24
 i.CyBleStackMgr_HalInit
                0x00006ef8       0x24 ..\..\PSoC Creator\4.1\Downloads ( 4.1).cylib\BLE_v3_40\Library\gccCyBLEStack_BLE_SOC_PERIPHERAL.a(CyBleStackMgr_PSoCHal.o)
                0x00006ef8                CyBleStackMgr_HalInit

i.CyBleStackMgr_HalIntrEnable
                0x00006f1c        0x8
 i.CyBleStackMgr_HalIntrEnable
                0x00006f1c        0x8 ..\..\PSoC Creator\4.1\Downloads ( 4.1).cylib\BLE_v3_40\Library\gccCyBLEStack_BLE_SOC_PERIPHERAL.a(CyBleStackMgr_PSoCHal.o)
                0x00006f1c                CyBleStackMgr_HalIntrEnable

i.CyBleStackMgr_HandleLinkLayerTick
                0x00006f24       0x5c
 i.CyBleStackMgr_HandleLinkLayerTick
                0x00006f24       0x5c ..\..\PSoC Creator\4.1\Downloads ( 4.1).cylib\BLE_v3_40\Library\gccCyBLEStack_BLE_SOC_PERIPHERAL.a(CyBleStackMgr_PSoCHal.o)
                0x00006f24                CyBleStackMgr_HandleLinkLayerTick

i.CyBleStackMgr_HciPortInit
                0x00006f80        0xc
 i.CyBleStackMgr_HciPortInit
                0x00006f80        0xc ..\..\PSoC Creator\4.1\Downloads ( 4.1).cylib\BLE_v3_40\Library\gccCyBLEStack_BLE_SOC_PERIPHERAL.a(CyBleStackMgr_PSoCHal.o)
                0x00006f80                CyBleStackMgr_HciPortInit

i.CyBleStackMgr_HciPortReset
                0x00006f8c        0x2
 i.CyBleStackMgr_HciPortReset
                0x00006f8c        0x2 ..\..\PSoC Creator\4.1\Downloads ( 4.1).cylib\BLE_v3_40\Library\gccCyBLEStack_BLE_SOC_PERIPHERAL.a(CyBleStackMgr_PSoCHal.o)
                0x00006f8c                CyBleStackMgr_HciPortReset

i.CyBleStackMgr_HciPortWrite
                0x00006f8e        0x8
 i.CyBleStackMgr_HciPortWrite
                0x00006f8e        0x8 ..\..\PSoC Creator\4.1\Downloads ( 4.1).cylib\BLE_v3_40\Library\gccCyBLEStack_BLE_SOC_PERIPHERAL.a(CyBleStackMgr_PSoCHal.o)
                0x00006f8e                CyBleStackMgr_HciPortWrite

i.CyBleStackMgr_ResetLinkLayerTimerEntity
                0x00006f98       0x14
 i.CyBleStackMgr_ResetLinkLayerTimerEntity
                0x00006f98       0x14 ..\..\PSoC Creator\4.1\Downloads ( 4.1).cylib\BLE_v3_40\Library\gccCyBLEStack_BLE_SOC_PERIPHERAL.a(CyBleStackMgr_PSoCHal.o)
                0x00006f98                CyBleStackMgr_ResetLinkLayerTimerEntity

i.CyBleStackMgr_TimerStart
                0x00006fac       0x2c
 i.CyBleStackMgr_TimerStart
                0x00006fac       0x2c ..\..\PSoC Creator\4.1\Downloads ( 4.1).cylib\BLE_v3_40\Library\gccCyBLEStack_BLE_SOC_PERIPHERAL.a(CyBleStackMgr_PSoCHal.o)
                0x00006fac                CyBleStackMgr_TimerStart

i.CyBleStackMgr_TimerStop
                0x00006fd8       0x18
 i.CyBleStackMgr_TimerStop
                0x00006fd8       0x18 ..\..\PSoC Creator\4.1\Downloads ( 4.1).cylib\BLE_v3_40\Library\gccCyBLEStack_BLE_SOC_PERIPHERAL.a(CyBleStackMgr_PSoCHal.o)
                0x00006fd8                CyBleStackMgr_TimerStop

i.CyBleStackMgr_isTimerRunning
                0x00006ff0       0x10
 i.CyBleStackMgr_isTimerRunning
                0x00006ff0       0x10 ..\..\PSoC Creator\4.1\Downloads ( 4.1).cylib\BLE_v3_40\Library\gccCyBLEStack_BLE_SOC_PERIPHERAL.a(CyBleStackMgr_PSoCHal.o)
                0x00006ff0                CyBleStackMgr_isTimerRunning

i.CyBleAtlantisRadioInit
                0x00007000      0x168
 i.CyBleAtlantisRadioInit
                0x00007000      0x168 ..\..\PSoC Creator\4.1\Downloads ( 4.1).cylib\BLE_v3_40\Library\gccCyBLEStack_BLE_SOC_PERIPHERAL.a(CyBleStackMgr_BleSSDriver.o)

i.CyBleStackMgr_BleSSFifoRead
                0x00007168       0x38
 i.CyBleStackMgr_BleSSFifoRead
                0x00007168       0x38 ..\..\PSoC Creator\4.1\Downloads ( 4.1).cylib\BLE_v3_40\Library\gccCyBLEStack_BLE_SOC_PERIPHERAL.a(CyBleStackMgr_BleSSDriver.o)
                0x00007168                CyBleStackMgr_BleSSFifoRead

i.CyBleStackMgr_BleSSFifoWrite
                0x000071a0       0x30
 i.CyBleStackMgr_BleSSFifoWrite
                0x000071a0       0x30 ..\..\PSoC Creator\4.1\Downloads ( 4.1).cylib\BLE_v3_40\Library\gccCyBLEStack_BLE_SOC_PERIPHERAL.a(CyBleStackMgr_BleSSDriver.o)
                0x000071a0                CyBleStackMgr_BleSSFifoWrite

i.CyBleStackMgr_BleSSInit
                0x000071d0       0x50
 i.CyBleStackMgr_BleSSInit
                0x000071d0       0x50 ..\..\PSoC Creator\4.1\Downloads ( 4.1).cylib\BLE_v3_40\Library\gccCyBLEStack_BLE_SOC_PERIPHERAL.a(CyBleStackMgr_BleSSDriver.o)
                0x000071d0                CyBleStackMgr_BleSSInit

i.CyBleStackMgr_BleSSMemRead
                0x00007220       0x32
 i.CyBleStackMgr_BleSSMemRead
                0x00007220       0x32 ..\..\PSoC Creator\4.1\Downloads ( 4.1).cylib\BLE_v3_40\Library\gccCyBLEStack_BLE_SOC_PERIPHERAL.a(CyBleStackMgr_BleSSDriver.o)
                0x00007220                CyBleStackMgr_BleSSMemRead

i.CyBleStackMgr_BleSSMemWrite
                0x00007254       0x34
 i.CyBleStackMgr_BleSSMemWrite
                0x00007254       0x34 ..\..\PSoC Creator\4.1\Downloads ( 4.1).cylib\BLE_v3_40\Library\gccCyBLEStack_BLE_SOC_PERIPHERAL.a(CyBleStackMgr_BleSSDriver.o)
                0x00007254                CyBleStackMgr_BleSSMemWrite

i.CyBleStackMgr_BleSSMemWriteFields
                0x00007288       0x78
 i.CyBleStackMgr_BleSSMemWriteFields
                0x00007288       0x78 ..\..\PSoC Creator\4.1\Downloads ( 4.1).cylib\BLE_v3_40\Library\gccCyBLEStack_BLE_SOC_PERIPHERAL.a(CyBleStackMgr_BleSSDriver.o)
                0x00007288                CyBleStackMgr_BleSSMemWriteFields

i.CyBleStackMgr_BleSSRegRead
                0x00007300        0xc
 i.CyBleStackMgr_BleSSRegRead
                0x00007300        0xc ..\..\PSoC Creator\4.1\Downloads ( 4.1).cylib\BLE_v3_40\Library\gccCyBLEStack_BLE_SOC_PERIPHERAL.a(CyBleStackMgr_BleSSDriver.o)
                0x00007300                CyBleStackMgr_BleSSRegRead

i.CyBleStackMgr_BleSSReset
                0x0000730c       0x38
 i.CyBleStackMgr_BleSSReset
                0x0000730c       0x38 ..\..\PSoC Creator\4.1\Downloads ( 4.1).cylib\BLE_v3_40\Library\gccCyBLEStack_BLE_SOC_PERIPHERAL.a(CyBleStackMgr_BleSSDriver.o)
                0x0000730c                CyBleStackMgr_BleSSReset

i.CyBleStackMgr_BleSSShutdown
                0x00007344       0x3c
 i.CyBleStackMgr_BleSSShutdown
                0x00007344       0x3c ..\..\PSoC Creator\4.1\Downloads ( 4.1).cylib\BLE_v3_40\Library\gccCyBLEStack_BLE_SOC_PERIPHERAL.a(CyBleStackMgr_BleSSDriver.o)
                0x00007344                CyBleStackMgr_BleSSShutdown

i.CyBleStackMgr_GenericIface
                0x00007380       0x3c
 i.CyBleStackMgr_GenericIface
                0x00007380       0x3c ..\..\PSoC Creator\4.1\Downloads ( 4.1).cylib\BLE_v3_40\Library\gccCyBLEStack_BLE_SOC_PERIPHERAL.a(CyBleStackMgr_BleSSDriver.o)
                0x00007380                CyBleStackMgr_GenericIface

i.CyBleStackMgr_HandleBleSSIntr
                0x000073bc       0xa0
 i.CyBleStackMgr_HandleBleSSIntr
                0x000073bc       0xa0 ..\..\PSoC Creator\4.1\Downloads ( 4.1).cylib\BLE_v3_40\Library\gccCyBLEStack_BLE_SOC_PERIPHERAL.a(CyBleStackMgr_BleSSDriver.o)
                0x000073bc                CyBleStackMgr_HandleBleSSIntr

i.CyBleStackMgr_SetClockParam
                0x0000745c       0xb4
 i.CyBleStackMgr_SetClockParam
                0x0000745c       0xb4 ..\..\PSoC Creator\4.1\Downloads ( 4.1).cylib\BLE_v3_40\Library\gccCyBLEStack_BLE_SOC_PERIPHERAL.a(CyBleStackMgr_BleSSDriver.o)

i.CyBleStackMgr_isXtalCpuClkSource
                0x00007510       0x18
 i.CyBleStackMgr_isXtalCpuClkSource
                0x00007510       0x18 ..\..\PSoC Creator\4.1\Downloads ( 4.1).cylib\BLE_v3_40\Library\gccCyBLEStack_BLE_SOC_PERIPHERAL.a(CyBleStackMgr_BleSSDriver.o)
                0x00007510                CyBleStackMgr_isXtalCpuClkSource

i.CyBle_EnterDsmMode
                0x00007528       0x3c
 i.CyBle_EnterDsmMode
                0x00007528       0x3c ..\..\PSoC Creator\4.1\Downloads ( 4.1).cylib\BLE_v3_40\Library\gccCyBLEStack_BLE_SOC_PERIPHERAL.a(CyBleStackMgr_BleSSDriver.o)
                0x00007528                CyBle_EnterDsmMode

i.CyBle_ExitDsmMode
                0x00007564       0x2c
 i.CyBle_ExitDsmMode
                0x00007564       0x2c ..\..\PSoC Creator\4.1\Downloads ( 4.1).cylib\BLE_v3_40\Library\gccCyBLEStack_BLE_SOC_PERIPHERAL.a(CyBleStackMgr_BleSSDriver.o)
                0x00007564                CyBle_ExitDsmMode

i.CyBle_GetBleSsOperationalMode
                0x00007590        0xc
 i.CyBle_GetBleSsOperationalMode
                0x00007590        0xc ..\..\PSoC Creator\4.1\Downloads ( 4.1).cylib\BLE_v3_40\Library\gccCyBLEStack_BLE_SOC_PERIPHERAL.a(CyBleStackMgr_BleSSDriver.o)
                0x00007590                CyBle_GetBleSsOperationalMode

i.CyBle_GetEventCloseState
                0x0000759c       0x10
 i.CyBle_GetEventCloseState
                0x0000759c       0x10 ..\..\PSoC Creator\4.1\Downloads ( 4.1).cylib\BLE_v3_40\Library\gccCyBLEStack_BLE_SOC_PERIPHERAL.a(CyBleStackMgr_BleSSDriver.o)
                0x0000759c                CyBle_GetEventCloseState

i.CyBle_GetLpMode
                0x000075ac       0x26
 i.CyBle_GetLpMode
                0x000075ac       0x26 ..\..\PSoC Creator\4.1\Downloads ( 4.1).cylib\BLE_v3_40\Library\gccCyBLEStack_BLE_SOC_PERIPHERAL.a(CyBleStackMgr_BleSSDriver.o)
                0x000075ac                CyBle_GetLpMode

i.CyBle_GetTxGainMode
                0x000075d4       0x2c
 i.CyBle_GetTxGainMode
                0x000075d4       0x2c ..\..\PSoC Creator\4.1\Downloads ( 4.1).cylib\BLE_v3_40\Library\gccCyBLEStack_BLE_SOC_PERIPHERAL.a(CyBleStackMgr_BleSSDriver.o)
                0x000075d4                CyBle_GetTxGainMode

i.CyBle_SetAutoWakeUp
                0x00007600        0xc
 i.CyBle_SetAutoWakeUp
                0x00007600        0xc ..\..\PSoC Creator\4.1\Downloads ( 4.1).cylib\BLE_v3_40\Library\gccCyBLEStack_BLE_SOC_PERIPHERAL.a(CyBleStackMgr_BleSSDriver.o)
                0x00007600                CyBle_SetAutoWakeUp

i.CyBle_SetBleSsOperationalMode
                0x0000760c       0x20
 i.CyBle_SetBleSsOperationalMode
                0x0000760c       0x20 ..\..\PSoC Creator\4.1\Downloads ( 4.1).cylib\BLE_v3_40\Library\gccCyBLEStack_BLE_SOC_PERIPHERAL.a(CyBleStackMgr_BleSSDriver.o)
                0x0000760c                CyBle_SetBleSsOperationalMode

i.CyBle_SetEventCloseState
                0x0000762c        0xc
 i.CyBle_SetEventCloseState
                0x0000762c        0xc ..\..\PSoC Creator\4.1\Downloads ( 4.1).cylib\BLE_v3_40\Library\gccCyBLEStack_BLE_SOC_PERIPHERAL.a(CyBleStackMgr_BleSSDriver.o)
                0x0000762c                CyBle_SetEventCloseState

i.CyBle_SetRxGainMode
                0x00007638       0x20
 i.CyBle_SetRxGainMode
                0x00007638       0x20 ..\..\PSoC Creator\4.1\Downloads ( 4.1).cylib\BLE_v3_40\Library\gccCyBLEStack_BLE_SOC_PERIPHERAL.a(CyBleStackMgr_BleSSDriver.o)
                0x00007638                CyBle_SetRxGainMode

i.CyBle_SetTxGainMode
                0x00007658       0x38
 i.CyBle_SetTxGainMode
                0x00007658       0x38 ..\..\PSoC Creator\4.1\Downloads ( 4.1).cylib\BLE_v3_40\Library\gccCyBLEStack_BLE_SOC_PERIPHERAL.a(CyBleStackMgr_BleSSDriver.o)
                0x00007658                CyBle_SetTxGainMode

i.pf_rf_get_abs_rssi
                0x00007690       0x50
 i.pf_rf_get_abs_rssi
                0x00007690       0x50 ..\..\PSoC Creator\4.1\Downloads ( 4.1).cylib\BLE_v3_40\Library\gccCyBLEStack_BLE_SOC_PERIPHERAL.a(CyBleStackMgr_BleSSDriver.o)
                0x00007690                pf_rf_get_abs_rssi

i.BleStackFlashStorageInit
                0x000076e0       0x84
 i.BleStackFlashStorageInit
                0x000076e0       0x84 ..\..\PSoC Creator\4.1\Downloads ( 4.1).cylib\BLE_v3_40\Library\gccCyBLEStack_BLE_SOC_PERIPHERAL.a(storage_pl.o)
                0x000076e0                BleStackFlashStorageInit

i.BleStackIsFlashCorrupted
                0x00007764       0x3c
 i.BleStackIsFlashCorrupted
                0x00007764       0x3c ..\..\PSoC Creator\4.1\Downloads ( 4.1).cylib\BLE_v3_40\Library\gccCyBLEStack_BLE_SOC_PERIPHERAL.a(storage_pl.o)
                0x00007764                BleStackIsFlashCorrupted

i.BleStackWriteToFlashPending
                0x000077a0       0x24
 i.BleStackWriteToFlashPending
                0x000077a0       0x24 ..\..\PSoC Creator\4.1\Downloads ( 4.1).cylib\BLE_v3_40\Library\gccCyBLEStack_BLE_SOC_PERIPHERAL.a(storage_pl.o)
                0x000077a0                BleStackWriteToFlashPending

i.BleStackWriteToFlashRam
                0x000077c4       0x78
 i.BleStackWriteToFlashRam
                0x000077c4       0x78 ..\..\PSoC Creator\4.1\Downloads ( 4.1).cylib\BLE_v3_40\Library\gccCyBLEStack_BLE_SOC_PERIPHERAL.a(storage_pl.o)
                0x000077c4                BleStackWriteToFlashRam

i.calc_checksum
                0x0000783c       0x1a
 i.calc_checksum
                0x0000783c       0x1a ..\..\PSoC Creator\4.1\Downloads ( 4.1).cylib\BLE_v3_40\Library\gccCyBLEStack_BLE_SOC_PERIPHERAL.a(storage_pl.o)
                0x0000783c                calc_checksum

i.storage_bt_init_pl
                0x00007858       0x30
 i.storage_bt_init_pl
                0x00007858       0x30 ..\..\PSoC Creator\4.1\Downloads ( 4.1).cylib\BLE_v3_40\Library\gccCyBLEStack_BLE_SOC_PERIPHERAL.a(storage_pl.o)
                0x00007858                storage_bt_init_pl

i.storage_close_pl
                0x00007888        0x4
 i.storage_close_pl
                0x00007888        0x4 ..\..\PSoC Creator\4.1\Downloads ( 4.1).cylib\BLE_v3_40\Library\gccCyBLEStack_BLE_SOC_PERIPHERAL.a(storage_pl.o)
                0x00007888                storage_close_pl

i.storage_open_pl
                0x0000788c       0x1c
 i.storage_open_pl
                0x0000788c       0x1c ..\..\PSoC Creator\4.1\Downloads ( 4.1).cylib\BLE_v3_40\Library\gccCyBLEStack_BLE_SOC_PERIPHERAL.a(storage_pl.o)
                0x0000788c                storage_open_pl

i.storage_read_pl
                0x000078a8       0x28
 i.storage_read_pl
                0x000078a8       0x28 ..\..\PSoC Creator\4.1\Downloads ( 4.1).cylib\BLE_v3_40\Library\gccCyBLEStack_BLE_SOC_PERIPHERAL.a(storage_pl.o)
                0x000078a8                storage_read_pl

i.storage_read_signature_pl
                0x000078d0       0x2c
 i.storage_read_signature_pl
                0x000078d0       0x2c ..\..\PSoC Creator\4.1\Downloads ( 4.1).cylib\BLE_v3_40\Library\gccCyBLEStack_BLE_SOC_PERIPHERAL.a(storage_pl.o)
                0x000078d0                storage_read_signature_pl

i.storage_register_flash_pointer
                0x000078fc       0x20
 i.storage_register_flash_pointer
                0x000078fc       0x20 ..\..\PSoC Creator\4.1\Downloads ( 4.1).cylib\BLE_v3_40\Library\gccCyBLEStack_BLE_SOC_PERIPHERAL.a(storage_pl.o)
                0x000078fc                storage_register_flash_pointer

i.storage_reset_storage_offset
                0x0000791c       0x10
 i.storage_reset_storage_offset
                0x0000791c       0x10 ..\..\PSoC Creator\4.1\Downloads ( 4.1).cylib\BLE_v3_40\Library\gccCyBLEStack_BLE_SOC_PERIPHERAL.a(storage_pl.o)

i.storage_write_pl
                0x0000792c       0x24
 i.storage_write_pl
                0x0000792c       0x24 ..\..\PSoC Creator\4.1\Downloads ( 4.1).cylib\BLE_v3_40\Library\gccCyBLEStack_BLE_SOC_PERIPHERAL.a(storage_pl.o)
                0x0000792c                storage_write_pl

i.storage_write_signature_pl
                0x00007950       0x14
 i.storage_write_signature_pl
                0x00007950       0x14 ..\..\PSoC Creator\4.1\Downloads ( 4.1).cylib\BLE_v3_40\Library\gccCyBLEStack_BLE_SOC_PERIPHERAL.a(storage_pl.o)
                0x00007950                storage_write_signature_pl

i.OS_init       0x00007964       0x64
 i.OS_init      0x00007964       0x64 ..\..\PSoC Creator\4.1\Downloads ( 4.1).cylib\BLE_v3_40\Library\gccCyBLEStack_BLE_SOC_PERIPHERAL.a(mint_os.o)
                0x00007964                OS_init

i.mintos_malloc
                0x000079c8       0x34
 i.mintos_malloc
                0x000079c8       0x34 ..\..\PSoC Creator\4.1\Downloads ( 4.1).cylib\BLE_v3_40\Library\gccCyBLEStack_BLE_SOC_PERIPHERAL.a(mint_os.o)
                0x000079c8                mintos_malloc

i.OS_create_queue
                0x000079fc       0x64
 i.OS_create_queue
                0x000079fc       0x64 ..\..\PSoC Creator\4.1\Downloads ( 4.1).cylib\BLE_v3_40\Library\gccCyBLEStack_BLE_SOC_PERIPHERAL.a(mint_os_queue.o)
                0x000079fc                OS_create_queue

i.OS_enqueue_item
                0x00007a60       0x8c
 i.OS_enqueue_item
                0x00007a60       0x8c ..\..\PSoC Creator\4.1\Downloads ( 4.1).cylib\BLE_v3_40\Library\gccCyBLEStack_BLE_SOC_PERIPHERAL.a(mint_os_queue.o)
                0x00007a60                OS_enqueue_item

i.OS_queue_get_num_of_items
                0x00007aec       0x28
 i.OS_queue_get_num_of_items
                0x00007aec       0x28 ..\..\PSoC Creator\4.1\Downloads ( 4.1).cylib\BLE_v3_40\Library\gccCyBLEStack_BLE_SOC_PERIPHERAL.a(mint_os_queue.o)
                0x00007aec                OS_queue_get_num_of_items

i.OS_queue_mgmt_init
                0x00007b14       0x40
 i.OS_queue_mgmt_init
                0x00007b14       0x40 ..\..\PSoC Creator\4.1\Downloads ( 4.1).cylib\BLE_v3_40\Library\gccCyBLEStack_BLE_SOC_PERIPHERAL.a(mint_os_queue.o)
                0x00007b14                OS_queue_mgmt_init

i.OS_remove_item
                0x00007b54       0xa0
 i.OS_remove_item
                0x00007b54       0xa0 ..\..\PSoC Creator\4.1\Downloads ( 4.1).cylib\BLE_v3_40\Library\gccCyBLEStack_BLE_SOC_PERIPHERAL.a(mint_os_queue.o)
                0x00007b54                OS_remove_item

i.OS_create_task
                0x00007bf4       0x88
 i.OS_create_task
                0x00007bf4       0x88 ..\..\PSoC Creator\4.1\Downloads ( 4.1).cylib\BLE_v3_40\Library\gccCyBLEStack_BLE_SOC_PERIPHERAL.a(mint_os_task.o)
                0x00007bf4                OS_create_task

i.OS_isr_send_signal_to_task
                0x00007c7c        0xc
 i.OS_isr_send_signal_to_task
                0x00007c7c        0xc ..\..\PSoC Creator\4.1\Downloads ( 4.1).cylib\BLE_v3_40\Library\gccCyBLEStack_BLE_SOC_PERIPHERAL.a(mint_os_task.o)
                0x00007c7c                OS_isr_send_signal_to_task

i.OS_scheduler  0x00007c88       0x64
 i.OS_scheduler
                0x00007c88       0x64 ..\..\PSoC Creator\4.1\Downloads ( 4.1).cylib\BLE_v3_40\Library\gccCyBLEStack_BLE_SOC_PERIPHERAL.a(mint_os_task.o)
                0x00007c88                OS_scheduler

i.OS_send_signal_to_task
                0x00007cec        0xc
 i.OS_send_signal_to_task
                0x00007cec        0xc ..\..\PSoC Creator\4.1\Downloads ( 4.1).cylib\BLE_v3_40\Library\gccCyBLEStack_BLE_SOC_PERIPHERAL.a(mint_os_task.o)
                0x00007cec                OS_send_signal_to_task

i.OS_send_signal_to_task_context
                0x00007cf8       0x3c
 i.OS_send_signal_to_task_context
                0x00007cf8       0x3c ..\..\PSoC Creator\4.1\Downloads ( 4.1).cylib\BLE_v3_40\Library\gccCyBLEStack_BLE_SOC_PERIPHERAL.a(mint_os_task.o)

i.OS_task_mgmt_init
                0x00007d34       0x50
 i.OS_task_mgmt_init
                0x00007d34       0x50 ..\..\PSoC Creator\4.1\Downloads ( 4.1).cylib\BLE_v3_40\Library\gccCyBLEStack_BLE_SOC_PERIPHERAL.a(mint_os_task.o)
                0x00007d34                OS_task_mgmt_init

i.mint_buf_mgmt_allocate_buffer
                0x00007d84       0x4c
 i.mint_buf_mgmt_allocate_buffer
                0x00007d84       0x4c ..\..\PSoC Creator\4.1\Downloads ( 4.1).cylib\BLE_v3_40\Library\gccCyBLEStack_BLE_SOC_PERIPHERAL.a(mint_buf_mgmt.o)
                0x00007d84                mint_buf_mgmt_allocate_buffer

i.mint_buf_mgmt_create_pool
                0x00007dd0       0xd0
 i.mint_buf_mgmt_create_pool
                0x00007dd0       0xd0 ..\..\PSoC Creator\4.1\Downloads ( 4.1).cylib\BLE_v3_40\Library\gccCyBLEStack_BLE_SOC_PERIPHERAL.a(mint_buf_mgmt.o)
                0x00007dd0                mint_buf_mgmt_create_pool

i.mint_buf_mgmt_free_buffer
                0x00007ea0       0xa4
 i.mint_buf_mgmt_free_buffer
                0x00007ea0       0xa4 ..\..\PSoC Creator\4.1\Downloads ( 4.1).cylib\BLE_v3_40\Library\gccCyBLEStack_BLE_SOC_PERIPHERAL.a(mint_buf_mgmt.o)
                0x00007ea0                mint_buf_mgmt_free_buffer

i.mint_buf_mgmt_init
                0x00007f44       0x44
 i.mint_buf_mgmt_init
                0x00007f44       0x44 ..\..\PSoC Creator\4.1\Downloads ( 4.1).cylib\BLE_v3_40\Library\gccCyBLEStack_BLE_SOC_PERIPHERAL.a(mint_buf_mgmt.o)
                0x00007f44                mint_buf_mgmt_init

i.mint_buf_mgmt_malloc
                0x00007f88       0x28
 i.mint_buf_mgmt_malloc
                0x00007f88       0x28 ..\..\PSoC Creator\4.1\Downloads ( 4.1).cylib\BLE_v3_40\Library\gccCyBLEStack_BLE_SOC_PERIPHERAL.a(mint_buf_mgmt.o)
                0x00007f88                mint_buf_mgmt_malloc

i.mint_buf_mgmt_pl_init
                0x00007fb0       0x48
 i.mint_buf_mgmt_pl_init
                0x00007fb0       0x48 ..\..\PSoC Creator\4.1\Downloads ( 4.1).cylib\BLE_v3_40\Library\gccCyBLEStack_BLE_SOC_PERIPHERAL.a(mint_buf_mgmt.o)
                0x00007fb0                mint_buf_mgmt_pl_init

i.mint_buf_mgmt_reset_pool
                0x00007ff8       0x70
 i.mint_buf_mgmt_reset_pool
                0x00007ff8       0x70 ..\..\PSoC Creator\4.1\Downloads ( 4.1).cylib\BLE_v3_40\Library\gccCyBLEStack_BLE_SOC_PERIPHERAL.a(mint_buf_mgmt.o)
                0x00007ff8                mint_buf_mgmt_reset_pool

i.mint_buf_mgmt_stack_init
                0x00008068       0x24
 i.mint_buf_mgmt_stack_init
                0x00008068       0x24 ..\..\PSoC Creator\4.1\Downloads ( 4.1).cylib\BLE_v3_40\Library\gccCyBLEStack_BLE_SOC_PERIPHERAL.a(mint_buf_mgmt.o)
                0x00008068                mint_buf_mgmt_stack_init

i.mint_buf_mgmt_stack_pop
                0x0000808c       0x36
 i.mint_buf_mgmt_stack_pop
                0x0000808c       0x36 ..\..\PSoC Creator\4.1\Downloads ( 4.1).cylib\BLE_v3_40\Library\gccCyBLEStack_BLE_SOC_PERIPHERAL.a(mint_buf_mgmt.o)
                0x0000808c                mint_buf_mgmt_stack_pop

i.mint_buf_mgmt_stack_push
                0x000080c2       0x36
 i.mint_buf_mgmt_stack_push
                0x000080c2       0x36 ..\..\PSoC Creator\4.1\Downloads ( 4.1).cylib\BLE_v3_40\Library\gccCyBLEStack_BLE_SOC_PERIPHERAL.a(mint_buf_mgmt.o)
                0x000080c2                mint_buf_mgmt_stack_push

i.mint_buf_mgmt_stack_reset
                0x000080f8       0x1e
 i.mint_buf_mgmt_stack_reset
                0x000080f8       0x1e ..\..\PSoC Creator\4.1\Downloads ( 4.1).cylib\BLE_v3_40\Library\gccCyBLEStack_BLE_SOC_PERIPHERAL.a(mint_buf_mgmt.o)
                0x000080f8                mint_buf_mgmt_stack_reset

i.mint_buf_mgmt_stack_search_item
                0x00008116       0x30
 i.mint_buf_mgmt_stack_search_item
                0x00008116       0x30 ..\..\PSoC Creator\4.1\Downloads ( 4.1).cylib\BLE_v3_40\Library\gccCyBLEStack_BLE_SOC_PERIPHERAL.a(mint_buf_mgmt.o)
                0x00008116                mint_buf_mgmt_stack_search_item

i.CyBleControllerIP_GetPingState
                0x00008148        0xc
 i.CyBleControllerIP_GetPingState
                0x00008148        0xc ..\..\PSoC Creator\4.1\Downloads ( 4.1).cylib\BLE_v3_40\Library\gccCyBLEStack_BLE_SOC_PERIPHERAL.a(CyBleControllerIP_Interface.o)
                0x00008148                CyBleControllerIP_GetPingState

i.CyBleController_AddDeviceToWhiteList
                0x00008154       0x48
 i.CyBleController_AddDeviceToWhiteList
                0x00008154       0x48 ..\..\PSoC Creator\4.1\Downloads ( 4.1).cylib\BLE_v3_40\Library\gccCyBLEStack_BLE_SOC_PERIPHERAL.a(CyBleControllerIP_Interface.o)
                0x00008154                CyBleController_AddDeviceToWhiteList

i.CyBleController_EnableDefaultDevicePrivacy
                0x0000819c        0xc
 i.CyBleController_EnableDefaultDevicePrivacy
                0x0000819c        0xc ..\..\PSoC Creator\4.1\Downloads ( 4.1).cylib\BLE_v3_40\Library\gccCyBLEStack_BLE_SOC_PERIPHERAL.a(CyBleControllerIP_Interface.o)
                0x0000819c                CyBleController_EnableDefaultDevicePrivacy

i.CyBleController_EnterLowPowerMode
                0x000081a8       0x2c
 i.CyBleController_EnterLowPowerMode
                0x000081a8       0x2c ..\..\PSoC Creator\4.1\Downloads ( 4.1).cylib\BLE_v3_40\Library\gccCyBLEStack_BLE_SOC_PERIPHERAL.a(CyBleControllerIP_Interface.o)
                0x000081a8                CyBleController_EnterLowPowerMode

i.CyBleController_ExitLowPowerMode
                0x000081d4       0x10
 i.CyBleController_ExitLowPowerMode
                0x000081d4       0x10 ..\..\PSoC Creator\4.1\Downloads ( 4.1).cylib\BLE_v3_40\Library\gccCyBLEStack_BLE_SOC_PERIPHERAL.a(CyBleControllerIP_Interface.o)
                0x000081d4                CyBleController_ExitLowPowerMode

i.CyBleController_GetDeviceAddress
                0x000081e4       0x22
 i.CyBleController_GetDeviceAddress
                0x000081e4       0x22 ..\..\PSoC Creator\4.1\Downloads ( 4.1).cylib\BLE_v3_40\Library\gccCyBLEStack_BLE_SOC_PERIPHERAL.a(CyBleControllerIP_Interface.o)
                0x000081e4                CyBleController_GetDeviceAddress

i.CyBleController_GetDleHeapMemory
                0x00008206       0x10
 i.CyBleController_GetDleHeapMemory
                0x00008206       0x10 ..\..\PSoC Creator\4.1\Downloads ( 4.1).cylib\BLE_v3_40\Library\gccCyBLEStack_BLE_SOC_PERIPHERAL.a(CyBleControllerIP_Interface.o)
                0x00008206                CyBleController_GetDleHeapMemory

i.CyBleController_GetPrivacyHeapMemory
                0x00008218       0x1c
 i.CyBleController_GetPrivacyHeapMemory
                0x00008218       0x1c ..\..\PSoC Creator\4.1\Downloads ( 4.1).cylib\BLE_v3_40\Library\gccCyBLEStack_BLE_SOC_PERIPHERAL.a(CyBleControllerIP_Interface.o)
                0x00008218                CyBleController_GetPrivacyHeapMemory

i.CyBleController_Init
                0x00008234       0x40
 i.CyBleController_Init
                0x00008234       0x40 ..\..\PSoC Creator\4.1\Downloads ( 4.1).cylib\BLE_v3_40\Library\gccCyBLEStack_BLE_SOC_PERIPHERAL.a(CyBleControllerIP_Interface.o)
                0x00008234                CyBleController_Init

i.CyBleController_LlReset
                0x00008274       0x10
 i.CyBleController_LlReset
                0x00008274       0x10 ..\..\PSoC Creator\4.1\Downloads ( 4.1).cylib\BLE_v3_40\Library\gccCyBLEStack_BLE_SOC_PERIPHERAL.a(CyBleControllerIP_Interface.o)
                0x00008274                CyBleController_LlReset

i.CyBleController_SetDeviceAddress
                0x00008284       0x2e
 i.CyBleController_SetDeviceAddress
                0x00008284       0x2e ..\..\PSoC Creator\4.1\Downloads ( 4.1).cylib\BLE_v3_40\Library\gccCyBLEStack_BLE_SOC_PERIPHERAL.a(CyBleControllerIP_Interface.o)
                0x00008284                CyBleController_SetDeviceAddress

i.CyBleController_SetDleParams
                0x000082b4       0x1c
 i.CyBleController_SetDleParams
                0x000082b4       0x1c ..\..\PSoC Creator\4.1\Downloads ( 4.1).cylib\BLE_v3_40\Library\gccCyBLEStack_BLE_SOC_PERIPHERAL.a(CyBleControllerIP_Interface.o)
                0x000082b4                CyBleController_SetDleParams

i.CyBleController_SetLePrivacyParams
                0x000082d0       0x18
 i.CyBleController_SetLePrivacyParams
                0x000082d0       0x18 ..\..\PSoC Creator\4.1\Downloads ( 4.1).cylib\BLE_v3_40\Library\gccCyBLEStack_BLE_SOC_PERIPHERAL.a(CyBleControllerIP_Interface.o)
                0x000082d0                CyBleController_SetLePrivacyParams

i.CyBle_GetBleSsState
                0x000082e8       0x10
 i.CyBle_GetBleSsState
                0x000082e8       0x10 ..\..\PSoC Creator\4.1\Downloads ( 4.1).cylib\BLE_v3_40\Library\gccCyBLEStack_BLE_SOC_PERIPHERAL.a(CyBleControllerIP_Interface.o)
                0x000082e8                CyBle_GetBleSsState

i.CyBle_GetFirmwareProgrammedDSM
                0x000082f8        0xc
 i.CyBle_GetFirmwareProgrammedDSM
                0x000082f8        0xc ..\..\PSoC Creator\4.1\Downloads ( 4.1).cylib\BLE_v3_40\Library\gccCyBLEStack_BLE_SOC_PERIPHERAL.a(CyBleControllerIP_Interface.o)
                0x000082f8                CyBle_GetFirmwareProgrammedDSM

i.CyBle_GetTxPowerLevel
                0x00008304       0x54
 i.CyBle_GetTxPowerLevel
                0x00008304       0x54 ..\..\PSoC Creator\4.1\Downloads ( 4.1).cylib\BLE_v3_40\Library\gccCyBLEStack_BLE_SOC_PERIPHERAL.a(CyBleControllerIP_Interface.o)
                0x00008304                CyBle_GetTxPowerLevel

i.CyBle_SendBlessEvtoAPP
                0x00008358        0xc
 i.CyBle_SendBlessEvtoAPP
                0x00008358        0xc ..\..\PSoC Creator\4.1\Downloads ( 4.1).cylib\BLE_v3_40\Library\gccCyBLEStack_BLE_SOC_PERIPHERAL.a(CyBleControllerIP_Interface.o)
                0x00008358                CyBle_SendBlessEvtoAPP

i.CyBle_SendEventToApp
                0x00008364       0x38
 i.CyBle_SendEventToApp
                0x00008364       0x38 ..\..\PSoC Creator\4.1\Downloads ( 4.1).cylib\BLE_v3_40\Library\gccCyBLEStack_BLE_SOC_PERIPHERAL.a(CyBleControllerIP_Interface.o)
                0x00008364                CyBle_SendEventToApp

i.CyBle_SetFirmwareProgrammedDSM
                0x0000839c        0xc
 i.CyBle_SetFirmwareProgrammedDSM
                0x0000839c        0xc ..\..\PSoC Creator\4.1\Downloads ( 4.1).cylib\BLE_v3_40\Library\gccCyBLEStack_BLE_SOC_PERIPHERAL.a(CyBleControllerIP_Interface.o)
                0x0000839c                CyBle_SetFirmwareProgrammedDSM

i.CyBle_SetTxPowerLevel
                0x000083a8       0x88
 i.CyBle_SetTxPowerLevel
                0x000083a8       0x88 ..\..\PSoC Creator\4.1\Downloads ( 4.1).cylib\BLE_v3_40\Library\gccCyBLEStack_BLE_SOC_PERIPHERAL.a(CyBleControllerIP_Interface.o)
                0x000083a8                CyBle_SetTxPowerLevel

i.ll_check_and_mark_packet_ready_for_transmission
                0x00008430       0x44
 i.ll_check_and_mark_packet_ready_for_transmission
                0x00008430       0x44 ..\..\PSoC Creator\4.1\Downloads ( 4.1).cylib\BLE_v3_40\Library\gccCyBLEStack_BLE_SOC_PERIPHERAL.a(ll.o)
                0x00008430                ll_check_and_mark_packet_ready_for_transmission

i.ll_cleanup_pending_data_pdu
                0x00008474       0x44
 i.ll_cleanup_pending_data_pdu
                0x00008474       0x44 ..\..\PSoC Creator\4.1\Downloads ( 4.1).cylib\BLE_v3_40\Library\gccCyBLEStack_BLE_SOC_PERIPHERAL.a(ll.o)
                0x00008474                ll_cleanup_pending_data_pdu

i.ll_enter_dsm_mode
                0x000084b8      0x15c
 i.ll_enter_dsm_mode
                0x000084b8      0x15c ..\..\PSoC Creator\4.1\Downloads ( 4.1).cylib\BLE_v3_40\Library\gccCyBLEStack_BLE_SOC_PERIPHERAL.a(ll.o)
                0x000084b8                ll_enter_dsm_mode

i.ll_enter_hibernate_mode
                0x00008614       0x28
 i.ll_enter_hibernate_mode
                0x00008614       0x28 ..\..\PSoC Creator\4.1\Downloads ( 4.1).cylib\BLE_v3_40\Library\gccCyBLEStack_BLE_SOC_PERIPHERAL.a(ll.o)
                0x00008614                ll_enter_hibernate_mode

i.ll_enter_sm_mode
                0x0000863c       0x60
 i.ll_enter_sm_mode
                0x0000863c       0x60 ..\..\PSoC Creator\4.1\Downloads ( 4.1).cylib\BLE_v3_40\Library\gccCyBLEStack_BLE_SOC_PERIPHERAL.a(ll.o)
                0x0000863c                ll_enter_sm_mode

i.ll_exit_low_power_mode
                0x0000869c       0x84
 i.ll_exit_low_power_mode
                0x0000869c       0x84 ..\..\PSoC Creator\4.1\Downloads ( 4.1).cylib\BLE_v3_40\Library\gccCyBLEStack_BLE_SOC_PERIPHERAL.a(ll.o)
                0x0000869c                ll_exit_low_power_mode

i.ll_get_ack_status
                0x00008720       0x44
 i.ll_get_ack_status
                0x00008720       0x44 ..\..\PSoC Creator\4.1\Downloads ( 4.1).cylib\BLE_v3_40\Library\gccCyBLEStack_BLE_SOC_PERIPHERAL.a(ll.o)
                0x00008720                ll_get_ack_status

i.ll_get_ack_status_for_all_connections
                0x00008764       0x34
 i.ll_get_ack_status_for_all_connections
                0x00008764       0x34 ..\..\PSoC Creator\4.1\Downloads ( 4.1).cylib\BLE_v3_40\Library\gccCyBLEStack_BLE_SOC_PERIPHERAL.a(ll.o)
                0x00008764                ll_get_ack_status_for_all_connections

i.ll_get_adv_ch_tx_power
                0x00008798       0x20
 i.ll_get_adv_ch_tx_power
                0x00008798       0x20 ..\..\PSoC Creator\4.1\Downloads ( 4.1).cylib\BLE_v3_40\Library\gccCyBLEStack_BLE_SOC_PERIPHERAL.a(ll.o)
                0x00008798                ll_get_adv_ch_tx_power

i.ll_get_data_channel_map
                0x000087b8       0x28
 i.ll_get_data_channel_map
                0x000087b8       0x28 ..\..\PSoC Creator\4.1\Downloads ( 4.1).cylib\BLE_v3_40\Library\gccCyBLEStack_BLE_SOC_PERIPHERAL.a(ll.o)
                0x000087b8                ll_get_data_channel_map

i.ll_get_max_white_list_size
                0x000087e0        0xc
 i.ll_get_max_white_list_size
                0x000087e0        0xc ..\..\PSoC Creator\4.1\Downloads ( 4.1).cylib\BLE_v3_40\Library\gccCyBLEStack_BLE_SOC_PERIPHERAL.a(ll.o)
                0x000087e0                ll_get_max_white_list_size

i.ll_get_my_role
                0x000087ec        0xc
 i.ll_get_my_role
                0x000087ec        0xc ..\..\PSoC Creator\4.1\Downloads ( 4.1).cylib\BLE_v3_40\Library\gccCyBLEStack_BLE_SOC_PERIPHERAL.a(ll.o)
                0x000087ec                ll_get_my_role

i.ll_get_next_available_fifo_for_data_pdu
                0x000087f8        0x8
 i.ll_get_next_available_fifo_for_data_pdu
                0x000087f8        0x8 ..\..\PSoC Creator\4.1\Downloads ( 4.1).cylib\BLE_v3_40\Library\gccCyBLEStack_BLE_SOC_PERIPHERAL.a(ll.o)
                0x000087f8                ll_get_next_available_fifo_for_data_pdu

i.ll_get_next_available_fifo_for_ll_pdu
                0x00008800       0x2c
 i.ll_get_next_available_fifo_for_ll_pdu
                0x00008800       0x2c ..\..\PSoC Creator\4.1\Downloads ( 4.1).cylib\BLE_v3_40\Library\gccCyBLEStack_BLE_SOC_PERIPHERAL.a(ll.o)
                0x00008800                ll_get_next_available_fifo_for_ll_pdu

i.ll_get_rssi_value
                0x0000882c       0x26
 i.ll_get_rssi_value
                0x0000882c       0x26 ..\..\PSoC Creator\4.1\Downloads ( 4.1).cylib\BLE_v3_40\Library\gccCyBLEStack_BLE_SOC_PERIPHERAL.a(ll.o)
                0x0000882c                ll_get_rssi_value

i.ll_get_transmit_power_level
                0x00008854       0x2c
 i.ll_get_transmit_power_level
                0x00008854       0x2c ..\..\PSoC Creator\4.1\Downloads ( 4.1).cylib\BLE_v3_40\Library\gccCyBLEStack_BLE_SOC_PERIPHERAL.a(ll.o)
                0x00008854                ll_get_transmit_power_level

i.ll_handle_ack_received
                0x00008880       0x74
 i.ll_handle_ack_received
                0x00008880       0x74 ..\..\PSoC Creator\4.1\Downloads ( 4.1).cylib\BLE_v3_40\Library\gccCyBLEStack_BLE_SOC_PERIPHERAL.a(ll.o)
                0x00008880                ll_handle_ack_received

i.ll_handle_add_device_in_whitelist
                0x000088f4       0x50
 i.ll_handle_add_device_in_whitelist
                0x000088f4       0x50 ..\..\PSoC Creator\4.1\Downloads ( 4.1).cylib\BLE_v3_40\Library\gccCyBLEStack_BLE_SOC_PERIPHERAL.a(ll.o)
                0x000088f4                ll_handle_add_device_in_whitelist

i.ll_handle_clear_whitelist
                0x00008944       0x24
 i.ll_handle_clear_whitelist
                0x00008944       0x24 ..\..\PSoC Creator\4.1\Downloads ( 4.1).cylib\BLE_v3_40\Library\gccCyBLEStack_BLE_SOC_PERIPHERAL.a(ll.o)
                0x00008944                ll_handle_clear_whitelist

i.ll_handle_encrypt_host_data
                0x00008968       0x36
 i.ll_handle_encrypt_host_data
                0x00008968       0x36 ..\..\PSoC Creator\4.1\Downloads ( 4.1).cylib\BLE_v3_40\Library\gccCyBLEStack_BLE_SOC_PERIPHERAL.a(ll.o)
                0x00008968                ll_handle_encrypt_host_data

i.ll_handle_host_data_packet
                0x000089a0       0x9c
 i.ll_handle_host_data_packet
                0x000089a0       0x9c ..\..\PSoC Creator\4.1\Downloads ( 4.1).cylib\BLE_v3_40\Library\gccCyBLEStack_BLE_SOC_PERIPHERAL.a(ll.o)
                0x000089a0                ll_handle_host_data_packet

i.ll_handle_read_host_channel_map
                0x00008a3c        0x4
 i.ll_handle_read_host_channel_map
                0x00008a3c        0x4 ..\..\PSoC Creator\4.1\Downloads ( 4.1).cylib\BLE_v3_40\Library\gccCyBLEStack_BLE_SOC_PERIPHERAL.a(ll.o)
                0x00008a3c                ll_handle_read_host_channel_map

i.ll_handle_remove_device_in_whitelist
                0x00008a40       0x38
 i.ll_handle_remove_device_in_whitelist
                0x00008a40       0x38 ..\..\PSoC Creator\4.1\Downloads ( 4.1).cylib\BLE_v3_40\Library\gccCyBLEStack_BLE_SOC_PERIPHERAL.a(ll.o)
                0x00008a40                ll_handle_remove_device_in_whitelist

i.ll_handle_reset
                0x00008a78        0xe
 i.ll_handle_reset
                0x00008a78        0xe ..\..\PSoC Creator\4.1\Downloads ( 4.1).cylib\BLE_v3_40\Library\gccCyBLEStack_BLE_SOC_PERIPHERAL.a(ll.o)
                0x00008a78                ll_handle_reset

i.ll_handle_set_random_address
                0x00008a86       0x36
 i.ll_handle_set_random_address
                0x00008a86       0x36 ..\..\PSoC Creator\4.1\Downloads ( 4.1).cylib\BLE_v3_40\Library\gccCyBLEStack_BLE_SOC_PERIPHERAL.a(ll.o)
                0x00008a86                ll_handle_set_random_address

i.ll_init       0x00008abc       0x20
 i.ll_init      0x00008abc       0x20 ..\..\PSoC Creator\4.1\Downloads ( 4.1).cylib\BLE_v3_40\Library\gccCyBLEStack_BLE_SOC_PERIPHERAL.a(ll.o)
                0x00008abc                ll_init

i.ll_initialize_device_attributes
                0x00008adc       0xc0
 i.ll_initialize_device_attributes
                0x00008adc       0xc0 ..\..\PSoC Creator\4.1\Downloads ( 4.1).cylib\BLE_v3_40\Library\gccCyBLEStack_BLE_SOC_PERIPHERAL.a(ll.o)
                0x00008adc                ll_initialize_device_attributes

i.ll_is_pkt_pending
                0x00008b9c       0x2a
 i.ll_is_pkt_pending
                0x00008b9c       0x2a ..\..\PSoC Creator\4.1\Downloads ( 4.1).cylib\BLE_v3_40\Library\gccCyBLEStack_BLE_SOC_PERIPHERAL.a(ll.o)
                0x00008b9c                ll_is_pkt_pending

i.ll_is_sent_pkt_pending
                0x00008bc6       0x1a
 i.ll_is_sent_pkt_pending
                0x00008bc6       0x1a ..\..\PSoC Creator\4.1\Downloads ( 4.1).cylib\BLE_v3_40\Library\gccCyBLEStack_BLE_SOC_PERIPHERAL.a(ll.o)
                0x00008bc6                ll_is_sent_pkt_pending

i.ll_isr_exit_low_power_mode
                0x00008be0       0x16
 i.ll_isr_exit_low_power_mode
                0x00008be0       0x16 ..\..\PSoC Creator\4.1\Downloads ( 4.1).cylib\BLE_v3_40\Library\gccCyBLEStack_BLE_SOC_PERIPHERAL.a(ll.o)
                0x00008be0                ll_isr_exit_low_power_mode

i.ll_load_host_data_packet
                0x00008bf6       0x3c
 i.ll_load_host_data_packet
                0x00008bf6       0x3c ..\..\PSoC Creator\4.1\Downloads ( 4.1).cylib\BLE_v3_40\Library\gccCyBLEStack_BLE_SOC_PERIPHERAL.a(ll.o)
                0x00008bf6                ll_load_host_data_packet

i.ll_load_packet_to_fifo
                0x00008c34       0xc0
 i.ll_load_packet_to_fifo
                0x00008c34       0xc0 ..\..\PSoC Creator\4.1\Downloads ( 4.1).cylib\BLE_v3_40\Library\gccCyBLEStack_BLE_SOC_PERIPHERAL.a(ll.o)
                0x00008c34                ll_load_packet_to_fifo

i.ll_process_acks
                0x00008cf4       0x60
 i.ll_process_acks
                0x00008cf4       0x60 ..\..\PSoC Creator\4.1\Downloads ( 4.1).cylib\BLE_v3_40\Library\gccCyBLEStack_BLE_SOC_PERIPHERAL.a(ll.o)
                0x00008cf4                ll_process_acks

i.ll_reset      0x00008d54       0x14
 i.ll_reset     0x00008d54       0x14 ..\..\PSoC Creator\4.1\Downloads ( 4.1).cylib\BLE_v3_40\Library\gccCyBLEStack_BLE_SOC_PERIPHERAL.a(ll.o)
                0x00008d54                ll_reset

i.ll_update_active_features
                0x00008d68       0x58
 i.ll_update_active_features
                0x00008d68       0x58 ..\..\PSoC Creator\4.1\Downloads ( 4.1).cylib\BLE_v3_40\Library\gccCyBLEStack_BLE_SOC_PERIPHERAL.a(ll.o)
                0x00008d68                ll_update_active_features

i.ll_update_device_fsm
                0x00008dc0        0x8
 i.ll_update_device_fsm
                0x00008dc0        0x8 ..\..\PSoC Creator\4.1\Downloads ( 4.1).cylib\BLE_v3_40\Library\gccCyBLEStack_BLE_SOC_PERIPHERAL.a(ll.o)
                0x00008dc0                ll_update_device_fsm

i.ll_validate_add_device_to_whitelist_params
                0x00008dc8       0x14
 i.ll_validate_add_device_to_whitelist_params
                0x00008dc8       0x14 ..\..\PSoC Creator\4.1\Downloads ( 4.1).cylib\BLE_v3_40\Library\gccCyBLEStack_BLE_SOC_PERIPHERAL.a(ll.o)
                0x00008dc8                ll_validate_add_device_to_whitelist_params

i.ll_validate_bd_addr
                0x00008ddc       0x1a
 i.ll_validate_bd_addr
                0x00008ddc       0x1a ..\..\PSoC Creator\4.1\Downloads ( 4.1).cylib\BLE_v3_40\Library\gccCyBLEStack_BLE_SOC_PERIPHERAL.a(ll.o)
                0x00008ddc                ll_validate_bd_addr

i.ll_wait_to_enter_dsm
                0x00008df8       0x40
 i.ll_wait_to_enter_dsm
                0x00008df8       0x40 ..\..\PSoC Creator\4.1\Downloads ( 4.1).cylib\BLE_v3_40\Library\gccCyBLEStack_BLE_SOC_PERIPHERAL.a(ll.o)

i.ll_wait_to_exit_dsm
                0x00008e38       0x2c
 i.ll_wait_to_exit_dsm